yaml-lint-process	Set up job	2025-01-24T08:50:09.3926821Z Current runner version: '2.321.0'
yaml-lint-process	Set up job	2025-01-24T08:50:09.3933443Z Runner name: 'kaos-yamllint-1'
yaml-lint-process	Set up job	2025-01-24T08:50:09.3934481Z Runner group name: 'kaos-yamllint'
yaml-lint-process	Set up job	2025-01-24T08:50:09.3935657Z Machine name: 'dfff99a7683d'
yaml-lint-process	Set up job	2025-01-24T08:50:09.3938782Z ##[group]GITHUB_TOKEN Permissions
yaml-lint-process	Set up job	2025-01-24T08:50:09.3941061Z Actions: write
yaml-lint-process	Set up job	2025-01-24T08:50:09.3941614Z Contents: write
yaml-lint-process	Set up job	2025-01-24T08:50:09.3942094Z Issues: write
yaml-lint-process	Set up job	2025-01-24T08:50:09.3942566Z Metadata: read
yaml-lint-process	Set up job	2025-01-24T08:50:09.3943055Z PullRequests: write
yaml-lint-process	Set up job	2025-01-24T08:50:09.3943549Z ##[endgroup]
yaml-lint-process	Set up job	2025-01-24T08:50:09.3945977Z Secret source: Actions
yaml-lint-process	Set up job	2025-01-24T08:50:09.3946681Z Prepare workflow directory
yaml-lint-process	Set up job	2025-01-24T08:50:09.4533089Z Prepare all required actions
yaml-lint-process	Set up job	2025-01-24T08:50:09.4584812Z Getting action download info
yaml-lint-process	Set up job	2025-01-24T08:50:09.7353292Z Download action repository 'actions/checkout@v4' (SHA:11bd71901bbe5b1630ceea73d27597364c9af683)
yaml-lint-process	Set up job	2025-01-24T08:50:10.4340748Z Download action repository 'actions/setup-python@v5' (SHA:0b93645e9fea7318ecaed2b359559ac225c90a2b)
yaml-lint-process	Set up job	2025-01-24T08:50:11.4685539Z Complete job name: yaml-lint-process
yaml-lint-process	Run actions/checkout@v4	2025-01-24T08:50:11.5477352Z ##[group]Run actions/checkout@v4
yaml-lint-process	Run actions/checkout@v4	2025-01-24T08:50:11.5478802Z with:
yaml-lint-process	Run actions/checkout@v4	2025-01-24T08:50:11.5479503Z   fetch-depth: 0
yaml-lint-process	Run actions/checkout@v4	2025-01-24T08:50:11.5480804Z   token: ***
yaml-lint-process	Run actions/checkout@v4	2025-01-24T08:50:11.5481554Z   repository: SantaKa0S/kaos
yaml-lint-process	Run actions/checkout@v4	2025-01-24T08:50:11.5482695Z   ssh-strict: true
yaml-lint-process	Run actions/checkout@v4	2025-01-24T08:50:11.5483433Z   ssh-user: git
yaml-lint-process	Run actions/checkout@v4	2025-01-24T08:50:11.5484180Z   persist-credentials: true
yaml-lint-process	Run actions/checkout@v4	2025-01-24T08:50:11.5485042Z   clean: true
yaml-lint-process	Run actions/checkout@v4	2025-01-24T08:50:11.5486169Z   sparse-checkout-cone-mode: true
yaml-lint-process	Run actions/checkout@v4	2025-01-24T08:50:11.5487134Z   fetch-tags: false
yaml-lint-process	Run actions/checkout@v4	2025-01-24T08:50:11.5487904Z   show-progress: true
yaml-lint-process	Run actions/checkout@v4	2025-01-24T08:50:11.5488789Z   lfs: false
yaml-lint-process	Run actions/checkout@v4	2025-01-24T08:50:11.5489489Z   submodules: false
yaml-lint-process	Run actions/checkout@v4	2025-01-24T08:50:11.5490287Z   set-safe-directory: true
yaml-lint-process	Run actions/checkout@v4	2025-01-24T08:50:11.5491579Z env:
yaml-lint-process	Run actions/checkout@v4	2025-01-24T08:50:11.5492523Z   KAOS_MODULE: [Ka0S] YAMLLINT
yaml-lint-process	Run actions/checkout@v4	2025-01-24T08:50:11.5493796Z   GH_TOKEN: ***
yaml-lint-process	Run actions/checkout@v4	2025-01-24T08:50:11.5494973Z   KAOS_YAMLLINT_CONFIG: ***
yaml-lint-process	Run actions/checkout@v4	2025-01-24T08:50:11.5496297Z   KAOS_PATH_RESUME: core/results/
yaml-lint-process	Run actions/checkout@v4	2025-01-24T08:50:11.5497428Z   KAOS_REPO: /actions-runner/_work/kaos/kaos
yaml-lint-process	Run actions/checkout@v4	2025-01-24T08:50:11.5498485Z   KAOS_STEP_MODULE: 
yaml-lint-process	Run actions/checkout@v4	2025-01-24T08:50:11.5499230Z   KAOS_CODE: 12946295923
yaml-lint-process	Run actions/checkout@v4	2025-01-24T08:50:11.5500005Z ##[endgroup]
yaml-lint-process	Run actions/checkout@v4	2025-01-24T08:50:11.6823380Z Syncing repository: SantaKa0S/kaos
yaml-lint-process	Run actions/checkout@v4	2025-01-24T08:50:11.6828246Z ##[group]Getting Git version info
yaml-lint-process	Run actions/checkout@v4	2025-01-24T08:50:11.6829655Z Working directory is '/actions-runner/_work/kaos/kaos'
yaml-lint-process	Run actions/checkout@v4	2025-01-24T08:50:11.6831734Z [command]/usr/bin/git version
yaml-lint-process	Run actions/checkout@v4	2025-01-24T08:50:11.6832759Z git version 2.25.1
yaml-lint-process	Run actions/checkout@v4	2025-01-24T08:50:11.6836259Z ##[endgroup]
yaml-lint-process	Run actions/checkout@v4	2025-01-24T08:50:11.6861040Z Temporarily overriding HOME='/actions-runner/_work/_temp/a67b096a-817f-448b-aad3-e86cdd6c1ff0' before making global git config changes
yaml-lint-process	Run actions/checkout@v4	2025-01-24T08:50:11.6865601Z Adding repository directory to the temporary git global config as a safe directory
yaml-lint-process	Run actions/checkout@v4	2025-01-24T08:50:11.6868670Z [command]/usr/bin/git config --global --add safe.directory /actions-runner/_work/kaos/kaos
yaml-lint-process	Run actions/checkout@v4	2025-01-24T08:50:11.6927465Z [command]/usr/bin/git config --local --get remote.origin.url
yaml-lint-process	Run actions/checkout@v4	2025-01-24T08:50:11.6961835Z https://github.com/SantaKa0S/kaos
yaml-lint-process	Run actions/checkout@v4	2025-01-24T08:50:11.6987881Z ##[group]Removing previously created refs, to avoid conflicts
yaml-lint-process	Run actions/checkout@v4	2025-01-24T08:50:11.6994865Z [command]/usr/bin/git rev-parse --symbolic-full-name --verify --quiet HEAD
yaml-lint-process	Run actions/checkout@v4	2025-01-24T08:50:11.7020391Z refs/heads/H637-modulo-de-despliegue-de-kaos
yaml-lint-process	Run actions/checkout@v4	2025-01-24T08:50:11.7042115Z [command]/usr/bin/git checkout --detach
yaml-lint-process	Run actions/checkout@v4	2025-01-24T08:50:11.7109273Z HEAD is now at a6e7ef6 [Ka0S] se generan los ficheros commit-summary files-in-commit
yaml-lint-process	Run actions/checkout@v4	2025-01-24T08:50:11.7169583Z [command]/usr/bin/git branch --delete --force H637-modulo-de-despliegue-de-kaos
yaml-lint-process	Run actions/checkout@v4	2025-01-24T08:50:11.7202549Z Deleted branch H637-modulo-de-despliegue-de-kaos (was a6e7ef6).
yaml-lint-process	Run actions/checkout@v4	2025-01-24T08:50:11.7281897Z ##[endgroup]
yaml-lint-process	Run actions/checkout@v4	2025-01-24T08:50:11.7283770Z [command]/usr/bin/git submodule status
yaml-lint-process	Run actions/checkout@v4	2025-01-24T08:50:11.7607171Z ##[group]Cleaning the repository
yaml-lint-process	Run actions/checkout@v4	2025-01-24T08:50:11.7611066Z [command]/usr/bin/git clean -ffdx
yaml-lint-process	Run actions/checkout@v4	2025-01-24T08:50:11.7650385Z Removing core/results/yaml-lint-results-12928000616.txt
yaml-lint-process	Run actions/checkout@v4	2025-01-24T08:50:11.7663419Z [command]/usr/bin/git reset --hard HEAD
yaml-lint-process	Run actions/checkout@v4	2025-01-24T08:50:11.7722277Z HEAD is now at a6e7ef6 [Ka0S] se generan los ficheros commit-summary files-in-commit
yaml-lint-process	Run actions/checkout@v4	2025-01-24T08:50:11.7732750Z ##[endgroup]
yaml-lint-process	Run actions/checkout@v4	2025-01-24T08:50:11.7734387Z ##[group]Disabling automatic garbage collection
yaml-lint-process	Run actions/checkout@v4	2025-01-24T08:50:11.7738402Z [command]/usr/bin/git config --local gc.auto 0
yaml-lint-process	Run actions/checkout@v4	2025-01-24T08:50:11.7780450Z ##[endgroup]
yaml-lint-process	Run actions/checkout@v4	2025-01-24T08:50:11.7782600Z ##[group]Setting up auth
yaml-lint-process	Run actions/checkout@v4	2025-01-24T08:50:11.7784437Z [command]/usr/bin/git config --local --name-only --get-regexp core\.sshCommand
yaml-lint-process	Run actions/checkout@v4	2025-01-24T08:50:11.7823763Z [command]/usr/bin/git submodule foreach --recursive sh -c "git config --local --name-only --get-regexp 'core\.sshCommand' && git config --local --unset-all 'core.sshCommand' || :"
yaml-lint-process	Run actions/checkout@v4	2025-01-24T08:50:11.8255047Z [command]/usr/bin/git config --local --name-only --get-regexp http\.https\:\/\/github\.com\/\.extraheader
yaml-lint-process	Run actions/checkout@v4	2025-01-24T08:50:11.8339975Z [command]/usr/bin/git submodule foreach --recursive sh -c "git config --local --name-only --get-regexp 'http\.https\:\/\/github\.com\/\.extraheader' && git config --local --unset-all 'http.https://github.com/.extraheader' || :"
yaml-lint-process	Run actions/checkout@v4	2025-01-24T08:50:11.8762714Z [command]/usr/bin/git config --local http.https://github.com/.extraheader AUTHORIZATION: basic ***
yaml-lint-process	Run actions/checkout@v4	2025-01-24T08:50:11.8888649Z ##[endgroup]
yaml-lint-process	Run actions/checkout@v4	2025-01-24T08:50:11.8948361Z ##[group]Fetching the repository
yaml-lint-process	Run actions/checkout@v4	2025-01-24T08:50:11.8961253Z [command]/usr/bin/git -c protocol.version=2 fetch --prune --no-recurse-submodules origin +refs/heads/*:refs/remotes/origin/* +refs/tags/*:refs/tags/*
yaml-lint-process	Run actions/checkout@v4	2025-01-24T08:50:12.3993403Z From https://github.com/SantaKa0S/kaos
yaml-lint-process	Run actions/checkout@v4	2025-01-24T08:50:12.3994871Z  - [deleted]         (none)     -> origin/H633-modulo-de-execution
yaml-lint-process	Run actions/checkout@v4	2025-01-24T08:50:12.8702755Z  * [new branch]      H823-ka0s-init-module-failed-in-12932778824 -> origin/H823-ka0s-init-module-failed-in-12932778824
yaml-lint-process	Run actions/checkout@v4	2025-01-24T08:50:12.8711340Z    11c5797..989a38e  main       -> origin/main
yaml-lint-process	Run actions/checkout@v4	2025-01-24T08:50:12.8774950Z [command]/usr/bin/git branch --list --remote origin/H823-ka0s-init-module-failed-in-12932778824
yaml-lint-process	Run actions/checkout@v4	2025-01-24T08:50:12.8806269Z   origin/H823-ka0s-init-module-failed-in-12932778824
yaml-lint-process	Run actions/checkout@v4	2025-01-24T08:50:12.8815584Z [command]/usr/bin/git rev-parse refs/remotes/origin/H823-ka0s-init-module-failed-in-12932778824
yaml-lint-process	Run actions/checkout@v4	2025-01-24T08:50:12.8843047Z 8f3901e6f922f0f873c4f5593e75ad79addf0d96
yaml-lint-process	Run actions/checkout@v4	2025-01-24T08:50:12.8846448Z ##[endgroup]
yaml-lint-process	Run actions/checkout@v4	2025-01-24T08:50:12.8847001Z ##[group]Determining the checkout info
yaml-lint-process	Run actions/checkout@v4	2025-01-24T08:50:12.8849080Z ##[endgroup]
yaml-lint-process	Run actions/checkout@v4	2025-01-24T08:50:12.8849740Z ##[group]Checking out the ref
yaml-lint-process	Run actions/checkout@v4	2025-01-24T08:50:12.8857748Z [command]/usr/bin/git checkout --progress --force -B H823-ka0s-init-module-failed-in-12932778824 refs/remotes/origin/H823-ka0s-init-module-failed-in-12932778824
yaml-lint-process	Run actions/checkout@v4	2025-01-24T08:50:12.9309442Z Previous HEAD position was a6e7ef6 [Ka0S] se generan los ficheros commit-summary files-in-commit
yaml-lint-process	Run actions/checkout@v4	2025-01-24T08:50:12.9321007Z Switched to a new branch 'H823-ka0s-init-module-failed-in-12932778824'
yaml-lint-process	Run actions/checkout@v4	2025-01-24T08:50:12.9322227Z Branch 'H823-ka0s-init-module-failed-in-12932778824' set up to track remote branch 'H823-ka0s-init-module-failed-in-12932778824' from 'origin'.
yaml-lint-process	Run actions/checkout@v4	2025-01-24T08:50:12.9332505Z ##[endgroup]
yaml-lint-process	Run actions/checkout@v4	2025-01-24T08:50:12.9375036Z [command]/usr/bin/git log -1 --format=%H
yaml-lint-process	Run actions/checkout@v4	2025-01-24T08:50:12.9405516Z 8f3901e6f922f0f873c4f5593e75ad79addf0d96
yaml-lint-process	Run actions/setup-python@v5	2025-01-24T08:50:12.9635009Z ##[group]Run actions/setup-python@v5
yaml-lint-process	Run actions/setup-python@v5	2025-01-24T08:50:12.9635645Z with:
yaml-lint-process	Run actions/setup-python@v5	2025-01-24T08:50:12.9635887Z   python-version: 3.x
yaml-lint-process	Run actions/setup-python@v5	2025-01-24T08:50:12.9636167Z   check-latest: false
yaml-lint-process	Run actions/setup-python@v5	2025-01-24T08:50:12.9636726Z   token: ***
yaml-lint-process	Run actions/setup-python@v5	2025-01-24T08:50:12.9636976Z   update-environment: true
yaml-lint-process	Run actions/setup-python@v5	2025-01-24T08:50:12.9637271Z   allow-prereleases: false
yaml-lint-process	Run actions/setup-python@v5	2025-01-24T08:50:12.9637542Z env:
yaml-lint-process	Run actions/setup-python@v5	2025-01-24T08:50:12.9637771Z   KAOS_MODULE: [Ka0S] YAMLLINT
yaml-lint-process	Run actions/setup-python@v5	2025-01-24T08:50:12.9638139Z   GH_TOKEN: ***
yaml-lint-process	Run actions/setup-python@v5	2025-01-24T08:50:12.9638491Z   KAOS_YAMLLINT_CONFIG: ***
yaml-lint-process	Run actions/setup-python@v5	2025-01-24T08:50:12.9638787Z   KAOS_PATH_RESUME: core/results/
yaml-lint-process	Run actions/setup-python@v5	2025-01-24T08:50:12.9639336Z   KAOS_REPO: /actions-runner/_work/kaos/kaos
yaml-lint-process	Run actions/setup-python@v5	2025-01-24T08:50:12.9639671Z   KAOS_STEP_MODULE: 
yaml-lint-process	Run actions/setup-python@v5	2025-01-24T08:50:12.9639926Z   KAOS_CODE: 12946295923
yaml-lint-process	Run actions/setup-python@v5	2025-01-24T08:50:12.9640187Z ##[endgroup]
yaml-lint-process	Run actions/setup-python@v5	2025-01-24T08:50:13.1609294Z ##[group]Installed versions
yaml-lint-process	Run actions/setup-python@v5	2025-01-24T08:50:13.1669396Z Successfully set up CPython (3.13.1)
yaml-lint-process	Run actions/setup-python@v5	2025-01-24T08:50:13.1678856Z ##[endgroup]
yaml-lint-process	Run python -m pip install yamllint	2025-01-24T08:50:13.1807826Z ##[group]Run python -m pip install yamllint
yaml-lint-process	Run python -m pip install yamllint	2025-01-24T08:50:13.1808493Z [36;1mpython -m pip install yamllint[0m
yaml-lint-process	Run python -m pip install yamllint	2025-01-24T08:50:13.1828946Z shell: /usr/bin/bash -e {0}
yaml-lint-process	Run python -m pip install yamllint	2025-01-24T08:50:13.1829445Z env:
yaml-lint-process	Run python -m pip install yamllint	2025-01-24T08:50:13.1829729Z   KAOS_MODULE: [Ka0S] YAMLLINT
yaml-lint-process	Run python -m pip install yamllint	2025-01-24T08:50:13.1830468Z   GH_TOKEN: ***
yaml-lint-process	Run python -m pip install yamllint	2025-01-24T08:50:13.1831049Z   KAOS_YAMLLINT_CONFIG: ***
yaml-lint-process	Run python -m pip install yamllint	2025-01-24T08:50:13.1831455Z   KAOS_PATH_RESUME: core/results/
yaml-lint-process	Run python -m pip install yamllint	2025-01-24T08:50:13.1831976Z   KAOS_REPO: /actions-runner/_work/kaos/kaos
yaml-lint-process	Run python -m pip install yamllint	2025-01-24T08:50:13.1832359Z   KAOS_STEP_MODULE: 
yaml-lint-process	Run python -m pip install yamllint	2025-01-24T08:50:13.1832657Z   KAOS_CODE: 12946295923
yaml-lint-process	Run python -m pip install yamllint	2025-01-24T08:50:13.1833092Z   pythonLocation: /actions-runner/_work/_tool/Python/3.13.1/x64
yaml-lint-process	Run python -m pip install yamllint	2025-01-24T08:50:13.1833708Z   PKG_CONFIG_PATH: /actions-runner/_work/_tool/Python/3.13.1/x64/lib/pkgconfig
yaml-lint-process	Run python -m pip install yamllint	2025-01-24T08:50:13.1834302Z   Python_ROOT_DIR: /actions-runner/_work/_tool/Python/3.13.1/x64
yaml-lint-process	Run python -m pip install yamllint	2025-01-24T08:50:13.1834825Z   Python2_ROOT_DIR: /actions-runner/_work/_tool/Python/3.13.1/x64
yaml-lint-process	Run python -m pip install yamllint	2025-01-24T08:50:13.1835925Z   Python3_ROOT_DIR: /actions-runner/_work/_tool/Python/3.13.1/x64
yaml-lint-process	Run python -m pip install yamllint	2025-01-24T08:50:13.1836462Z   LD_LIBRARY_PATH: /actions-runner/_work/_tool/Python/3.13.1/x64/lib
yaml-lint-process	Run python -m pip install yamllint	2025-01-24T08:50:13.1836891Z ##[endgroup]
yaml-lint-process	Run python -m pip install yamllint	2025-01-24T08:50:13.6366903Z Requirement already satisfied: yamllint in /actions-runner/_work/_tool/Python/3.13.1/x64/lib/python3.13/site-packages (1.35.1)
yaml-lint-process	Run python -m pip install yamllint	2025-01-24T08:50:13.6386433Z Requirement already satisfied: pathspec>=0.5.3 in /actions-runner/_work/_tool/Python/3.13.1/x64/lib/python3.13/site-packages (from yamllint) (0.12.1)
yaml-lint-process	Run python -m pip install yamllint	2025-01-24T08:50:13.6392828Z Requirement already satisfied: pyyaml in /actions-runner/_work/_tool/Python/3.13.1/x64/lib/python3.13/site-packages (from yamllint) (6.0.2)
yaml-lint-process	Run # Invocamos la primera comprobaci√≥n de base, sino se supera el proceso no continua	2025-01-24T08:50:13.8547416Z ##[group]Run # Invocamos la primera comprobaci√≥n de base, sino se supera el proceso no continua
yaml-lint-process	Run # Invocamos la primera comprobaci√≥n de base, sino se supera el proceso no continua	2025-01-24T08:50:13.8548309Z [36;1m# Invocamos la primera comprobaci√≥n de base, sino se supera el proceso no continua[0m
yaml-lint-process	Run # Invocamos la primera comprobaci√≥n de base, sino se supera el proceso no continua	2025-01-24T08:50:13.8548792Z [36;1m# Ejecutamos el comando[0m
yaml-lint-process	Run # Invocamos la primera comprobaci√≥n de base, sino se supera el proceso no continua	2025-01-24T08:50:13.8549630Z [36;1myamllint -c *** ".github/workflows/ka0s.yaml" > core/results/yaml-lint-results-12946295923.txt 2>&1 || true[0m
yaml-lint-process	Run # Invocamos la primera comprobaci√≥n de base, sino se supera el proceso no continua	2025-01-24T08:50:13.8550213Z [36;1m  # Check if exist errors in file[0m
yaml-lint-process	Run # Invocamos la primera comprobaci√≥n de base, sino se supera el proceso no continua	2025-01-24T08:50:13.8550622Z [36;1m  if [ ! -s core/results/yaml-lint-results-12946295923.txt ]; then[0m
yaml-lint-process	Run # Invocamos la primera comprobaci√≥n de base, sino se supera el proceso no continua	2025-01-24T08:50:13.8551202Z [36;1m    # Todo ha salido bien, a√±adimos el comentario a la issue y saltamos al siguiente paso[0m
yaml-lint-process	Run # Invocamos la primera comprobaci√≥n de base, sino se supera el proceso no continua	2025-01-24T08:50:13.8551821Z [36;1m    # A√±adimos la versi√≥n de yamllint con la que se realiza la comprobacion[0m
yaml-lint-process	Run # Invocamos la primera comprobaci√≥n de base, sino se supera el proceso no continua	2025-01-24T08:50:13.8552380Z [36;1m    yamllint --version >> core/results/yaml-lint-results-12946295923.txt[0m
yaml-lint-process	Run # Invocamos la primera comprobaci√≥n de base, sino se supera el proceso no continua	2025-01-24T08:50:13.8552935Z [36;1m    # a√±adimos el nombre del fichero que vamos a comprobar[0m
yaml-lint-process	Run # Invocamos la primera comprobaci√≥n de base, sino se supera el proceso no continua	2025-01-24T08:50:13.8553578Z [36;1m    echo "Finding: .github/workflows/ka0s.yaml" >> core/results/yaml-lint-results-12946295923.txt[0m
yaml-lint-process	Run # Invocamos la primera comprobaci√≥n de base, sino se supera el proceso no continua	2025-01-24T08:50:13.8554781Z [36;1m    KAOS_ISSUE_BODY="The [Ka0S] YAMLLINT process (12946293746) launch the check (12946295923) over file (.github/workflows/ka0s.yaml) and its result has been SUCCESS. Please review all files implicated in pull request and approve to merge"[0m
yaml-lint-process	Run # Invocamos la primera comprobaci√≥n de base, sino se supera el proceso no continua	2025-01-24T08:50:13.8556819Z [36;1m    gh workflow run issue.yaml --ref refs/heads/H823-ka0s-init-module-failed-in-12932778824 -f kaos-issue-title="" -f kaos-issue-body="$KAOS_ISSUE_BODY" -f kaos-issue-actions=comment -f kaos-issue-tag="" -f kaos-issue-id=823[0m
yaml-lint-process	Run # Invocamos la primera comprobaci√≥n de base, sino se supera el proceso no continua	2025-01-24T08:50:13.8558068Z [36;1m    gh issue comment  823 -F core/results/yaml-lint-results-12946295923.txt [0m
yaml-lint-process	Run # Invocamos la primera comprobaci√≥n de base, sino se supera el proceso no continua	2025-01-24T08:50:13.8558958Z [36;1m    # una vez finalizado este proceso, en funcion del modulo donde esta ubicado el fichero que se ha comprobado ejecutara un jobs u otro                [0m
yaml-lint-process	Run # Invocamos la primera comprobaci√≥n de base, sino se supera el proceso no continua	2025-01-24T08:50:13.8560180Z [36;1m  else[0m
yaml-lint-process	Run # Invocamos la primera comprobaci√≥n de base, sino se supera el proceso no continua	2025-01-24T08:50:13.8560622Z [36;1m    # Algo no ha salido bien, a√±adimos el comentario a la issue y saltamos al siguiente paso[0m
yaml-lint-process	Run # Invocamos la primera comprobaci√≥n de base, sino se supera el proceso no continua	2025-01-24T08:50:13.8561258Z [36;1m    # A√±adimos la versi√≥n de yamllint con la que se realiza la comprobacion[0m
yaml-lint-process	Run # Invocamos la primera comprobaci√≥n de base, sino se supera el proceso no continua	2025-01-24T08:50:13.8561865Z [36;1m    yamllint --version >> core/results/yaml-lint-results-12946295923.txt[0m
yaml-lint-process	Run # Invocamos la primera comprobaci√≥n de base, sino se supera el proceso no continua	2025-01-24T08:50:13.8562407Z [36;1m    # a√±adimos el nombre del fichero que vamos a comprobar[0m
yaml-lint-process	Run # Invocamos la primera comprobaci√≥n de base, sino se supera el proceso no continua	2025-01-24T08:50:13.8563171Z [36;1m    echo "Finding: .github/workflows/ka0s.yaml" >> core/results/yaml-lint-results-12946295923.txt[0m
yaml-lint-process	Run # Invocamos la primera comprobaci√≥n de base, sino se supera el proceso no continua	2025-01-24T08:50:13.8564224Z [36;1m    KAOS_ISSUE_BODY="The [Ka0S] YAMLLINT process (12946293746) launch the check (12946295923) over file (.github/workflows/ka0s.yaml) and its result has been FAILED, please check and solved it"[0m
yaml-lint-process	Run # Invocamos la primera comprobaci√≥n de base, sino se supera el proceso no continua	2025-01-24T08:50:13.8566222Z [36;1m    gh workflow run issue.yaml --ref refs/heads/H823-ka0s-init-module-failed-in-12932778824 -f kaos-issue-title="" -f kaos-issue-body="$KAOS_ISSUE_BODY" -f kaos-issue-actions=comment -f kaos-issue-tag="" -f kaos-issue-id=823[0m
yaml-lint-process	Run # Invocamos la primera comprobaci√≥n de base, sino se supera el proceso no continua	2025-01-24T08:50:13.8567394Z [36;1m    gh issue comment  823 -F core/results/yaml-lint-results-12946295923.txt[0m
yaml-lint-process	Run # Invocamos la primera comprobaci√≥n de base, sino se supera el proceso no continua	2025-01-24T08:50:13.8568189Z [36;1m    # una vez finalizado este proceso, en funcion del modulo donde esta ubicado el ficher que se ha comprobado ejecutara un jobs u otro [0m
yaml-lint-process	Run # Invocamos la primera comprobaci√≥n de base, sino se supera el proceso no continua	2025-01-24T08:50:13.8568815Z [36;1m  fi[0m
yaml-lint-process	Run # Invocamos la primera comprobaci√≥n de base, sino se supera el proceso no continua	2025-01-24T08:50:13.8578738Z shell: /usr/bin/bash -e {0}
yaml-lint-process	Run # Invocamos la primera comprobaci√≥n de base, sino se supera el proceso no continua	2025-01-24T08:50:13.8579057Z env:
yaml-lint-process	Run # Invocamos la primera comprobaci√≥n de base, sino se supera el proceso no continua	2025-01-24T08:50:13.8579289Z   KAOS_MODULE: [Ka0S] YAMLLINT
yaml-lint-process	Run # Invocamos la primera comprobaci√≥n de base, sino se supera el proceso no continua	2025-01-24T08:50:13.8579858Z   GH_TOKEN: ***
yaml-lint-process	Run # Invocamos la primera comprobaci√≥n de base, sino se supera el proceso no continua	2025-01-24T08:50:13.8580211Z   KAOS_YAMLLINT_CONFIG: ***
yaml-lint-process	Run # Invocamos la primera comprobaci√≥n de base, sino se supera el proceso no continua	2025-01-24T08:50:13.8580498Z   KAOS_PATH_RESUME: core/results/
yaml-lint-process	Run # Invocamos la primera comprobaci√≥n de base, sino se supera el proceso no continua	2025-01-24T08:50:13.8580816Z   KAOS_REPO: /actions-runner/_work/kaos/kaos
yaml-lint-process	Run # Invocamos la primera comprobaci√≥n de base, sino se supera el proceso no continua	2025-01-24T08:50:13.8581134Z   KAOS_STEP_MODULE: 
yaml-lint-process	Run # Invocamos la primera comprobaci√≥n de base, sino se supera el proceso no continua	2025-01-24T08:50:13.8581410Z   KAOS_CODE: 12946295923
yaml-lint-process	Run # Invocamos la primera comprobaci√≥n de base, sino se supera el proceso no continua	2025-01-24T08:50:13.8581780Z   pythonLocation: /actions-runner/_work/_tool/Python/3.13.1/x64
yaml-lint-process	Run # Invocamos la primera comprobaci√≥n de base, sino se supera el proceso no continua	2025-01-24T08:50:13.8582682Z   PKG_CONFIG_PATH: /actions-runner/_work/_tool/Python/3.13.1/x64/lib/pkgconfig
yaml-lint-process	Run # Invocamos la primera comprobaci√≥n de base, sino se supera el proceso no continua	2025-01-24T08:50:13.8583196Z   Python_ROOT_DIR: /actions-runner/_work/_tool/Python/3.13.1/x64
yaml-lint-process	Run # Invocamos la primera comprobaci√≥n de base, sino se supera el proceso no continua	2025-01-24T08:50:13.8583667Z   Python2_ROOT_DIR: /actions-runner/_work/_tool/Python/3.13.1/x64
yaml-lint-process	Run # Invocamos la primera comprobaci√≥n de base, sino se supera el proceso no continua	2025-01-24T08:50:13.8584170Z   Python3_ROOT_DIR: /actions-runner/_work/_tool/Python/3.13.1/x64
yaml-lint-process	Run # Invocamos la primera comprobaci√≥n de base, sino se supera el proceso no continua	2025-01-24T08:50:13.8584679Z   LD_LIBRARY_PATH: /actions-runner/_work/_tool/Python/3.13.1/x64/lib
yaml-lint-process	Run # Invocamos la primera comprobaci√≥n de base, sino se supera el proceso no continua	2025-01-24T08:50:13.8585090Z ##[endgroup]
yaml-lint-process	Run # Invocamos la primera comprobaci√≥n de base, sino se supera el proceso no continua	2025-01-24T08:50:15.9771452Z https://github.com/SantaKa0S/kaos/issues/823#issuecomment-2611985667
yaml-lint-process	Post Run actions/setup-python@v5	2025-01-24T08:50:15.9886614Z Post job cleanup.
yaml-lint-process	Post Run actions/checkout@v4	2025-01-24T08:50:16.1735646Z Post job cleanup.
yaml-lint-process	Post Run actions/checkout@v4	2025-01-24T08:50:16.2776167Z [command]/usr/bin/git version
yaml-lint-process	Post Run actions/checkout@v4	2025-01-24T08:50:16.2817614Z git version 2.25.1
yaml-lint-process	Post Run actions/checkout@v4	2025-01-24T08:50:16.2871132Z Temporarily overriding HOME='/actions-runner/_work/_temp/5d838f4e-5829-4217-a7b5-bc4805448c91' before making global git config changes
yaml-lint-process	Post Run actions/checkout@v4	2025-01-24T08:50:16.2872360Z Adding repository directory to the temporary git global config as a safe directory
yaml-lint-process	Post Run actions/checkout@v4	2025-01-24T08:50:16.2884217Z [command]/usr/bin/git config --global --add safe.directory /actions-runner/_work/kaos/kaos
yaml-lint-process	Post Run actions/checkout@v4	2025-01-24T08:50:16.2923951Z [command]/usr/bin/git config --local --name-only --get-regexp core\.sshCommand
yaml-lint-process	Post Run actions/checkout@v4	2025-01-24T08:50:16.2969485Z [command]/usr/bin/git submodule foreach --recursive sh -c "git config --local --name-only --get-regexp 'core\.sshCommand' && git config --local --unset-all 'core.sshCommand' || :"
yaml-lint-process	Post Run actions/checkout@v4	2025-01-24T08:50:16.3337240Z [command]/usr/bin/git config --local --name-only --get-regexp http\.https\:\/\/github\.com\/\.extraheader
yaml-lint-process	Post Run actions/checkout@v4	2025-01-24T08:50:16.3367390Z http.https://github.com/.extraheader
yaml-lint-process	Post Run actions/checkout@v4	2025-01-24T08:50:16.3382345Z [command]/usr/bin/git config --local --unset-all http.https://github.com/.extraheader
yaml-lint-process	Post Run actions/checkout@v4	2025-01-24T08:50:16.3424686Z [command]/usr/bin/git submodule foreach --recursive sh -c "git config --local --name-only --get-regexp 'http\.https\:\/\/github\.com\/\.extraheader' && git config --local --unset-all 'http.https://github.com/.extraheader' || :"
yaml-lint-process	Complete job	2025-01-24T08:50:16.3917868Z Cleaning up orphan processes
end-workflow	Set up job	2025-01-24T08:50:26.6159478Z Current runner version: '2.321.0'
end-workflow	Set up job	2025-01-24T08:50:26.6173275Z Runner name: 'kaos-execution-3'
end-workflow	Set up job	2025-01-24T08:50:26.6174347Z Runner group name: 'kaos-execution'
end-workflow	Set up job	2025-01-24T08:50:26.6175675Z Machine name: 'fd5b6b14f657'
end-workflow	Set up job	2025-01-24T08:50:26.6178968Z ##[group]GITHUB_TOKEN Permissions
end-workflow	Set up job	2025-01-24T08:50:26.6182617Z Actions: write
end-workflow	Set up job	2025-01-24T08:50:26.6183225Z Contents: write
end-workflow	Set up job	2025-01-24T08:50:26.6183725Z Issues: write
end-workflow	Set up job	2025-01-24T08:50:26.6184230Z Metadata: read
end-workflow	Set up job	2025-01-24T08:50:26.6184752Z PullRequests: write
end-workflow	Set up job	2025-01-24T08:50:26.6185418Z ##[endgroup]
end-workflow	Set up job	2025-01-24T08:50:26.6189040Z Secret source: Actions
end-workflow	Set up job	2025-01-24T08:50:26.6190065Z Prepare workflow directory
end-workflow	Set up job	2025-01-24T08:50:26.6873018Z Prepare all required actions
end-workflow	Set up job	2025-01-24T08:50:26.6941928Z Complete job name: end-workflow
end-workflow	Finaliza el workflow	2025-01-24T08:50:26.7550147Z ##[group]Run echo "End process"
end-workflow	Finaliza el workflow	2025-01-24T08:50:26.7551231Z [36;1mecho "End process"[0m
end-workflow	Finaliza el workflow	2025-01-24T08:50:26.7552927Z [36;1mgh workflow run inspector.yaml --ref refs/heads/H823-ka0s-init-module-failed-in-12932778824 -f kaos-issue-id="823" -f kaos-workflow-id="12946295923" -f kaos-user-start="santakloud"[0m
end-workflow	Finaliza el workflow	2025-01-24T08:50:26.7581675Z shell: /usr/bin/bash -e {0}
end-workflow	Finaliza el workflow	2025-01-24T08:50:26.7582917Z env:
end-workflow	Finaliza el workflow	2025-01-24T08:50:26.7583449Z   KAOS_MODULE: [Ka0S] YAMLLINT
end-workflow	Finaliza el workflow	2025-01-24T08:50:26.7584409Z   GH_TOKEN: ***
end-workflow	Finaliza el workflow	2025-01-24T08:50:26.7585139Z   KAOS_YAMLLINT_CONFIG: ***
end-workflow	Finaliza el workflow	2025-01-24T08:50:26.7585908Z   KAOS_PATH_RESUME: core/results/
end-workflow	Finaliza el workflow	2025-01-24T08:50:26.7586585Z   KAOS_REPO: /actions-runner/_work/kaos/kaos
end-workflow	Finaliza el workflow	2025-01-24T08:50:26.7587276Z   KAOS_STEP_MODULE: 
end-workflow	Finaliza el workflow	2025-01-24T08:50:26.7587816Z   KAOS_CODE: 12946295923
end-workflow	Finaliza el workflow	2025-01-24T08:50:26.7588371Z ##[endgroup]
end-workflow	Finaliza el workflow	2025-01-24T08:50:26.7791397Z End process
end-workflow	Complete job	2025-01-24T08:50:27.5058204Z Cleaning up orphan processes
