kaos-issue-process	Set up job	2025-01-24T10:29:54.3807169Z Current runner version: '2.321.0'
kaos-issue-process	Set up job	2025-01-24T10:29:54.3816948Z Runner name: 'ksos-issue-3'
kaos-issue-process	Set up job	2025-01-24T10:29:54.3817820Z Runner group name: 'kaos-issue'
kaos-issue-process	Set up job	2025-01-24T10:29:54.3818838Z Machine name: '96d7b84031ed'
kaos-issue-process	Set up job	2025-01-24T10:29:54.3822314Z ##[group]GITHUB_TOKEN Permissions
kaos-issue-process	Set up job	2025-01-24T10:29:54.3826428Z Actions: write
kaos-issue-process	Set up job	2025-01-24T10:29:54.3827068Z Contents: write
kaos-issue-process	Set up job	2025-01-24T10:29:54.3827576Z Issues: write
kaos-issue-process	Set up job	2025-01-24T10:29:54.3828051Z Metadata: read
kaos-issue-process	Set up job	2025-01-24T10:29:54.3828557Z PullRequests: write
kaos-issue-process	Set up job	2025-01-24T10:29:54.3829069Z ##[endgroup]
kaos-issue-process	Set up job	2025-01-24T10:29:54.3832287Z Secret source: Actions
kaos-issue-process	Set up job	2025-01-24T10:29:54.3833319Z Prepare workflow directory
kaos-issue-process	Set up job	2025-01-24T10:29:54.4559185Z Prepare all required actions
kaos-issue-process	Set up job	2025-01-24T10:29:54.4610996Z Getting action download info
kaos-issue-process	Set up job	2025-01-24T10:29:54.6921411Z Download action repository 'actions/checkout@v4' (SHA:11bd71901bbe5b1630ceea73d27597364c9af683)
kaos-issue-process	Set up job	2025-01-24T10:29:55.4848727Z Complete job name: kaos-issue-process
kaos-issue-process	Run actions/checkout@v4	2025-01-24T10:29:55.5416226Z ##[group]Run actions/checkout@v4
kaos-issue-process	Run actions/checkout@v4	2025-01-24T10:29:55.5417708Z with:
kaos-issue-process	Run actions/checkout@v4	2025-01-24T10:29:55.5418184Z   fetch-depth: 0
kaos-issue-process	Run actions/checkout@v4	2025-01-24T10:29:55.5418994Z   token: ***
kaos-issue-process	Run actions/checkout@v4	2025-01-24T10:29:55.5419474Z   repository: SantaKa0S/kaos
kaos-issue-process	Run actions/checkout@v4	2025-01-24T10:29:55.5420021Z   ssh-strict: true
kaos-issue-process	Run actions/checkout@v4	2025-01-24T10:29:55.5420543Z   ssh-user: git
kaos-issue-process	Run actions/checkout@v4	2025-01-24T10:29:55.5421043Z   persist-credentials: true
kaos-issue-process	Run actions/checkout@v4	2025-01-24T10:29:55.5421588Z   clean: true
kaos-issue-process	Run actions/checkout@v4	2025-01-24T10:29:55.5422086Z   sparse-checkout-cone-mode: true
kaos-issue-process	Run actions/checkout@v4	2025-01-24T10:29:55.5422720Z   fetch-tags: false
kaos-issue-process	Run actions/checkout@v4	2025-01-24T10:29:55.5423242Z   show-progress: true
kaos-issue-process	Run actions/checkout@v4	2025-01-24T10:29:55.5423755Z   lfs: false
kaos-issue-process	Run actions/checkout@v4	2025-01-24T10:29:55.5424249Z   submodules: false
kaos-issue-process	Run actions/checkout@v4	2025-01-24T10:29:55.5424771Z   set-safe-directory: true
kaos-issue-process	Run actions/checkout@v4	2025-01-24T10:29:55.5426527Z env:
kaos-issue-process	Run actions/checkout@v4	2025-01-24T10:29:55.5427071Z   KAOS_MODULE: [Ka0S] ISSUE
kaos-issue-process	Run actions/checkout@v4	2025-01-24T10:29:55.5427951Z   GH_TOKEN: ***
kaos-issue-process	Run actions/checkout@v4	2025-01-24T10:29:55.5428652Z   BRANCH_NAME: refs/heads/H823-ka0s-init-module-failed-in-12932778824
kaos-issue-process	Run actions/checkout@v4	2025-01-24T10:29:55.5429556Z   KAOS_REPO: /actions-runner/_work/kaos/kaos
kaos-issue-process	Run actions/checkout@v4	2025-01-24T10:29:55.5430319Z   KAOS_STEP_MODULE: 
kaos-issue-process	Run actions/checkout@v4	2025-01-24T10:29:55.5430852Z   KAOS_CODE: 12947851235
kaos-issue-process	Run actions/checkout@v4	2025-01-24T10:29:55.5431498Z ##[endgroup]
kaos-issue-process	Run actions/checkout@v4	2025-01-24T10:29:55.6772996Z Syncing repository: SantaKa0S/kaos
kaos-issue-process	Run actions/checkout@v4	2025-01-24T10:29:55.6777005Z ##[group]Getting Git version info
kaos-issue-process	Run actions/checkout@v4	2025-01-24T10:29:55.6777802Z Working directory is '/actions-runner/_work/kaos/kaos'
kaos-issue-process	Run actions/checkout@v4	2025-01-24T10:29:55.6778949Z [command]/usr/bin/git version
kaos-issue-process	Run actions/checkout@v4	2025-01-24T10:29:55.6779470Z git version 2.25.1
kaos-issue-process	Run actions/checkout@v4	2025-01-24T10:29:55.6781367Z ##[endgroup]
kaos-issue-process	Run actions/checkout@v4	2025-01-24T10:29:55.6787325Z Temporarily overriding HOME='/actions-runner/_work/_temp/50681ba2-7985-46fc-92f9-2bdf3d0bb20d' before making global git config changes
kaos-issue-process	Run actions/checkout@v4	2025-01-24T10:29:55.6788758Z Adding repository directory to the temporary git global config as a safe directory
kaos-issue-process	Run actions/checkout@v4	2025-01-24T10:29:55.6789870Z [command]/usr/bin/git config --global --add safe.directory /actions-runner/_work/kaos/kaos
kaos-issue-process	Run actions/checkout@v4	2025-01-24T10:29:55.6830904Z [command]/usr/bin/git config --local --get remote.origin.url
kaos-issue-process	Run actions/checkout@v4	2025-01-24T10:29:55.6869368Z https://github.com/SantaKa0S/kaos
kaos-issue-process	Run actions/checkout@v4	2025-01-24T10:29:55.6888557Z ##[group]Removing previously created refs, to avoid conflicts
kaos-issue-process	Run actions/checkout@v4	2025-01-24T10:29:55.6893319Z [command]/usr/bin/git rev-parse --symbolic-full-name --verify --quiet HEAD
kaos-issue-process	Run actions/checkout@v4	2025-01-24T10:29:55.6920542Z refs/heads/H823-ka0s-init-module-failed-in-12932778824
kaos-issue-process	Run actions/checkout@v4	2025-01-24T10:29:55.6930545Z [command]/usr/bin/git checkout --detach
kaos-issue-process	Run actions/checkout@v4	2025-01-24T10:29:55.7030083Z HEAD is now at e8b37bc [Ka0S] se generan los ficheros commit-summary files-in-commit
kaos-issue-process	Run actions/checkout@v4	2025-01-24T10:29:55.7090400Z [command]/usr/bin/git branch --delete --force H823-ka0s-init-module-failed-in-12932778824
kaos-issue-process	Run actions/checkout@v4	2025-01-24T10:29:55.7127352Z Deleted branch H823-ka0s-init-module-failed-in-12932778824 (was e8b37bc).
kaos-issue-process	Run actions/checkout@v4	2025-01-24T10:29:55.7212386Z ##[endgroup]
kaos-issue-process	Run actions/checkout@v4	2025-01-24T10:29:55.7213036Z [command]/usr/bin/git submodule status
kaos-issue-process	Run actions/checkout@v4	2025-01-24T10:29:55.7527156Z ##[group]Cleaning the repository
kaos-issue-process	Run actions/checkout@v4	2025-01-24T10:29:55.7529994Z [command]/usr/bin/git clean -ffdx
kaos-issue-process	Run actions/checkout@v4	2025-01-24T10:29:55.7577519Z [command]/usr/bin/git reset --hard HEAD
kaos-issue-process	Run actions/checkout@v4	2025-01-24T10:29:55.7638952Z HEAD is now at e8b37bc [Ka0S] se generan los ficheros commit-summary files-in-commit
kaos-issue-process	Run actions/checkout@v4	2025-01-24T10:29:55.7651364Z ##[endgroup]
kaos-issue-process	Run actions/checkout@v4	2025-01-24T10:29:55.7652242Z ##[group]Disabling automatic garbage collection
kaos-issue-process	Run actions/checkout@v4	2025-01-24T10:29:55.7653001Z [command]/usr/bin/git config --local gc.auto 0
kaos-issue-process	Run actions/checkout@v4	2025-01-24T10:29:55.7687307Z ##[endgroup]
kaos-issue-process	Run actions/checkout@v4	2025-01-24T10:29:55.7688163Z ##[group]Setting up auth
kaos-issue-process	Run actions/checkout@v4	2025-01-24T10:29:55.7688961Z [command]/usr/bin/git config --local --name-only --get-regexp core\.sshCommand
kaos-issue-process	Run actions/checkout@v4	2025-01-24T10:29:55.7733338Z [command]/usr/bin/git submodule foreach --recursive sh -c "git config --local --name-only --get-regexp 'core\.sshCommand' && git config --local --unset-all 'core.sshCommand' || :"
kaos-issue-process	Run actions/checkout@v4	2025-01-24T10:29:55.8089454Z [command]/usr/bin/git config --local --name-only --get-regexp http\.https\:\/\/github\.com\/\.extraheader
kaos-issue-process	Run actions/checkout@v4	2025-01-24T10:29:55.8124347Z [command]/usr/bin/git submodule foreach --recursive sh -c "git config --local --name-only --get-regexp 'http\.https\:\/\/github\.com\/\.extraheader' && git config --local --unset-all 'http.https://github.com/.extraheader' || :"
kaos-issue-process	Run actions/checkout@v4	2025-01-24T10:29:55.8431573Z [command]/usr/bin/git config --local http.https://github.com/.extraheader AUTHORIZATION: basic ***
kaos-issue-process	Run actions/checkout@v4	2025-01-24T10:29:55.8477494Z ##[endgroup]
kaos-issue-process	Run actions/checkout@v4	2025-01-24T10:29:55.8478423Z ##[group]Fetching the repository
kaos-issue-process	Run actions/checkout@v4	2025-01-24T10:29:55.8485585Z [command]/usr/bin/git -c protocol.version=2 fetch --prune --no-recurse-submodules origin +refs/heads/*:refs/remotes/origin/* +refs/tags/*:refs/tags/*
kaos-issue-process	Run actions/checkout@v4	2025-01-24T10:29:56.6272369Z From https://github.com/SantaKa0S/kaos
kaos-issue-process	Run actions/checkout@v4	2025-01-24T10:29:56.6276155Z    e8b37bc..dd67727  H823-ka0s-init-module-failed-in-12932778824 -> origin/H823-ka0s-init-module-failed-in-12932778824
kaos-issue-process	Run actions/checkout@v4	2025-01-24T10:29:56.6356103Z [command]/usr/bin/git branch --list --remote origin/H823-ka0s-init-module-failed-in-12932778824
kaos-issue-process	Run actions/checkout@v4	2025-01-24T10:29:56.6383136Z   origin/H823-ka0s-init-module-failed-in-12932778824
kaos-issue-process	Run actions/checkout@v4	2025-01-24T10:29:56.6395463Z [command]/usr/bin/git rev-parse refs/remotes/origin/H823-ka0s-init-module-failed-in-12932778824
kaos-issue-process	Run actions/checkout@v4	2025-01-24T10:29:56.6421575Z dd67727615b94f4d2cc9efeb52565c1dbb057af7
kaos-issue-process	Run actions/checkout@v4	2025-01-24T10:29:56.6437160Z [command]/usr/bin/git -c protocol.version=2 fetch --no-tags --prune --no-recurse-submodules origin +e8b37bc792359a8ec6ef5a2eee4e15e70df7b15a:refs/remotes/origin/H823-ka0s-init-module-failed-in-12932778824
kaos-issue-process	Run actions/checkout@v4	2025-01-24T10:29:56.6718432Z From https://github.com/SantaKa0S/kaos
kaos-issue-process	Run actions/checkout@v4	2025-01-24T10:29:56.6721726Z  + dd67727...e8b37bc e8b37bc792359a8ec6ef5a2eee4e15e70df7b15a -> origin/H823-ka0s-init-module-failed-in-12932778824  (forced update)
kaos-issue-process	Run actions/checkout@v4	2025-01-24T10:29:56.6744723Z ##[endgroup]
kaos-issue-process	Run actions/checkout@v4	2025-01-24T10:29:56.6746740Z ##[group]Determining the checkout info
kaos-issue-process	Run actions/checkout@v4	2025-01-24T10:29:56.6748613Z ##[endgroup]
kaos-issue-process	Run actions/checkout@v4	2025-01-24T10:29:56.6750097Z ##[group]Checking out the ref
kaos-issue-process	Run actions/checkout@v4	2025-01-24T10:29:56.6756042Z [command]/usr/bin/git checkout --progress --force -B H823-ka0s-init-module-failed-in-12932778824 refs/remotes/origin/H823-ka0s-init-module-failed-in-12932778824
kaos-issue-process	Run actions/checkout@v4	2025-01-24T10:29:56.6818367Z Switched to a new branch 'H823-ka0s-init-module-failed-in-12932778824'
kaos-issue-process	Run actions/checkout@v4	2025-01-24T10:29:56.6822650Z Branch 'H823-ka0s-init-module-failed-in-12932778824' set up to track remote branch 'H823-ka0s-init-module-failed-in-12932778824' from 'origin'.
kaos-issue-process	Run actions/checkout@v4	2025-01-24T10:29:56.6829585Z ##[endgroup]
kaos-issue-process	Run actions/checkout@v4	2025-01-24T10:29:56.6862304Z [command]/usr/bin/git log -1 --format=%H
kaos-issue-process	Run actions/checkout@v4	2025-01-24T10:29:56.6903097Z e8b37bc792359a8ec6ef5a2eee4e15e70df7b15a
kaos-issue-process	Run # Extraemos el error	2025-01-24T10:29:56.7120495Z ##[group]Run # Extraemos el error
kaos-issue-process	Run # Extraemos el error	2025-01-24T10:29:56.7121856Z [36;1m# Extraemos el error[0m
kaos-issue-process	Run # Extraemos el error	2025-01-24T10:29:56.7123142Z [36;1m# gh run view 12947848127 --log-failed > 12947848127.log[0m
kaos-issue-process	Run # Extraemos el error	2025-01-24T10:29:56.7124938Z [36;1m# echo "KAOS_WORFLOW_LOG=$(cat 12947848127.log)" >> $GITHUB_OUTPUT[0m
kaos-issue-process	Run # Extraemos el error	2025-01-24T10:29:56.7138084Z shell: /usr/bin/bash -e {0}
kaos-issue-process	Run # Extraemos el error	2025-01-24T10:29:56.7139142Z env:
kaos-issue-process	Run # Extraemos el error	2025-01-24T10:29:56.7139913Z   KAOS_MODULE: [Ka0S] ISSUE
kaos-issue-process	Run # Extraemos el error	2025-01-24T10:29:56.7141387Z   GH_TOKEN: ***
kaos-issue-process	Run # Extraemos el error	2025-01-24T10:29:56.7142652Z   BRANCH_NAME: refs/heads/H823-ka0s-init-module-failed-in-12932778824
kaos-issue-process	Run # Extraemos el error	2025-01-24T10:29:56.7144258Z   KAOS_REPO: /actions-runner/_work/kaos/kaos
kaos-issue-process	Run # Extraemos el error	2025-01-24T10:29:56.7145888Z   KAOS_STEP_MODULE: 
kaos-issue-process	Run # Extraemos el error	2025-01-24T10:29:56.7146762Z   KAOS_CODE: 12947851235
kaos-issue-process	Run # Extraemos el error	2025-01-24T10:29:56.7147659Z ##[endgroup]
kaos-issue-process	Run # Lo primero comprobar la acci√≥n que queremos realizar	2025-01-24T10:29:56.7312533Z ##[group]Run # Lo primero comprobar la acci√≥n que queremos realizar
kaos-issue-process	Run # Lo primero comprobar la acci√≥n que queremos realizar	2025-01-24T10:29:56.7314328Z [36;1m# Lo primero comprobar la acci√≥n que queremos realizar[0m
kaos-issue-process	Run # Lo primero comprobar la acci√≥n que queremos realizar	2025-01-24T10:29:56.7315845Z [36;1mecho "El usuario culpable es: santakloud"[0m
kaos-issue-process	Run # Lo primero comprobar la acci√≥n que queremos realizar	2025-01-24T10:29:56.7317044Z [36;1mcase comment in[0m
kaos-issue-process	Run # Lo primero comprobar la acci√≥n que queremos realizar	2025-01-24T10:29:56.7317913Z [36;1m    create)[0m
kaos-issue-process	Run # Lo primero comprobar la acci√≥n que queremos realizar	2025-01-24T10:29:56.7319421Z [36;1m        # Abrimos la petici√≥n y pasamos el issue ID a la variable de repositorio KAOS_ISSUE_ID[0m
kaos-issue-process	Run # Lo primero comprobar la acci√≥n que queremos realizar	2025-01-24T10:29:56.7324593Z [36;1m        gh issue create -t "Kaos Issue Title Example" -b "The [Ka0S] YAMLLINT process (12947845068) launch the check (12947848127) over file (.github/workflows/inspector.yaml) and its result has been SUCCESS. Please review all files implicated in pull request and approve to merge" -l "bug" -a "santakloud"[0m
kaos-issue-process	Run # Lo primero comprobar la acci√≥n que queremos realizar	2025-01-24T10:29:56.7329111Z [36;1m        if [[ -z "" ]]; then[0m
kaos-issue-process	Run # Lo primero comprobar la acci√≥n que queremos realizar	2025-01-24T10:29:56.7330357Z [36;1m          echo "No se ha encontrado el log de la ejecuci√≥n"[0m
kaos-issue-process	Run # Lo primero comprobar la acci√≥n que queremos realizar	2025-01-24T10:29:56.7331657Z [36;1m        else[0m
kaos-issue-process	Run # Lo primero comprobar la acci√≥n que queremos realizar	2025-01-24T10:29:56.7332603Z [36;1m          gh issue comment 823 --body-file ""[0m
kaos-issue-process	Run # Lo primero comprobar la acci√≥n que queremos realizar	2025-01-24T10:29:56.7333729Z [36;1m        fi[0m
kaos-issue-process	Run # Lo primero comprobar la acci√≥n que queremos realizar	2025-01-24T10:29:56.7334505Z [36;1m        ;;[0m
kaos-issue-process	Run # Lo primero comprobar la acci√≥n que queremos realizar	2025-01-24T10:29:56.7335327Z [36;1m    comment)[0m
kaos-issue-process	Run # Lo primero comprobar la acci√≥n que queremos realizar	2025-01-24T10:29:56.7336445Z [36;1m        # A√±adimos comentarios a issue en concreto o ficheros[0m
kaos-issue-process	Run # Lo primero comprobar la acci√≥n que queremos realizar	2025-01-24T10:29:56.7337777Z [36;1m        if [[ -z "" ]]; then[0m
kaos-issue-process	Run # Lo primero comprobar la acci√≥n que queremos realizar	2025-01-24T10:29:56.7341604Z [36;1m          gh issue comment 823 -b "The [Ka0S] YAMLLINT process (12947845068) launch the check (12947848127) over file (.github/workflows/inspector.yaml) and its result has been SUCCESS. Please review all files implicated in pull request and approve to merge"[0m
kaos-issue-process	Run # Lo primero comprobar la acci√≥n que queremos realizar	2025-01-24T10:29:56.7345443Z [36;1m        else[0m
kaos-issue-process	Run # Lo primero comprobar la acci√≥n que queremos realizar	2025-01-24T10:29:56.7346402Z [36;1m          gh issue comment 823 --body-file ""[0m
kaos-issue-process	Run # Lo primero comprobar la acci√≥n que queremos realizar	2025-01-24T10:29:56.7347813Z [36;1m          # Esta opci√≥n se a√±adira m√°s adelante --body-file ""[0m
kaos-issue-process	Run # Lo primero comprobar la acci√≥n que queremos realizar	2025-01-24T10:29:56.7349106Z [36;1m        fi[0m
kaos-issue-process	Run # Lo primero comprobar la acci√≥n que queremos realizar	2025-01-24T10:29:56.7349893Z [36;1m      ;;[0m
kaos-issue-process	Run # Lo primero comprobar la acci√≥n que queremos realizar	2025-01-24T10:29:56.7350647Z [36;1m    close)[0m
kaos-issue-process	Run # Lo primero comprobar la acci√≥n que queremos realizar	2025-01-24T10:29:56.7351546Z [36;1m        # Cerramos una issue finalizada[0m
kaos-issue-process	Run # Lo primero comprobar la acci√≥n que queremos realizar	2025-01-24T10:29:56.7353122Z [36;1m        gh issue close 823 -c "Issue: 823 closed by  santakloud" -r "completed"[0m
kaos-issue-process	Run # Lo primero comprobar la acci√≥n que queremos realizar	2025-01-24T10:29:56.7354612Z [36;1m      ;;[0m
kaos-issue-process	Run # Lo primero comprobar la acci√≥n que queremos realizar	2025-01-24T10:29:56.7355414Z [36;1m    reopen)[0m
kaos-issue-process	Run # Lo primero comprobar la acci√≥n que queremos realizar	2025-01-24T10:29:56.7356464Z [36;1m        # Reabrimos una issue que no ha sido solucionada[0m
kaos-issue-process	Run # Lo primero comprobar la acci√≥n que queremos realizar	2025-01-24T10:29:56.7357816Z [36;1m        title="Kaos Issue Title Example"[0m
kaos-issue-process	Run # Lo primero comprobar la acci√≥n que queremos realizar	2025-01-24T10:29:56.7359043Z [36;1m        if [[ "$title" == *"[SUCCESS]"* ]]; then[0m
kaos-issue-process	Run # Lo primero comprobar la acci√≥n que queremos realizar	2025-01-24T10:29:56.7360298Z [36;1m          echo "Found [SUCCESS] in the title"[0m
kaos-issue-process	Run # Lo primero comprobar la acci√≥n que queremos realizar	2025-01-24T10:29:56.7361593Z [36;1m          new_title="${title//[SUCCESS]/[FAILED]}"[0m
kaos-issue-process	Run # Lo primero comprobar la acci√≥n que queremos realizar	2025-01-24T10:29:56.7362943Z [36;1m          echo "new_title=$new_title" >> $GITHUB_ENV[0m
kaos-issue-process	Run # Lo primero comprobar la acci√≥n que queremos realizar	2025-01-24T10:29:56.7364113Z [36;1m        fi[0m
kaos-issue-process	Run # Lo primero comprobar la acci√≥n que queremos realizar	2025-01-24T10:29:56.7365248Z [36;1m        gh issue reopen 823 -c "Reopen Issue: 823 by  santakloud"[0m
kaos-issue-process	Run # Lo primero comprobar la acci√≥n que queremos realizar	2025-01-24T10:29:56.7366829Z [36;1m        gh issue edit 823 -t "$new_title"[0m
kaos-issue-process	Run # Lo primero comprobar la acci√≥n que queremos realizar	2025-01-24T10:29:56.7368130Z [36;1m        gh issue edit 823 --remove-label "resolved"[0m
kaos-issue-process	Run # Lo primero comprobar la acci√≥n que queremos realizar	2025-01-24T10:29:56.7369320Z [36;1m      ;;[0m
kaos-issue-process	Run # Lo primero comprobar la acci√≥n que queremos realizar	2025-01-24T10:29:56.7370069Z [36;1m    *)[0m
kaos-issue-process	Run # Lo primero comprobar la acci√≥n que queremos realizar	2025-01-24T10:29:56.7370939Z [36;1m        # Si no es alguna de las anteriores[0m
kaos-issue-process	Run # Lo primero comprobar la acci√≥n que queremos realizar	2025-01-24T10:29:56.7372388Z [36;1m        # el modulo de issues fallara y creara una issue propia  [0m
kaos-issue-process	Run # Lo primero comprobar la acci√≥n que queremos realizar	2025-01-24T10:29:56.7373725Z [36;1m      ;;[0m
kaos-issue-process	Run # Lo primero comprobar la acci√≥n que queremos realizar	2025-01-24T10:29:56.7374477Z [36;1mesac[0m
kaos-issue-process	Run # Lo primero comprobar la acci√≥n que queremos realizar	2025-01-24T10:29:56.7381938Z shell: /usr/bin/bash -e {0}
kaos-issue-process	Run # Lo primero comprobar la acci√≥n que queremos realizar	2025-01-24T10:29:56.7382855Z env:
kaos-issue-process	Run # Lo primero comprobar la acci√≥n que queremos realizar	2025-01-24T10:29:56.7383559Z   KAOS_MODULE: [Ka0S] ISSUE
kaos-issue-process	Run # Lo primero comprobar la acci√≥n que queremos realizar	2025-01-24T10:29:56.7384822Z   GH_TOKEN: ***
kaos-issue-process	Run # Lo primero comprobar la acci√≥n que queremos realizar	2025-01-24T10:29:56.7386239Z   BRANCH_NAME: refs/heads/H823-ka0s-init-module-failed-in-12932778824
kaos-issue-process	Run # Lo primero comprobar la acci√≥n que queremos realizar	2025-01-24T10:29:56.7387757Z   KAOS_REPO: /actions-runner/_work/kaos/kaos
kaos-issue-process	Run # Lo primero comprobar la acci√≥n que queremos realizar	2025-01-24T10:29:56.7389055Z   KAOS_STEP_MODULE: 
kaos-issue-process	Run # Lo primero comprobar la acci√≥n que queremos realizar	2025-01-24T10:29:56.7389873Z   KAOS_CODE: 12947851235
kaos-issue-process	Run # Lo primero comprobar la acci√≥n que queremos realizar	2025-01-24T10:29:56.7390703Z ##[endgroup]
kaos-issue-process	Run # Lo primero comprobar la acci√≥n que queremos realizar	2025-01-24T10:29:56.7428944Z El usuario culpable es: santakloud
kaos-issue-process	Run # Lo primero comprobar la acci√≥n que queremos realizar	2025-01-24T10:29:57.7650572Z https://github.com/SantaKa0S/kaos/issues/823#issuecomment-2612191638
kaos-issue-process	Post Run actions/checkout@v4	2025-01-24T10:29:57.8040187Z Post job cleanup.
kaos-issue-process	Post Run actions/checkout@v4	2025-01-24T10:29:57.9292721Z [command]/usr/bin/git version
kaos-issue-process	Post Run actions/checkout@v4	2025-01-24T10:29:57.9339654Z git version 2.25.1
kaos-issue-process	Post Run actions/checkout@v4	2025-01-24T10:29:57.9428364Z Temporarily overriding HOME='/actions-runner/_work/_temp/bb235648-c2e5-4bce-baa2-adc11585c136' before making global git config changes
kaos-issue-process	Post Run actions/checkout@v4	2025-01-24T10:29:57.9431268Z Adding repository directory to the temporary git global config as a safe directory
kaos-issue-process	Post Run actions/checkout@v4	2025-01-24T10:29:57.9433410Z [command]/usr/bin/git config --global --add safe.directory /actions-runner/_work/kaos/kaos
kaos-issue-process	Post Run actions/checkout@v4	2025-01-24T10:29:57.9560206Z [command]/usr/bin/git config --local --name-only --get-regexp core\.sshCommand
kaos-issue-process	Post Run actions/checkout@v4	2025-01-24T10:29:57.9564429Z [command]/usr/bin/git submodule foreach --recursive sh -c "git config --local --name-only --get-regexp 'core\.sshCommand' && git config --local --unset-all 'core.sshCommand' || :"
kaos-issue-process	Post Run actions/checkout@v4	2025-01-24T10:29:57.9943718Z [command]/usr/bin/git config --local --name-only --get-regexp http\.https\:\/\/github\.com\/\.extraheader
kaos-issue-process	Post Run actions/checkout@v4	2025-01-24T10:29:57.9971321Z http.https://github.com/.extraheader
kaos-issue-process	Post Run actions/checkout@v4	2025-01-24T10:29:57.9986806Z [command]/usr/bin/git config --local --unset-all http.https://github.com/.extraheader
kaos-issue-process	Post Run actions/checkout@v4	2025-01-24T10:29:58.0037239Z [command]/usr/bin/git submodule foreach --recursive sh -c "git config --local --name-only --get-regexp 'http\.https\:\/\/github\.com\/\.extraheader' && git config --local --unset-all 'http.https://github.com/.extraheader' || :"
kaos-issue-process	Complete job	2025-01-24T10:29:58.0538959Z Evaluate and set job outputs
kaos-issue-process	Complete job	2025-01-24T10:29:58.0549256Z Cleaning up orphan processes
end-workflow	Set up job	2025-01-24T10:30:18.3052868Z Current runner version: '2.321.0'
end-workflow	Set up job	2025-01-24T10:30:18.3062446Z Runner name: 'ksos-issue-3'
end-workflow	Set up job	2025-01-24T10:30:18.3063649Z Runner group name: 'kaos-issue'
end-workflow	Set up job	2025-01-24T10:30:18.3066647Z Machine name: '96d7b84031ed'
end-workflow	Set up job	2025-01-24T10:30:18.3069868Z ##[group]GITHUB_TOKEN Permissions
end-workflow	Set up job	2025-01-24T10:30:18.3073522Z Actions: write
end-workflow	Set up job	2025-01-24T10:30:18.3074116Z Contents: write
end-workflow	Set up job	2025-01-24T10:30:18.3074616Z Issues: write
end-workflow	Set up job	2025-01-24T10:30:18.3075097Z Metadata: read
end-workflow	Set up job	2025-01-24T10:30:18.3075982Z PullRequests: write
end-workflow	Set up job	2025-01-24T10:30:18.3076506Z ##[endgroup]
end-workflow	Set up job	2025-01-24T10:30:18.3079436Z Secret source: Actions
end-workflow	Set up job	2025-01-24T10:30:18.3080243Z Prepare workflow directory
end-workflow	Set up job	2025-01-24T10:30:18.3776445Z Prepare all required actions
end-workflow	Set up job	2025-01-24T10:30:18.3883785Z Complete job name: end-workflow
end-workflow	Finaliza el workflow	2025-01-24T10:30:18.4943553Z ##[group]Run echo "End process"
end-workflow	Finaliza el workflow	2025-01-24T10:30:18.4944846Z [36;1mecho "End process"[0m
end-workflow	Finaliza el workflow	2025-01-24T10:30:18.4946869Z [36;1mgh workflow run inspector.yaml --ref refs/heads/H823-ka0s-init-module-failed-in-12932778824 -f kaos-issue-id="823" -f kaos-workflow-id="12947851235" -f kaos-user-start="santakloud"[0m
end-workflow	Finaliza el workflow	2025-01-24T10:30:18.4973468Z shell: /usr/bin/bash -e {0}
end-workflow	Finaliza el workflow	2025-01-24T10:30:18.4974509Z env:
end-workflow	Finaliza el workflow	2025-01-24T10:30:18.4975006Z   KAOS_MODULE: [Ka0S] ISSUE
end-workflow	Finaliza el workflow	2025-01-24T10:30:18.4976259Z   GH_TOKEN: ***
end-workflow	Finaliza el workflow	2025-01-24T10:30:18.4976987Z   BRANCH_NAME: refs/heads/H823-ka0s-init-module-failed-in-12932778824
end-workflow	Finaliza el workflow	2025-01-24T10:30:18.4977974Z   KAOS_REPO: /actions-runner/_work/kaos/kaos
end-workflow	Finaliza el workflow	2025-01-24T10:30:18.4978623Z   KAOS_STEP_MODULE: 
end-workflow	Finaliza el workflow	2025-01-24T10:30:18.4979133Z   KAOS_CODE: 12947851235
end-workflow	Finaliza el workflow	2025-01-24T10:30:18.4979663Z ##[endgroup]
end-workflow	Finaliza el workflow	2025-01-24T10:30:18.5289154Z End process
end-workflow	Complete job	2025-01-24T10:30:19.2933524Z Cleaning up orphan processes
