kaos-issue-process	Set up job	2025-01-24T10:29:46.1892812Z Current runner version: '2.321.0'
kaos-issue-process	Set up job	2025-01-24T10:29:46.1902667Z Runner name: 'kaos-issue-4'
kaos-issue-process	Set up job	2025-01-24T10:29:46.1903630Z Runner group name: 'kaos-issue'
kaos-issue-process	Set up job	2025-01-24T10:29:46.1904640Z Machine name: '6a0436fe5834'
kaos-issue-process	Set up job	2025-01-24T10:29:46.1908050Z ##[group]GITHUB_TOKEN Permissions
kaos-issue-process	Set up job	2025-01-24T10:29:46.1912045Z Actions: write
kaos-issue-process	Set up job	2025-01-24T10:29:46.1912718Z Contents: write
kaos-issue-process	Set up job	2025-01-24T10:29:46.1913245Z Issues: write
kaos-issue-process	Set up job	2025-01-24T10:29:46.1913736Z Metadata: read
kaos-issue-process	Set up job	2025-01-24T10:29:46.1914272Z PullRequests: write
kaos-issue-process	Set up job	2025-01-24T10:29:46.1914862Z ##[endgroup]
kaos-issue-process	Set up job	2025-01-24T10:29:46.1919018Z Secret source: Actions
kaos-issue-process	Set up job	2025-01-24T10:29:46.1920223Z Prepare workflow directory
kaos-issue-process	Set up job	2025-01-24T10:29:46.2764489Z Prepare all required actions
kaos-issue-process	Set up job	2025-01-24T10:29:46.2834881Z Getting action download info
kaos-issue-process	Set up job	2025-01-24T10:29:46.5051291Z Download action repository 'actions/checkout@v4' (SHA:11bd71901bbe5b1630ceea73d27597364c9af683)
kaos-issue-process	Set up job	2025-01-24T10:29:47.3492704Z Complete job name: kaos-issue-process
kaos-issue-process	Run actions/checkout@v4	2025-01-24T10:29:47.4404618Z ##[group]Run actions/checkout@v4
kaos-issue-process	Run actions/checkout@v4	2025-01-24T10:29:47.4406616Z with:
kaos-issue-process	Run actions/checkout@v4	2025-01-24T10:29:47.4407144Z   fetch-depth: 0
kaos-issue-process	Run actions/checkout@v4	2025-01-24T10:29:47.4408115Z   token: ***
kaos-issue-process	Run actions/checkout@v4	2025-01-24T10:29:47.4408652Z   repository: SantaKa0S/kaos
kaos-issue-process	Run actions/checkout@v4	2025-01-24T10:29:47.4409215Z   ssh-strict: true
kaos-issue-process	Run actions/checkout@v4	2025-01-24T10:29:47.4409717Z   ssh-user: git
kaos-issue-process	Run actions/checkout@v4	2025-01-24T10:29:47.4410198Z   persist-credentials: true
kaos-issue-process	Run actions/checkout@v4	2025-01-24T10:29:47.4412528Z   clean: true
kaos-issue-process	Run actions/checkout@v4	2025-01-24T10:29:47.4413084Z   sparse-checkout-cone-mode: true
kaos-issue-process	Run actions/checkout@v4	2025-01-24T10:29:47.4413717Z   fetch-tags: false
kaos-issue-process	Run actions/checkout@v4	2025-01-24T10:29:47.4414236Z   show-progress: true
kaos-issue-process	Run actions/checkout@v4	2025-01-24T10:29:47.4414767Z   lfs: false
kaos-issue-process	Run actions/checkout@v4	2025-01-24T10:29:47.4415382Z   submodules: false
kaos-issue-process	Run actions/checkout@v4	2025-01-24T10:29:47.4415990Z   set-safe-directory: true
kaos-issue-process	Run actions/checkout@v4	2025-01-24T10:29:47.4417766Z env:
kaos-issue-process	Run actions/checkout@v4	2025-01-24T10:29:47.4418314Z   KAOS_MODULE: [Ka0S] ISSUE
kaos-issue-process	Run actions/checkout@v4	2025-01-24T10:29:47.4419270Z   GH_TOKEN: ***
kaos-issue-process	Run actions/checkout@v4	2025-01-24T10:29:47.4420009Z   BRANCH_NAME: refs/heads/H823-ka0s-init-module-failed-in-12932778824
kaos-issue-process	Run actions/checkout@v4	2025-01-24T10:29:47.4420988Z   KAOS_REPO: /actions-runner/_work/kaos/kaos
kaos-issue-process	Run actions/checkout@v4	2025-01-24T10:29:47.4421913Z   KAOS_STEP_MODULE: 
kaos-issue-process	Run actions/checkout@v4	2025-01-24T10:29:47.4422579Z   KAOS_CODE: 12947849219
kaos-issue-process	Run actions/checkout@v4	2025-01-24T10:29:47.4423210Z ##[endgroup]
kaos-issue-process	Run actions/checkout@v4	2025-01-24T10:29:47.6579488Z Syncing repository: SantaKa0S/kaos
kaos-issue-process	Run actions/checkout@v4	2025-01-24T10:29:47.6582080Z ##[group]Getting Git version info
kaos-issue-process	Run actions/checkout@v4	2025-01-24T10:29:47.6582897Z Working directory is '/actions-runner/_work/kaos/kaos'
kaos-issue-process	Run actions/checkout@v4	2025-01-24T10:29:47.6648826Z [command]/usr/bin/git version
kaos-issue-process	Run actions/checkout@v4	2025-01-24T10:29:47.6700409Z git version 2.25.1
kaos-issue-process	Run actions/checkout@v4	2025-01-24T10:29:47.6752898Z ##[endgroup]
kaos-issue-process	Run actions/checkout@v4	2025-01-24T10:29:47.6794917Z Temporarily overriding HOME='/actions-runner/_work/_temp/a27c2b0d-d7d4-4fab-849d-f164af53b1d4' before making global git config changes
kaos-issue-process	Run actions/checkout@v4	2025-01-24T10:29:47.6797102Z Adding repository directory to the temporary git global config as a safe directory
kaos-issue-process	Run actions/checkout@v4	2025-01-24T10:29:47.6798379Z [command]/usr/bin/git config --global --add safe.directory /actions-runner/_work/kaos/kaos
kaos-issue-process	Run actions/checkout@v4	2025-01-24T10:29:47.6854887Z [command]/usr/bin/git config --local --get remote.origin.url
kaos-issue-process	Run actions/checkout@v4	2025-01-24T10:29:47.6902530Z https://github.com/SantaKa0S/kaos
kaos-issue-process	Run actions/checkout@v4	2025-01-24T10:29:47.6926460Z ##[group]Removing previously created refs, to avoid conflicts
kaos-issue-process	Run actions/checkout@v4	2025-01-24T10:29:47.6932742Z [command]/usr/bin/git rev-parse --symbolic-full-name --verify --quiet HEAD
kaos-issue-process	Run actions/checkout@v4	2025-01-24T10:29:47.6969962Z refs/heads/H823-ka0s-init-module-failed-in-12932778824
kaos-issue-process	Run actions/checkout@v4	2025-01-24T10:29:47.6996013Z [command]/usr/bin/git checkout --detach
kaos-issue-process	Run actions/checkout@v4	2025-01-24T10:29:47.7105262Z HEAD is now at e8b37bc [Ka0S] se generan los ficheros commit-summary files-in-commit
kaos-issue-process	Run actions/checkout@v4	2025-01-24T10:29:47.7191225Z [command]/usr/bin/git branch --delete --force H823-ka0s-init-module-failed-in-12932778824
kaos-issue-process	Run actions/checkout@v4	2025-01-24T10:29:47.7233119Z Deleted branch H823-ka0s-init-module-failed-in-12932778824 (was e8b37bc).
kaos-issue-process	Run actions/checkout@v4	2025-01-24T10:29:47.7318078Z ##[endgroup]
kaos-issue-process	Run actions/checkout@v4	2025-01-24T10:29:47.7318792Z [command]/usr/bin/git submodule status
kaos-issue-process	Run actions/checkout@v4	2025-01-24T10:29:47.7711439Z ##[group]Cleaning the repository
kaos-issue-process	Run actions/checkout@v4	2025-01-24T10:29:47.7712354Z [command]/usr/bin/git clean -ffdx
kaos-issue-process	Run actions/checkout@v4	2025-01-24T10:29:47.7759484Z [command]/usr/bin/git reset --hard HEAD
kaos-issue-process	Run actions/checkout@v4	2025-01-24T10:29:47.7844073Z HEAD is now at e8b37bc [Ka0S] se generan los ficheros commit-summary files-in-commit
kaos-issue-process	Run actions/checkout@v4	2025-01-24T10:29:47.7850093Z ##[endgroup]
kaos-issue-process	Run actions/checkout@v4	2025-01-24T10:29:47.7851833Z ##[group]Disabling automatic garbage collection
kaos-issue-process	Run actions/checkout@v4	2025-01-24T10:29:47.7853504Z [command]/usr/bin/git config --local gc.auto 0
kaos-issue-process	Run actions/checkout@v4	2025-01-24T10:29:47.7890780Z ##[endgroup]
kaos-issue-process	Run actions/checkout@v4	2025-01-24T10:29:47.7893004Z ##[group]Setting up auth
kaos-issue-process	Run actions/checkout@v4	2025-01-24T10:29:47.7896874Z [command]/usr/bin/git config --local --name-only --get-regexp core\.sshCommand
kaos-issue-process	Run actions/checkout@v4	2025-01-24T10:29:47.7950447Z [command]/usr/bin/git submodule foreach --recursive sh -c "git config --local --name-only --get-regexp 'core\.sshCommand' && git config --local --unset-all 'core.sshCommand' || :"
kaos-issue-process	Run actions/checkout@v4	2025-01-24T10:29:47.8461992Z [command]/usr/bin/git config --local --name-only --get-regexp http\.https\:\/\/github\.com\/\.extraheader
kaos-issue-process	Run actions/checkout@v4	2025-01-24T10:29:47.8528998Z [command]/usr/bin/git submodule foreach --recursive sh -c "git config --local --name-only --get-regexp 'http\.https\:\/\/github\.com\/\.extraheader' && git config --local --unset-all 'http.https://github.com/.extraheader' || :"
kaos-issue-process	Run actions/checkout@v4	2025-01-24T10:29:47.8916028Z [command]/usr/bin/git config --local http.https://github.com/.extraheader AUTHORIZATION: basic ***
kaos-issue-process	Run actions/checkout@v4	2025-01-24T10:29:47.8974430Z ##[endgroup]
kaos-issue-process	Run actions/checkout@v4	2025-01-24T10:29:47.8975798Z ##[group]Fetching the repository
kaos-issue-process	Run actions/checkout@v4	2025-01-24T10:29:47.8989286Z [command]/usr/bin/git -c protocol.version=2 fetch --prune --no-recurse-submodules origin +refs/heads/*:refs/remotes/origin/* +refs/tags/*:refs/tags/*
kaos-issue-process	Run actions/checkout@v4	2025-01-24T10:29:48.4753204Z [command]/usr/bin/git branch --list --remote origin/H823-ka0s-init-module-failed-in-12932778824
kaos-issue-process	Run actions/checkout@v4	2025-01-24T10:29:48.4785209Z   origin/H823-ka0s-init-module-failed-in-12932778824
kaos-issue-process	Run actions/checkout@v4	2025-01-24T10:29:48.4817412Z [command]/usr/bin/git rev-parse refs/remotes/origin/H823-ka0s-init-module-failed-in-12932778824
kaos-issue-process	Run actions/checkout@v4	2025-01-24T10:29:48.4881600Z e8b37bc792359a8ec6ef5a2eee4e15e70df7b15a
kaos-issue-process	Run actions/checkout@v4	2025-01-24T10:29:48.4917203Z ##[endgroup]
kaos-issue-process	Run actions/checkout@v4	2025-01-24T10:29:48.4918340Z ##[group]Determining the checkout info
kaos-issue-process	Run actions/checkout@v4	2025-01-24T10:29:48.4919476Z ##[endgroup]
kaos-issue-process	Run actions/checkout@v4	2025-01-24T10:29:48.4923521Z ##[group]Checking out the ref
kaos-issue-process	Run actions/checkout@v4	2025-01-24T10:29:48.4931219Z [command]/usr/bin/git checkout --progress --force -B H823-ka0s-init-module-failed-in-12932778824 refs/remotes/origin/H823-ka0s-init-module-failed-in-12932778824
kaos-issue-process	Run actions/checkout@v4	2025-01-24T10:29:48.5070602Z Switched to a new branch 'H823-ka0s-init-module-failed-in-12932778824'
kaos-issue-process	Run actions/checkout@v4	2025-01-24T10:29:48.5078499Z Branch 'H823-ka0s-init-module-failed-in-12932778824' set up to track remote branch 'H823-ka0s-init-module-failed-in-12932778824' from 'origin'.
kaos-issue-process	Run actions/checkout@v4	2025-01-24T10:29:48.5103422Z ##[endgroup]
kaos-issue-process	Run actions/checkout@v4	2025-01-24T10:29:48.5277499Z [command]/usr/bin/git log -1 --format=%H
kaos-issue-process	Run actions/checkout@v4	2025-01-24T10:29:48.5385989Z e8b37bc792359a8ec6ef5a2eee4e15e70df7b15a
kaos-issue-process	Run # Extraemos el error	2025-01-24T10:29:48.6497376Z ##[group]Run # Extraemos el error
kaos-issue-process	Run # Extraemos el error	2025-01-24T10:29:48.6498772Z [36;1m# Extraemos el error[0m
kaos-issue-process	Run # Extraemos el error	2025-01-24T10:29:48.6499803Z [36;1m# gh run view 12947845068 --log-failed > 12947845068.log[0m
kaos-issue-process	Run # Extraemos el error	2025-01-24T10:29:48.6501024Z [36;1m# echo "KAOS_WORFLOW_LOG=$(cat 12947845068.log)" >> $GITHUB_OUTPUT[0m
kaos-issue-process	Run # Extraemos el error	2025-01-24T10:29:48.6520151Z shell: /usr/bin/bash -e {0}
kaos-issue-process	Run # Extraemos el error	2025-01-24T10:29:48.6521122Z env:
kaos-issue-process	Run # Extraemos el error	2025-01-24T10:29:48.6521853Z   KAOS_MODULE: [Ka0S] ISSUE
kaos-issue-process	Run # Extraemos el error	2025-01-24T10:29:48.6523116Z   GH_TOKEN: ***
kaos-issue-process	Run # Extraemos el error	2025-01-24T10:29:48.6524076Z   BRANCH_NAME: refs/heads/H823-ka0s-init-module-failed-in-12932778824
kaos-issue-process	Run # Extraemos el error	2025-01-24T10:29:48.6525221Z   KAOS_REPO: /actions-runner/_work/kaos/kaos
kaos-issue-process	Run # Extraemos el error	2025-01-24T10:29:48.6526297Z   KAOS_STEP_MODULE: 
kaos-issue-process	Run # Extraemos el error	2025-01-24T10:29:48.6527104Z   KAOS_CODE: 12947849219
kaos-issue-process	Run # Extraemos el error	2025-01-24T10:29:48.6527893Z ##[endgroup]
kaos-issue-process	Run # Lo primero comprobar la acción que queremos realizar	2025-01-24T10:29:48.6888199Z ##[group]Run # Lo primero comprobar la acción que queremos realizar
kaos-issue-process	Run # Lo primero comprobar la acción que queremos realizar	2025-01-24T10:29:48.6889592Z [36;1m# Lo primero comprobar la acción que queremos realizar[0m
kaos-issue-process	Run # Lo primero comprobar la acción que queremos realizar	2025-01-24T10:29:48.6890643Z [36;1mecho "El usuario culpable es: santakloud"[0m
kaos-issue-process	Run # Lo primero comprobar la acción que queremos realizar	2025-01-24T10:29:48.6891572Z [36;1mcase comment in[0m
kaos-issue-process	Run # Lo primero comprobar la acción que queremos realizar	2025-01-24T10:29:48.6892370Z [36;1m    create)[0m
kaos-issue-process	Run # Lo primero comprobar la acción que queremos realizar	2025-01-24T10:29:48.6893913Z [36;1m        # Abrimos la petición y pasamos el issue ID a la variable de repositorio KAOS_ISSUE_ID[0m
kaos-issue-process	Run # Lo primero comprobar la acción que queremos realizar	2025-01-24T10:29:48.6897204Z [36;1m        gh issue create -t "Kaos Issue Title Example" -b "[Ka0S] INIT has been initiated and Launch workflow yamllint.yaml to check file .github/workflows/yamllint.yaml" -l "bug" -a "santakloud"[0m
kaos-issue-process	Run # Lo primero comprobar la acción que queremos realizar	2025-01-24T10:29:48.6899407Z [36;1m        if [[ -z "" ]]; then[0m
kaos-issue-process	Run # Lo primero comprobar la acción que queremos realizar	2025-01-24T10:29:48.6900501Z [36;1m          echo "No se ha encontrado el log de la ejecución"[0m
kaos-issue-process	Run # Lo primero comprobar la acción que queremos realizar	2025-01-24T10:29:48.6901584Z [36;1m        else[0m
kaos-issue-process	Run # Lo primero comprobar la acción que queremos realizar	2025-01-24T10:29:48.6902494Z [36;1m          gh issue comment 823 --body-file ""[0m
kaos-issue-process	Run # Lo primero comprobar la acción que queremos realizar	2025-01-24T10:29:48.6903667Z [36;1m        fi[0m
kaos-issue-process	Run # Lo primero comprobar la acción que queremos realizar	2025-01-24T10:29:48.6904450Z [36;1m        ;;[0m
kaos-issue-process	Run # Lo primero comprobar la acción que queremos realizar	2025-01-24T10:29:48.6905230Z [36;1m    comment)[0m
kaos-issue-process	Run # Lo primero comprobar la acción que queremos realizar	2025-01-24T10:29:48.6906380Z [36;1m        # Añadimos comentarios a issue en concreto o ficheros[0m
kaos-issue-process	Run # Lo primero comprobar la acción que queremos realizar	2025-01-24T10:29:48.6907460Z [36;1m        if [[ -z "" ]]; then[0m
kaos-issue-process	Run # Lo primero comprobar la acción que queremos realizar	2025-01-24T10:29:48.6909106Z [36;1m          gh issue comment 823 -b "[Ka0S] INIT has been initiated and Launch workflow yamllint.yaml to check file .github/workflows/yamllint.yaml"[0m
kaos-issue-process	Run # Lo primero comprobar la acción que queremos realizar	2025-01-24T10:29:48.6910870Z [36;1m        else[0m
kaos-issue-process	Run # Lo primero comprobar la acción que queremos realizar	2025-01-24T10:29:48.6911698Z [36;1m          gh issue comment 823 --body-file ""[0m
kaos-issue-process	Run # Lo primero comprobar la acción que queremos realizar	2025-01-24T10:29:48.6912790Z [36;1m          # Esta opción se añadira más adelante --body-file ""[0m
kaos-issue-process	Run # Lo primero comprobar la acción que queremos realizar	2025-01-24T10:29:48.6913880Z [36;1m        fi[0m
kaos-issue-process	Run # Lo primero comprobar la acción que queremos realizar	2025-01-24T10:29:48.6914601Z [36;1m      ;;[0m
kaos-issue-process	Run # Lo primero comprobar la acción que queremos realizar	2025-01-24T10:29:48.6915414Z [36;1m    close)[0m
kaos-issue-process	Run # Lo primero comprobar la acción que queremos realizar	2025-01-24T10:29:48.6916185Z [36;1m        # Cerramos una issue finalizada[0m
kaos-issue-process	Run # Lo primero comprobar la acción que queremos realizar	2025-01-24T10:29:48.6917401Z [36;1m        gh issue close 823 -c "Issue: 823 closed by  santakloud" -r "completed"[0m
kaos-issue-process	Run # Lo primero comprobar la acción que queremos realizar	2025-01-24T10:29:48.6918670Z [36;1m      ;;[0m
kaos-issue-process	Run # Lo primero comprobar la acción que queremos realizar	2025-01-24T10:29:48.6919385Z [36;1m    reopen)[0m
kaos-issue-process	Run # Lo primero comprobar la acción que queremos realizar	2025-01-24T10:29:48.6920249Z [36;1m        # Reabrimos una issue que no ha sido solucionada[0m
kaos-issue-process	Run # Lo primero comprobar la acción que queremos realizar	2025-01-24T10:29:48.6921342Z [36;1m        title="Kaos Issue Title Example"[0m
kaos-issue-process	Run # Lo primero comprobar la acción que queremos realizar	2025-01-24T10:29:48.6922361Z [36;1m        if [[ "$title" == *"[SUCCESS]"* ]]; then[0m
kaos-issue-process	Run # Lo primero comprobar la acción que queremos realizar	2025-01-24T10:29:48.6923353Z [36;1m          echo "Found [SUCCESS] in the title"[0m
kaos-issue-process	Run # Lo primero comprobar la acción que queremos realizar	2025-01-24T10:29:48.6924371Z [36;1m          new_title="${title//[SUCCESS]/[FAILED]}"[0m
kaos-issue-process	Run # Lo primero comprobar la acción que queremos realizar	2025-01-24T10:29:48.6925501Z [36;1m          echo "new_title=$new_title" >> $GITHUB_ENV[0m
kaos-issue-process	Run # Lo primero comprobar la acción que queremos realizar	2025-01-24T10:29:48.6926458Z [36;1m        fi[0m
kaos-issue-process	Run # Lo primero comprobar la acción que queremos realizar	2025-01-24T10:29:48.6927378Z [36;1m        gh issue reopen 823 -c "Reopen Issue: 823 by  santakloud"[0m
kaos-issue-process	Run # Lo primero comprobar la acción que queremos realizar	2025-01-24T10:29:48.6928527Z [36;1m        gh issue edit 823 -t "$new_title"[0m
kaos-issue-process	Run # Lo primero comprobar la acción que queremos realizar	2025-01-24T10:29:48.6929601Z [36;1m        gh issue edit 823 --remove-label "resolved"[0m
kaos-issue-process	Run # Lo primero comprobar la acción que queremos realizar	2025-01-24T10:29:48.6930624Z [36;1m      ;;[0m
kaos-issue-process	Run # Lo primero comprobar la acción que queremos realizar	2025-01-24T10:29:48.6931337Z [36;1m    *)[0m
kaos-issue-process	Run # Lo primero comprobar la acción que queremos realizar	2025-01-24T10:29:48.6932098Z [36;1m        # Si no es alguna de las anteriores[0m
kaos-issue-process	Run # Lo primero comprobar la acción que queremos realizar	2025-01-24T10:29:48.6933277Z [36;1m        # el modulo de issues fallara y creara una issue propia  [0m
kaos-issue-process	Run # Lo primero comprobar la acción que queremos realizar	2025-01-24T10:29:48.6934429Z [36;1m      ;;[0m
kaos-issue-process	Run # Lo primero comprobar la acción que queremos realizar	2025-01-24T10:29:48.6935161Z [36;1mesac[0m
kaos-issue-process	Run # Lo primero comprobar la acción que queremos realizar	2025-01-24T10:29:48.6948762Z shell: /usr/bin/bash -e {0}
kaos-issue-process	Run # Lo primero comprobar la acción que queremos realizar	2025-01-24T10:29:48.6949616Z env:
kaos-issue-process	Run # Lo primero comprobar la acción que queremos realizar	2025-01-24T10:29:48.6950247Z   KAOS_MODULE: [Ka0S] ISSUE
kaos-issue-process	Run # Lo primero comprobar la acción que queremos realizar	2025-01-24T10:29:48.6951371Z   GH_TOKEN: ***
kaos-issue-process	Run # Lo primero comprobar la acción que queremos realizar	2025-01-24T10:29:48.6952313Z   BRANCH_NAME: refs/heads/H823-ka0s-init-module-failed-in-12932778824
kaos-issue-process	Run # Lo primero comprobar la acción que queremos realizar	2025-01-24T10:29:48.6953476Z   KAOS_REPO: /actions-runner/_work/kaos/kaos
kaos-issue-process	Run # Lo primero comprobar la acción que queremos realizar	2025-01-24T10:29:48.6954346Z   KAOS_STEP_MODULE: 
kaos-issue-process	Run # Lo primero comprobar la acción que queremos realizar	2025-01-24T10:29:48.6955032Z   KAOS_CODE: 12947849219
kaos-issue-process	Run # Lo primero comprobar la acción que queremos realizar	2025-01-24T10:29:48.6955836Z ##[endgroup]
kaos-issue-process	Run # Lo primero comprobar la acción que queremos realizar	2025-01-24T10:29:48.7011137Z El usuario culpable es: santakloud
kaos-issue-process	Run # Lo primero comprobar la acción que queremos realizar	2025-01-24T10:29:49.8535095Z https://github.com/SantaKa0S/kaos/issues/823#issuecomment-2612191366
kaos-issue-process	Post Run actions/checkout@v4	2025-01-24T10:29:49.8931323Z Post job cleanup.
kaos-issue-process	Post Run actions/checkout@v4	2025-01-24T10:29:50.0834361Z [command]/usr/bin/git version
kaos-issue-process	Post Run actions/checkout@v4	2025-01-24T10:29:50.0960478Z git version 2.25.1
kaos-issue-process	Post Run actions/checkout@v4	2025-01-24T10:29:50.1176971Z Temporarily overriding HOME='/actions-runner/_work/_temp/c272a76b-0681-4f89-a796-28e5622f76b5' before making global git config changes
kaos-issue-process	Post Run actions/checkout@v4	2025-01-24T10:29:50.1179960Z Adding repository directory to the temporary git global config as a safe directory
kaos-issue-process	Post Run actions/checkout@v4	2025-01-24T10:29:50.1182584Z [command]/usr/bin/git config --global --add safe.directory /actions-runner/_work/kaos/kaos
kaos-issue-process	Post Run actions/checkout@v4	2025-01-24T10:29:50.1371160Z [command]/usr/bin/git config --local --name-only --get-regexp core\.sshCommand
kaos-issue-process	Post Run actions/checkout@v4	2025-01-24T10:29:50.1467899Z [command]/usr/bin/git submodule foreach --recursive sh -c "git config --local --name-only --get-regexp 'core\.sshCommand' && git config --local --unset-all 'core.sshCommand' || :"
kaos-issue-process	Post Run actions/checkout@v4	2025-01-24T10:29:50.1963976Z [command]/usr/bin/git config --local --name-only --get-regexp http\.https\:\/\/github\.com\/\.extraheader
kaos-issue-process	Post Run actions/checkout@v4	2025-01-24T10:29:50.2030999Z http.https://github.com/.extraheader
kaos-issue-process	Post Run actions/checkout@v4	2025-01-24T10:29:50.2080182Z [command]/usr/bin/git config --local --unset-all http.https://github.com/.extraheader
kaos-issue-process	Post Run actions/checkout@v4	2025-01-24T10:29:50.2280791Z [command]/usr/bin/git submodule foreach --recursive sh -c "git config --local --name-only --get-regexp 'http\.https\:\/\/github\.com\/\.extraheader' && git config --local --unset-all 'http.https://github.com/.extraheader' || :"
kaos-issue-process	Complete job	2025-01-24T10:29:50.4266126Z Evaluate and set job outputs
kaos-issue-process	Complete job	2025-01-24T10:29:50.4278093Z Cleaning up orphan processes
end-workflow	Set up job	2025-01-24T10:30:16.8756085Z Current runner version: '2.321.0'
end-workflow	Set up job	2025-01-24T10:30:16.8763853Z Runner name: 'kaos-issue-1'
end-workflow	Set up job	2025-01-24T10:30:16.8764723Z Runner group name: 'kaos-issue'
end-workflow	Set up job	2025-01-24T10:30:16.8766027Z Machine name: 'cd8ac7f661b0'
end-workflow	Set up job	2025-01-24T10:30:16.8769068Z ##[group]GITHUB_TOKEN Permissions
end-workflow	Set up job	2025-01-24T10:30:16.8771893Z Actions: write
end-workflow	Set up job	2025-01-24T10:30:16.8772451Z Contents: write
end-workflow	Set up job	2025-01-24T10:30:16.8772944Z Issues: write
end-workflow	Set up job	2025-01-24T10:30:16.8773424Z Metadata: read
end-workflow	Set up job	2025-01-24T10:30:16.8773919Z PullRequests: write
end-workflow	Set up job	2025-01-24T10:30:16.8774432Z ##[endgroup]
end-workflow	Set up job	2025-01-24T10:30:16.8777882Z Secret source: Actions
end-workflow	Set up job	2025-01-24T10:30:16.8778693Z Prepare workflow directory
end-workflow	Set up job	2025-01-24T10:30:16.9407164Z Prepare all required actions
end-workflow	Set up job	2025-01-24T10:30:16.9472185Z Complete job name: end-workflow
end-workflow	Finaliza el workflow	2025-01-24T10:30:17.0382349Z ##[group]Run echo "End process"
end-workflow	Finaliza el workflow	2025-01-24T10:30:17.0383978Z [36;1mecho "End process"[0m
end-workflow	Finaliza el workflow	2025-01-24T10:30:17.0385955Z [36;1mgh workflow run inspector.yaml --ref refs/heads/H823-ka0s-init-module-failed-in-12932778824 -f kaos-issue-id="823" -f kaos-workflow-id="12947849219" -f kaos-user-start="santakloud"[0m
end-workflow	Finaliza el workflow	2025-01-24T10:30:17.0419643Z shell: /usr/bin/bash -e {0}
end-workflow	Finaliza el workflow	2025-01-24T10:30:17.0421062Z env:
end-workflow	Finaliza el workflow	2025-01-24T10:30:17.0421599Z   KAOS_MODULE: [Ka0S] ISSUE
end-workflow	Finaliza el workflow	2025-01-24T10:30:17.0422545Z   GH_TOKEN: ***
end-workflow	Finaliza el workflow	2025-01-24T10:30:17.0423310Z   BRANCH_NAME: refs/heads/H823-ka0s-init-module-failed-in-12932778824
end-workflow	Finaliza el workflow	2025-01-24T10:30:17.0424280Z   KAOS_REPO: /actions-runner/_work/kaos/kaos
end-workflow	Finaliza el workflow	2025-01-24T10:30:17.0425048Z   KAOS_STEP_MODULE: 
end-workflow	Finaliza el workflow	2025-01-24T10:30:17.0425848Z   KAOS_CODE: 12947849219
end-workflow	Finaliza el workflow	2025-01-24T10:30:17.0426994Z ##[endgroup]
end-workflow	Finaliza el workflow	2025-01-24T10:30:17.0697579Z End process
end-workflow	Complete job	2025-01-24T10:30:17.7918812Z Cleaning up orphan processes
