kaos-issue-process	Set up job	2025-01-24T10:10:00.3131686Z Current runner version: '2.321.0'
kaos-issue-process	Set up job	2025-01-24T10:10:00.3140770Z Runner name: 'kaos-issue-4'
kaos-issue-process	Set up job	2025-01-24T10:10:00.3141630Z Runner group name: 'kaos-issue'
kaos-issue-process	Set up job	2025-01-24T10:10:00.3142637Z Machine name: '6a0436fe5834'
kaos-issue-process	Set up job	2025-01-24T10:10:00.3145884Z ##[group]GITHUB_TOKEN Permissions
kaos-issue-process	Set up job	2025-01-24T10:10:00.3149962Z Actions: write
kaos-issue-process	Set up job	2025-01-24T10:10:00.3150601Z Contents: write
kaos-issue-process	Set up job	2025-01-24T10:10:00.3151117Z Issues: write
kaos-issue-process	Set up job	2025-01-24T10:10:00.3151613Z Metadata: read
kaos-issue-process	Set up job	2025-01-24T10:10:00.3152141Z PullRequests: write
kaos-issue-process	Set up job	2025-01-24T10:10:00.3152689Z ##[endgroup]
kaos-issue-process	Set up job	2025-01-24T10:10:00.3176328Z Secret source: Actions
kaos-issue-process	Set up job	2025-01-24T10:10:00.3177512Z Prepare workflow directory
kaos-issue-process	Set up job	2025-01-24T10:10:00.4122601Z Prepare all required actions
kaos-issue-process	Set up job	2025-01-24T10:10:00.4177574Z Getting action download info
kaos-issue-process	Set up job	2025-01-24T10:10:00.6540806Z Download action repository 'actions/checkout@v4' (SHA:11bd71901bbe5b1630ceea73d27597364c9af683)
kaos-issue-process	Set up job	2025-01-24T10:10:01.4893822Z Complete job name: kaos-issue-process
kaos-issue-process	Run actions/checkout@v4	2025-01-24T10:10:01.5633746Z ##[group]Run actions/checkout@v4
kaos-issue-process	Run actions/checkout@v4	2025-01-24T10:10:01.5635084Z with:
kaos-issue-process	Run actions/checkout@v4	2025-01-24T10:10:01.5635695Z   fetch-depth: 0
kaos-issue-process	Run actions/checkout@v4	2025-01-24T10:10:01.5636573Z   token: ***
kaos-issue-process	Run actions/checkout@v4	2025-01-24T10:10:01.5637050Z   repository: SantaKa0S/kaos
kaos-issue-process	Run actions/checkout@v4	2025-01-24T10:10:01.5637599Z   ssh-strict: true
kaos-issue-process	Run actions/checkout@v4	2025-01-24T10:10:01.5638090Z   ssh-user: git
kaos-issue-process	Run actions/checkout@v4	2025-01-24T10:10:01.5638579Z   persist-credentials: true
kaos-issue-process	Run actions/checkout@v4	2025-01-24T10:10:01.5639123Z   clean: true
kaos-issue-process	Run actions/checkout@v4	2025-01-24T10:10:01.5639628Z   sparse-checkout-cone-mode: true
kaos-issue-process	Run actions/checkout@v4	2025-01-24T10:10:01.5640231Z   fetch-tags: false
kaos-issue-process	Run actions/checkout@v4	2025-01-24T10:10:01.5640749Z   show-progress: true
kaos-issue-process	Run actions/checkout@v4	2025-01-24T10:10:01.5641253Z   lfs: false
kaos-issue-process	Run actions/checkout@v4	2025-01-24T10:10:01.5641707Z   submodules: false
kaos-issue-process	Run actions/checkout@v4	2025-01-24T10:10:01.5642238Z   set-safe-directory: true
kaos-issue-process	Run actions/checkout@v4	2025-01-24T10:10:01.5643841Z env:
kaos-issue-process	Run actions/checkout@v4	2025-01-24T10:10:01.5644358Z   KAOS_MODULE: [Ka0S] ISSUE
kaos-issue-process	Run actions/checkout@v4	2025-01-24T10:10:01.5645207Z   GH_TOKEN: ***
kaos-issue-process	Run actions/checkout@v4	2025-01-24T10:10:01.5646008Z   BRANCH_NAME: refs/heads/H823-ka0s-init-module-failed-in-12932778824
kaos-issue-process	Run actions/checkout@v4	2025-01-24T10:10:01.5646855Z   KAOS_REPO: /actions-runner/_work/kaos/kaos
kaos-issue-process	Run actions/checkout@v4	2025-01-24T10:10:01.5647614Z   KAOS_STEP_MODULE: 
kaos-issue-process	Run actions/checkout@v4	2025-01-24T10:10:01.5648144Z   KAOS_CODE: 12947531589
kaos-issue-process	Run actions/checkout@v4	2025-01-24T10:10:01.5648700Z ##[endgroup]
kaos-issue-process	Run actions/checkout@v4	2025-01-24T10:10:01.7333541Z Syncing repository: SantaKa0S/kaos
kaos-issue-process	Run actions/checkout@v4	2025-01-24T10:10:01.7335980Z ##[group]Getting Git version info
kaos-issue-process	Run actions/checkout@v4	2025-01-24T10:10:01.7336758Z Working directory is '/actions-runner/_work/kaos/kaos'
kaos-issue-process	Run actions/checkout@v4	2025-01-24T10:10:01.7337806Z [command]/usr/bin/git version
kaos-issue-process	Run actions/checkout@v4	2025-01-24T10:10:01.7338348Z git version 2.25.1
kaos-issue-process	Run actions/checkout@v4	2025-01-24T10:10:01.7371053Z ##[endgroup]
kaos-issue-process	Run actions/checkout@v4	2025-01-24T10:10:01.7393287Z Temporarily overriding HOME='/actions-runner/_work/_temp/078c3b24-79d6-4e03-945b-643d68a4f84a' before making global git config changes
kaos-issue-process	Run actions/checkout@v4	2025-01-24T10:10:01.7396688Z Adding repository directory to the temporary git global config as a safe directory
kaos-issue-process	Run actions/checkout@v4	2025-01-24T10:10:01.7443958Z [command]/usr/bin/git config --global --add safe.directory /actions-runner/_work/kaos/kaos
kaos-issue-process	Run actions/checkout@v4	2025-01-24T10:10:01.7472342Z [command]/usr/bin/git config --local --get remote.origin.url
kaos-issue-process	Run actions/checkout@v4	2025-01-24T10:10:01.7514933Z https://github.com/SantaKa0S/kaos
kaos-issue-process	Run actions/checkout@v4	2025-01-24T10:10:01.7541082Z ##[group]Removing previously created refs, to avoid conflicts
kaos-issue-process	Run actions/checkout@v4	2025-01-24T10:10:01.7552531Z [command]/usr/bin/git rev-parse --symbolic-full-name --verify --quiet HEAD
kaos-issue-process	Run actions/checkout@v4	2025-01-24T10:10:01.7577596Z refs/heads/H823-ka0s-init-module-failed-in-12932778824
kaos-issue-process	Run actions/checkout@v4	2025-01-24T10:10:01.7603468Z [command]/usr/bin/git checkout --detach
kaos-issue-process	Run actions/checkout@v4	2025-01-24T10:10:01.7682295Z HEAD is now at d837a22 [Ka0S] se generan los ficheros commit-summary files-in-commit
kaos-issue-process	Run actions/checkout@v4	2025-01-24T10:10:01.7741789Z [command]/usr/bin/git branch --delete --force H823-ka0s-init-module-failed-in-12932778824
kaos-issue-process	Run actions/checkout@v4	2025-01-24T10:10:01.7779506Z Deleted branch H823-ka0s-init-module-failed-in-12932778824 (was d837a22).
kaos-issue-process	Run actions/checkout@v4	2025-01-24T10:10:01.7842339Z ##[endgroup]
kaos-issue-process	Run actions/checkout@v4	2025-01-24T10:10:01.7843415Z [command]/usr/bin/git submodule status
kaos-issue-process	Run actions/checkout@v4	2025-01-24T10:10:01.8159448Z ##[group]Cleaning the repository
kaos-issue-process	Run actions/checkout@v4	2025-01-24T10:10:01.8166576Z [command]/usr/bin/git clean -ffdx
kaos-issue-process	Run actions/checkout@v4	2025-01-24T10:10:01.8224100Z [command]/usr/bin/git reset --hard HEAD
kaos-issue-process	Run actions/checkout@v4	2025-01-24T10:10:01.8304055Z HEAD is now at d837a22 [Ka0S] se generan los ficheros commit-summary files-in-commit
kaos-issue-process	Run actions/checkout@v4	2025-01-24T10:10:01.8320475Z ##[endgroup]
kaos-issue-process	Run actions/checkout@v4	2025-01-24T10:10:01.8321456Z ##[group]Disabling automatic garbage collection
kaos-issue-process	Run actions/checkout@v4	2025-01-24T10:10:01.8322352Z [command]/usr/bin/git config --local gc.auto 0
kaos-issue-process	Run actions/checkout@v4	2025-01-24T10:10:01.8358741Z ##[endgroup]
kaos-issue-process	Run actions/checkout@v4	2025-01-24T10:10:01.8361192Z ##[group]Setting up auth
kaos-issue-process	Run actions/checkout@v4	2025-01-24T10:10:01.8364602Z [command]/usr/bin/git config --local --name-only --get-regexp core\.sshCommand
kaos-issue-process	Run actions/checkout@v4	2025-01-24T10:10:01.8421490Z [command]/usr/bin/git submodule foreach --recursive sh -c "git config --local --name-only --get-regexp 'core\.sshCommand' && git config --local --unset-all 'core.sshCommand' || :"
kaos-issue-process	Run actions/checkout@v4	2025-01-24T10:10:01.8823923Z [command]/usr/bin/git config --local --name-only --get-regexp http\.https\:\/\/github\.com\/\.extraheader
kaos-issue-process	Run actions/checkout@v4	2025-01-24T10:10:01.8860278Z [command]/usr/bin/git submodule foreach --recursive sh -c "git config --local --name-only --get-regexp 'http\.https\:\/\/github\.com\/\.extraheader' && git config --local --unset-all 'http.https://github.com/.extraheader' || :"
kaos-issue-process	Run actions/checkout@v4	2025-01-24T10:10:01.9220698Z [command]/usr/bin/git config --local http.https://github.com/.extraheader AUTHORIZATION: basic ***
kaos-issue-process	Run actions/checkout@v4	2025-01-24T10:10:01.9277380Z ##[endgroup]
kaos-issue-process	Run actions/checkout@v4	2025-01-24T10:10:01.9279672Z ##[group]Fetching the repository
kaos-issue-process	Run actions/checkout@v4	2025-01-24T10:10:01.9281155Z [command]/usr/bin/git -c protocol.version=2 fetch --prune --no-recurse-submodules origin +refs/heads/*:refs/remotes/origin/* +refs/tags/*:refs/tags/*
kaos-issue-process	Run actions/checkout@v4	2025-01-24T10:10:02.5066374Z [command]/usr/bin/git branch --list --remote origin/H823-ka0s-init-module-failed-in-12932778824
kaos-issue-process	Run actions/checkout@v4	2025-01-24T10:10:02.5112076Z   origin/H823-ka0s-init-module-failed-in-12932778824
kaos-issue-process	Run actions/checkout@v4	2025-01-24T10:10:02.5119597Z [command]/usr/bin/git rev-parse refs/remotes/origin/H823-ka0s-init-module-failed-in-12932778824
kaos-issue-process	Run actions/checkout@v4	2025-01-24T10:10:02.5149282Z d837a22969b459f22b28b1ad233a35c274693535
kaos-issue-process	Run actions/checkout@v4	2025-01-24T10:10:02.5162671Z ##[endgroup]
kaos-issue-process	Run actions/checkout@v4	2025-01-24T10:10:02.5164352Z ##[group]Determining the checkout info
kaos-issue-process	Run actions/checkout@v4	2025-01-24T10:10:02.5167471Z ##[endgroup]
kaos-issue-process	Run actions/checkout@v4	2025-01-24T10:10:02.5169593Z ##[group]Checking out the ref
kaos-issue-process	Run actions/checkout@v4	2025-01-24T10:10:02.5172986Z [command]/usr/bin/git checkout --progress --force -B H823-ka0s-init-module-failed-in-12932778824 refs/remotes/origin/H823-ka0s-init-module-failed-in-12932778824
kaos-issue-process	Run actions/checkout@v4	2025-01-24T10:10:02.5256455Z Switched to a new branch 'H823-ka0s-init-module-failed-in-12932778824'
kaos-issue-process	Run actions/checkout@v4	2025-01-24T10:10:02.5272852Z Branch 'H823-ka0s-init-module-failed-in-12932778824' set up to track remote branch 'H823-ka0s-init-module-failed-in-12932778824' from 'origin'.
kaos-issue-process	Run actions/checkout@v4	2025-01-24T10:10:02.5278485Z ##[endgroup]
kaos-issue-process	Run actions/checkout@v4	2025-01-24T10:10:02.5317062Z [command]/usr/bin/git log -1 --format=%H
kaos-issue-process	Run actions/checkout@v4	2025-01-24T10:10:02.5355010Z d837a22969b459f22b28b1ad233a35c274693535
kaos-issue-process	Run # Extraemos el error	2025-01-24T10:10:02.5659114Z ##[group]Run # Extraemos el error
kaos-issue-process	Run # Extraemos el error	2025-01-24T10:10:02.5660459Z [36;1m# Extraemos el error[0m
kaos-issue-process	Run # Extraemos el error	2025-01-24T10:10:02.5661685Z [36;1m# gh run view 12947528733 --log-failed > 12947528733.log[0m
kaos-issue-process	Run # Extraemos el error	2025-01-24T10:10:02.5663363Z [36;1m# echo "KAOS_WORFLOW_LOG=$(cat 12947528733.log)" >> $GITHUB_OUTPUT[0m
kaos-issue-process	Run # Extraemos el error	2025-01-24T10:10:02.5679188Z shell: /usr/bin/bash -e {0}
kaos-issue-process	Run # Extraemos el error	2025-01-24T10:10:02.5680254Z env:
kaos-issue-process	Run # Extraemos el error	2025-01-24T10:10:02.5681002Z   KAOS_MODULE: [Ka0S] ISSUE
kaos-issue-process	Run # Extraemos el error	2025-01-24T10:10:02.5682468Z   GH_TOKEN: ***
kaos-issue-process	Run # Extraemos el error	2025-01-24T10:10:02.5683698Z   BRANCH_NAME: refs/heads/H823-ka0s-init-module-failed-in-12932778824
kaos-issue-process	Run # Extraemos el error	2025-01-24T10:10:02.5685552Z   KAOS_REPO: /actions-runner/_work/kaos/kaos
kaos-issue-process	Run # Extraemos el error	2025-01-24T10:10:02.5686829Z   KAOS_STEP_MODULE: 
kaos-issue-process	Run # Extraemos el error	2025-01-24T10:10:02.5691537Z   KAOS_CODE: 12947531589
kaos-issue-process	Run # Extraemos el error	2025-01-24T10:10:02.5692510Z ##[endgroup]
kaos-issue-process	Run # Lo primero comprobar la acci√≥n que queremos realizar	2025-01-24T10:10:02.6312671Z ##[group]Run # Lo primero comprobar la acci√≥n que queremos realizar
kaos-issue-process	Run # Lo primero comprobar la acci√≥n que queremos realizar	2025-01-24T10:10:02.6314772Z [36;1m# Lo primero comprobar la acci√≥n que queremos realizar[0m
kaos-issue-process	Run # Lo primero comprobar la acci√≥n que queremos realizar	2025-01-24T10:10:02.6316488Z [36;1mecho "El usuario culpable es: santakloud"[0m
kaos-issue-process	Run # Lo primero comprobar la acci√≥n que queremos realizar	2025-01-24T10:10:02.6317767Z [36;1mcase comment in[0m
kaos-issue-process	Run # Lo primero comprobar la acci√≥n que queremos realizar	2025-01-24T10:10:02.6318863Z [36;1m    create)[0m
kaos-issue-process	Run # Lo primero comprobar la acci√≥n que queremos realizar	2025-01-24T10:10:02.6320409Z [36;1m        # Abrimos la petici√≥n y pasamos el issue ID a la variable de repositorio KAOS_ISSUE_ID[0m
kaos-issue-process	Run # Lo primero comprobar la acci√≥n que queremos realizar	2025-01-24T10:10:02.6324598Z [36;1m        gh issue create -t "Kaos Issue Title Example" -b "[Ka0S] INIT has been initiated and Launch workflow yamllint.yaml to check file .github/workflows/jsonlint.yaml" -l "bug" -a "santakloud"[0m
kaos-issue-process	Run # Lo primero comprobar la acci√≥n que queremos realizar	2025-01-24T10:10:02.6328109Z [36;1m        if [[ -z "" ]]; then[0m
kaos-issue-process	Run # Lo primero comprobar la acci√≥n que queremos realizar	2025-01-24T10:10:02.6329507Z [36;1m          echo "No se ha encontrado el log de la ejecuci√≥n"[0m
kaos-issue-process	Run # Lo primero comprobar la acci√≥n que queremos realizar	2025-01-24T10:10:02.6330790Z [36;1m        else[0m
kaos-issue-process	Run # Lo primero comprobar la acci√≥n que queremos realizar	2025-01-24T10:10:02.6331759Z [36;1m          gh issue comment 823 --body-file ""[0m
kaos-issue-process	Run # Lo primero comprobar la acci√≥n que queremos realizar	2025-01-24T10:10:02.6332965Z [36;1m        fi[0m
kaos-issue-process	Run # Lo primero comprobar la acci√≥n que queremos realizar	2025-01-24T10:10:02.6333906Z [36;1m        ;;[0m
kaos-issue-process	Run # Lo primero comprobar la acci√≥n que queremos realizar	2025-01-24T10:10:02.6334731Z [36;1m    comment)[0m
kaos-issue-process	Run # Lo primero comprobar la acci√≥n que queremos realizar	2025-01-24T10:10:02.6336177Z [36;1m        # A√±adimos comentarios a issue en concreto o ficheros[0m
kaos-issue-process	Run # Lo primero comprobar la acci√≥n que queremos realizar	2025-01-24T10:10:02.6337631Z [36;1m        if [[ -z "" ]]; then[0m
kaos-issue-process	Run # Lo primero comprobar la acci√≥n que queremos realizar	2025-01-24T10:10:02.6340103Z [36;1m          gh issue comment 823 -b "[Ka0S] INIT has been initiated and Launch workflow yamllint.yaml to check file .github/workflows/jsonlint.yaml"[0m
kaos-issue-process	Run # Lo primero comprobar la acci√≥n que queremos realizar	2025-01-24T10:10:02.6342764Z [36;1m        else[0m
kaos-issue-process	Run # Lo primero comprobar la acci√≥n que queremos realizar	2025-01-24T10:10:02.6343924Z [36;1m          gh issue comment 823 --body-file ""[0m
kaos-issue-process	Run # Lo primero comprobar la acci√≥n que queremos realizar	2025-01-24T10:10:02.6345700Z [36;1m          # Esta opci√≥n se a√±adira m√°s adelante --body-file ""[0m
kaos-issue-process	Run # Lo primero comprobar la acci√≥n que queremos realizar	2025-01-24T10:10:02.6347125Z [36;1m        fi[0m
kaos-issue-process	Run # Lo primero comprobar la acci√≥n que queremos realizar	2025-01-24T10:10:02.6347996Z [36;1m      ;;[0m
kaos-issue-process	Run # Lo primero comprobar la acci√≥n que queremos realizar	2025-01-24T10:10:02.6348870Z [36;1m    close)[0m
kaos-issue-process	Run # Lo primero comprobar la acci√≥n que queremos realizar	2025-01-24T10:10:02.6349969Z [36;1m        # Cerramos una issue finalizada[0m
kaos-issue-process	Run # Lo primero comprobar la acci√≥n que queremos realizar	2025-01-24T10:10:02.6351775Z [36;1m        gh issue close 823 -c "Issue: 823 closed by  santakloud" -r "completed"[0m
kaos-issue-process	Run # Lo primero comprobar la acci√≥n que queremos realizar	2025-01-24T10:10:02.6353507Z [36;1m      ;;[0m
kaos-issue-process	Run # Lo primero comprobar la acci√≥n que queremos realizar	2025-01-24T10:10:02.6354423Z [36;1m    reopen)[0m
kaos-issue-process	Run # Lo primero comprobar la acci√≥n que queremos realizar	2025-01-24T10:10:02.6355811Z [36;1m        # Reabrimos una issue que no ha sido solucionada[0m
kaos-issue-process	Run # Lo primero comprobar la acci√≥n que queremos realizar	2025-01-24T10:10:02.6357211Z [36;1m        title="Kaos Issue Title Example"[0m
kaos-issue-process	Run # Lo primero comprobar la acci√≥n que queremos realizar	2025-01-24T10:10:02.6358450Z [36;1m        if [[ "$title" == *"[SUCCESS]"* ]]; then[0m
kaos-issue-process	Run # Lo primero comprobar la acci√≥n que queremos realizar	2025-01-24T10:10:02.6359747Z [36;1m          echo "Found [SUCCESS] in the title"[0m
kaos-issue-process	Run # Lo primero comprobar la acci√≥n que queremos realizar	2025-01-24T10:10:02.6361099Z [36;1m          new_title="${title//[SUCCESS]/[FAILED]}"[0m
kaos-issue-process	Run # Lo primero comprobar la acci√≥n que queremos realizar	2025-01-24T10:10:02.6362493Z [36;1m          echo "new_title=$new_title" >> $GITHUB_ENV[0m
kaos-issue-process	Run # Lo primero comprobar la acci√≥n que queremos realizar	2025-01-24T10:10:02.6364039Z [36;1m        fi[0m
kaos-issue-process	Run # Lo primero comprobar la acci√≥n que queremos realizar	2025-01-24T10:10:02.6365387Z [36;1m        gh issue reopen 823 -c "Reopen Issue: 823 by  santakloud"[0m
kaos-issue-process	Run # Lo primero comprobar la acci√≥n que queremos realizar	2025-01-24T10:10:02.6367030Z [36;1m        gh issue edit 823 -t "$new_title"[0m
kaos-issue-process	Run # Lo primero comprobar la acci√≥n que queremos realizar	2025-01-24T10:10:02.6368337Z [36;1m        gh issue edit 823 --remove-label "resolved"[0m
kaos-issue-process	Run # Lo primero comprobar la acci√≥n que queremos realizar	2025-01-24T10:10:02.6369573Z [36;1m      ;;[0m
kaos-issue-process	Run # Lo primero comprobar la acci√≥n que queremos realizar	2025-01-24T10:10:02.6370332Z [36;1m    *)[0m
kaos-issue-process	Run # Lo primero comprobar la acci√≥n que queremos realizar	2025-01-24T10:10:02.6371412Z [36;1m        # Si no es alguna de las anteriores[0m
kaos-issue-process	Run # Lo primero comprobar la acci√≥n que queremos realizar	2025-01-24T10:10:02.6372994Z [36;1m        # el modulo de issues fallara y creara una issue propia  [0m
kaos-issue-process	Run # Lo primero comprobar la acci√≥n que queremos realizar	2025-01-24T10:10:02.6374322Z [36;1m      ;;[0m
kaos-issue-process	Run # Lo primero comprobar la acci√≥n que queremos realizar	2025-01-24T10:10:02.6375069Z [36;1mesac[0m
kaos-issue-process	Run # Lo primero comprobar la acci√≥n que queremos realizar	2025-01-24T10:10:02.6383656Z shell: /usr/bin/bash -e {0}
kaos-issue-process	Run # Lo primero comprobar la acci√≥n que queremos realizar	2025-01-24T10:10:02.6384605Z env:
kaos-issue-process	Run # Lo primero comprobar la acci√≥n que queremos realizar	2025-01-24T10:10:02.6385492Z   KAOS_MODULE: [Ka0S] ISSUE
kaos-issue-process	Run # Lo primero comprobar la acci√≥n que queremos realizar	2025-01-24T10:10:02.6386957Z   GH_TOKEN: ***
kaos-issue-process	Run # Lo primero comprobar la acci√≥n que queremos realizar	2025-01-24T10:10:02.6388112Z   BRANCH_NAME: refs/heads/H823-ka0s-init-module-failed-in-12932778824
kaos-issue-process	Run # Lo primero comprobar la acci√≥n que queremos realizar	2025-01-24T10:10:02.6389607Z   KAOS_REPO: /actions-runner/_work/kaos/kaos
kaos-issue-process	Run # Lo primero comprobar la acci√≥n que queremos realizar	2025-01-24T10:10:02.6390687Z   KAOS_STEP_MODULE: 
kaos-issue-process	Run # Lo primero comprobar la acci√≥n que queremos realizar	2025-01-24T10:10:02.6391508Z   KAOS_CODE: 12947531589
kaos-issue-process	Run # Lo primero comprobar la acci√≥n que queremos realizar	2025-01-24T10:10:02.6392329Z ##[endgroup]
kaos-issue-process	Run # Lo primero comprobar la acci√≥n que queremos realizar	2025-01-24T10:10:02.6444007Z El usuario culpable es: santakloud
kaos-issue-process	Run # Lo primero comprobar la acci√≥n que queremos realizar	2025-01-24T10:10:03.6366294Z https://github.com/SantaKa0S/kaos/issues/823#issuecomment-2612148983
kaos-issue-process	Post Run actions/checkout@v4	2025-01-24T10:10:03.6634336Z Post job cleanup.
kaos-issue-process	Post Run actions/checkout@v4	2025-01-24T10:10:03.7780916Z [command]/usr/bin/git version
kaos-issue-process	Post Run actions/checkout@v4	2025-01-24T10:10:03.7822828Z git version 2.25.1
kaos-issue-process	Post Run actions/checkout@v4	2025-01-24T10:10:03.7869656Z Temporarily overriding HOME='/actions-runner/_work/_temp/f0b1e1ac-f4d7-40a0-a2df-7a83f0467b6c' before making global git config changes
kaos-issue-process	Post Run actions/checkout@v4	2025-01-24T10:10:03.7872514Z Adding repository directory to the temporary git global config as a safe directory
kaos-issue-process	Post Run actions/checkout@v4	2025-01-24T10:10:03.7876054Z [command]/usr/bin/git config --global --add safe.directory /actions-runner/_work/kaos/kaos
kaos-issue-process	Post Run actions/checkout@v4	2025-01-24T10:10:03.7917924Z [command]/usr/bin/git config --local --name-only --get-regexp core\.sshCommand
kaos-issue-process	Post Run actions/checkout@v4	2025-01-24T10:10:03.7958150Z [command]/usr/bin/git submodule foreach --recursive sh -c "git config --local --name-only --get-regexp 'core\.sshCommand' && git config --local --unset-all 'core.sshCommand' || :"
kaos-issue-process	Post Run actions/checkout@v4	2025-01-24T10:10:03.8266930Z [command]/usr/bin/git config --local --name-only --get-regexp http\.https\:\/\/github\.com\/\.extraheader
kaos-issue-process	Post Run actions/checkout@v4	2025-01-24T10:10:03.8291292Z http.https://github.com/.extraheader
kaos-issue-process	Post Run actions/checkout@v4	2025-01-24T10:10:03.8303821Z [command]/usr/bin/git config --local --unset-all http.https://github.com/.extraheader
kaos-issue-process	Post Run actions/checkout@v4	2025-01-24T10:10:03.8343184Z [command]/usr/bin/git submodule foreach --recursive sh -c "git config --local --name-only --get-regexp 'http\.https\:\/\/github\.com\/\.extraheader' && git config --local --unset-all 'http.https://github.com/.extraheader' || :"
kaos-issue-process	Complete job	2025-01-24T10:10:03.8909771Z Evaluate and set job outputs
kaos-issue-process	Complete job	2025-01-24T10:10:03.8920357Z Cleaning up orphan processes
end-workflow	Set up job	2025-01-24T10:10:46.0524947Z Current runner version: '2.321.0'
end-workflow	Set up job	2025-01-24T10:10:46.0534243Z Runner name: 'kaos-issue-1'
end-workflow	Set up job	2025-01-24T10:10:46.0535153Z Runner group name: 'kaos-issue'
end-workflow	Set up job	2025-01-24T10:10:46.0536563Z Machine name: 'cd8ac7f661b0'
end-workflow	Set up job	2025-01-24T10:10:46.0539687Z ##[group]GITHUB_TOKEN Permissions
end-workflow	Set up job	2025-01-24T10:10:46.0543950Z Actions: write
end-workflow	Set up job	2025-01-24T10:10:46.0544533Z Contents: write
end-workflow	Set up job	2025-01-24T10:10:46.0545019Z Issues: write
end-workflow	Set up job	2025-01-24T10:10:46.0545727Z Metadata: read
end-workflow	Set up job	2025-01-24T10:10:46.0546265Z PullRequests: write
end-workflow	Set up job	2025-01-24T10:10:46.0546814Z ##[endgroup]
end-workflow	Set up job	2025-01-24T10:10:46.0550451Z Secret source: Actions
end-workflow	Set up job	2025-01-24T10:10:46.0551409Z Prepare workflow directory
end-workflow	Set up job	2025-01-24T10:10:46.1195880Z Prepare all required actions
end-workflow	Set up job	2025-01-24T10:10:46.1255727Z Complete job name: end-workflow
end-workflow	Finaliza el workflow	2025-01-24T10:10:46.1938209Z ##[group]Run echo "End process"
end-workflow	Finaliza el workflow	2025-01-24T10:10:46.1939217Z [36;1mecho "End process"[0m
end-workflow	Finaliza el workflow	2025-01-24T10:10:46.1940925Z [36;1mgh workflow run inspector.yaml --ref refs/heads/H823-ka0s-init-module-failed-in-12932778824 -f kaos-issue-id="823" -f kaos-workflow-id="12947531589" -f kaos-user-start="santakloud"[0m
end-workflow	Finaliza el workflow	2025-01-24T10:10:46.1965844Z shell: /usr/bin/bash -e {0}
end-workflow	Finaliza el workflow	2025-01-24T10:10:46.1967288Z env:
end-workflow	Finaliza el workflow	2025-01-24T10:10:46.1967784Z   KAOS_MODULE: [Ka0S] ISSUE
end-workflow	Finaliza el workflow	2025-01-24T10:10:46.1968649Z   GH_TOKEN: ***
end-workflow	Finaliza el workflow	2025-01-24T10:10:46.1969365Z   BRANCH_NAME: refs/heads/H823-ka0s-init-module-failed-in-12932778824
end-workflow	Finaliza el workflow	2025-01-24T10:10:46.1970375Z   KAOS_REPO: /actions-runner/_work/kaos/kaos
end-workflow	Finaliza el workflow	2025-01-24T10:10:46.1971055Z   KAOS_STEP_MODULE: 
end-workflow	Finaliza el workflow	2025-01-24T10:10:46.1971577Z   KAOS_CODE: 12947531589
end-workflow	Finaliza el workflow	2025-01-24T10:10:46.1972129Z ##[endgroup]
end-workflow	Finaliza el workflow	2025-01-24T10:10:46.2187457Z End process
end-workflow	Complete job	2025-01-24T10:10:46.8726038Z Cleaning up orphan processes
