yaml-lint-process	Set up job	2025-01-24T09:16:12.9682982Z Current runner version: '2.321.0'
yaml-lint-process	Set up job	2025-01-24T09:16:12.9691396Z Runner name: 'kaos-yamllint-1'
yaml-lint-process	Set up job	2025-01-24T09:16:12.9692199Z Runner group name: 'kaos-yamllint'
yaml-lint-process	Set up job	2025-01-24T09:16:12.9693148Z Machine name: 'dfff99a7683d'
yaml-lint-process	Set up job	2025-01-24T09:16:12.9696282Z ##[group]GITHUB_TOKEN Permissions
yaml-lint-process	Set up job	2025-01-24T09:16:12.9699586Z Actions: write
yaml-lint-process	Set up job	2025-01-24T09:16:12.9700141Z Contents: write
yaml-lint-process	Set up job	2025-01-24T09:16:12.9700613Z Issues: write
yaml-lint-process	Set up job	2025-01-24T09:16:12.9701086Z Metadata: read
yaml-lint-process	Set up job	2025-01-24T09:16:12.9701578Z PullRequests: write
yaml-lint-process	Set up job	2025-01-24T09:16:12.9702078Z ##[endgroup]
yaml-lint-process	Set up job	2025-01-24T09:16:12.9704371Z Secret source: Actions
yaml-lint-process	Set up job	2025-01-24T09:16:12.9705077Z Prepare workflow directory
yaml-lint-process	Set up job	2025-01-24T09:16:13.0358605Z Prepare all required actions
yaml-lint-process	Set up job	2025-01-24T09:16:13.0400764Z Getting action download info
yaml-lint-process	Set up job	2025-01-24T09:16:13.2892103Z Download action repository 'actions/checkout@v4' (SHA:11bd71901bbe5b1630ceea73d27597364c9af683)
yaml-lint-process	Set up job	2025-01-24T09:16:14.1936188Z Download action repository 'actions/setup-python@v5' (SHA:0b93645e9fea7318ecaed2b359559ac225c90a2b)
yaml-lint-process	Set up job	2025-01-24T09:16:15.1362125Z Complete job name: yaml-lint-process
yaml-lint-process	Run actions/checkout@v4	2025-01-24T09:16:15.2023854Z ##[group]Run actions/checkout@v4
yaml-lint-process	Run actions/checkout@v4	2025-01-24T09:16:15.2025175Z with:
yaml-lint-process	Run actions/checkout@v4	2025-01-24T09:16:15.2026273Z   fetch-depth: 0
yaml-lint-process	Run actions/checkout@v4	2025-01-24T09:16:15.2027503Z   token: ***
yaml-lint-process	Run actions/checkout@v4	2025-01-24T09:16:15.2028252Z   repository: SantaKa0S/kaos
yaml-lint-process	Run actions/checkout@v4	2025-01-24T09:16:15.2029131Z   ssh-strict: true
yaml-lint-process	Run actions/checkout@v4	2025-01-24T09:16:15.2029877Z   ssh-user: git
yaml-lint-process	Run actions/checkout@v4	2025-01-24T09:16:15.2030647Z   persist-credentials: true
yaml-lint-process	Run actions/checkout@v4	2025-01-24T09:16:15.2031505Z   clean: true
yaml-lint-process	Run actions/checkout@v4	2025-01-24T09:16:15.2032274Z   sparse-checkout-cone-mode: true
yaml-lint-process	Run actions/checkout@v4	2025-01-24T09:16:15.2033220Z   fetch-tags: false
yaml-lint-process	Run actions/checkout@v4	2025-01-24T09:16:15.2033988Z   show-progress: true
yaml-lint-process	Run actions/checkout@v4	2025-01-24T09:16:15.2034759Z   lfs: false
yaml-lint-process	Run actions/checkout@v4	2025-01-24T09:16:15.2035707Z   submodules: false
yaml-lint-process	Run actions/checkout@v4	2025-01-24T09:16:15.2036774Z   set-safe-directory: true
yaml-lint-process	Run actions/checkout@v4	2025-01-24T09:16:15.2037876Z env:
yaml-lint-process	Run actions/checkout@v4	2025-01-24T09:16:15.2038565Z   KAOS_MODULE: [Ka0S] YAMLLINT
yaml-lint-process	Run actions/checkout@v4	2025-01-24T09:16:15.2039699Z   GH_TOKEN: ***
yaml-lint-process	Run actions/checkout@v4	2025-01-24T09:16:15.2040731Z   KAOS_YAMLLINT_CONFIG: ***
yaml-lint-process	Run actions/checkout@v4	2025-01-24T09:16:15.2041657Z   KAOS_PATH_RESUME: core/results/
yaml-lint-process	Run actions/checkout@v4	2025-01-24T09:16:15.2042669Z   KAOS_REPO: /actions-runner/_work/kaos/kaos
yaml-lint-process	Run actions/checkout@v4	2025-01-24T09:16:15.2043750Z   KAOS_STEP_MODULE: 
yaml-lint-process	Run actions/checkout@v4	2025-01-24T09:16:15.2044505Z   KAOS_CODE: 12946679376
yaml-lint-process	Run actions/checkout@v4	2025-01-24T09:16:15.2045350Z ##[endgroup]
yaml-lint-process	Run actions/checkout@v4	2025-01-24T09:16:15.3508306Z Syncing repository: SantaKa0S/kaos
yaml-lint-process	Run actions/checkout@v4	2025-01-24T09:16:15.3511676Z ##[group]Getting Git version info
yaml-lint-process	Run actions/checkout@v4	2025-01-24T09:16:15.3513182Z Working directory is '/actions-runner/_work/kaos/kaos'
yaml-lint-process	Run actions/checkout@v4	2025-01-24T09:16:15.3515496Z [command]/usr/bin/git version
yaml-lint-process	Run actions/checkout@v4	2025-01-24T09:16:15.3516660Z git version 2.25.1
yaml-lint-process	Run actions/checkout@v4	2025-01-24T09:16:15.3535646Z ##[endgroup]
yaml-lint-process	Run actions/checkout@v4	2025-01-24T09:16:15.3601400Z Temporarily overriding HOME='/actions-runner/_work/_temp/bc0731b4-9624-4878-b295-d01a12f8bd47' before making global git config changes
yaml-lint-process	Run actions/checkout@v4	2025-01-24T09:16:15.3604531Z Adding repository directory to the temporary git global config as a safe directory
yaml-lint-process	Run actions/checkout@v4	2025-01-24T09:16:15.3607027Z [command]/usr/bin/git config --global --add safe.directory /actions-runner/_work/kaos/kaos
yaml-lint-process	Run actions/checkout@v4	2025-01-24T09:16:15.3663634Z [command]/usr/bin/git config --local --get remote.origin.url
yaml-lint-process	Run actions/checkout@v4	2025-01-24T09:16:15.3727032Z https://github.com/SantaKa0S/kaos
yaml-lint-process	Run actions/checkout@v4	2025-01-24T09:16:15.3746979Z ##[group]Removing previously created refs, to avoid conflicts
yaml-lint-process	Run actions/checkout@v4	2025-01-24T09:16:15.3757201Z [command]/usr/bin/git rev-parse --symbolic-full-name --verify --quiet HEAD
yaml-lint-process	Run actions/checkout@v4	2025-01-24T09:16:15.3789852Z refs/heads/H823-ka0s-init-module-failed-in-12932778824
yaml-lint-process	Run actions/checkout@v4	2025-01-24T09:16:15.3807826Z [command]/usr/bin/git checkout --detach
yaml-lint-process	Run actions/checkout@v4	2025-01-24T09:16:15.3903822Z HEAD is now at a050e58 [Ka0S] se generan los ficheros commit-summary files-in-commit
yaml-lint-process	Run actions/checkout@v4	2025-01-24T09:16:15.3982669Z [command]/usr/bin/git branch --delete --force H823-ka0s-init-module-failed-in-12932778824
yaml-lint-process	Run actions/checkout@v4	2025-01-24T09:16:15.4018126Z Deleted branch H823-ka0s-init-module-failed-in-12932778824 (was a050e58).
yaml-lint-process	Run actions/checkout@v4	2025-01-24T09:16:15.4091383Z ##[endgroup]
yaml-lint-process	Run actions/checkout@v4	2025-01-24T09:16:15.4093191Z [command]/usr/bin/git submodule status
yaml-lint-process	Run actions/checkout@v4	2025-01-24T09:16:15.4441074Z ##[group]Cleaning the repository
yaml-lint-process	Run actions/checkout@v4	2025-01-24T09:16:15.4443770Z [command]/usr/bin/git clean -ffdx
yaml-lint-process	Run actions/checkout@v4	2025-01-24T09:16:15.4487160Z Removing core/results/yaml-lint-results-12946679014.txt
yaml-lint-process	Run actions/checkout@v4	2025-01-24T09:16:15.4510958Z [command]/usr/bin/git reset --hard HEAD
yaml-lint-process	Run actions/checkout@v4	2025-01-24T09:16:15.4584648Z HEAD is now at a050e58 [Ka0S] se generan los ficheros commit-summary files-in-commit
yaml-lint-process	Run actions/checkout@v4	2025-01-24T09:16:15.4599149Z ##[endgroup]
yaml-lint-process	Run actions/checkout@v4	2025-01-24T09:16:15.4600747Z ##[group]Disabling automatic garbage collection
yaml-lint-process	Run actions/checkout@v4	2025-01-24T09:16:15.4602179Z [command]/usr/bin/git config --local gc.auto 0
yaml-lint-process	Run actions/checkout@v4	2025-01-24T09:16:15.4630119Z ##[endgroup]
yaml-lint-process	Run actions/checkout@v4	2025-01-24T09:16:15.4631793Z ##[group]Setting up auth
yaml-lint-process	Run actions/checkout@v4	2025-01-24T09:16:15.4633581Z [command]/usr/bin/git config --local --name-only --get-regexp core\.sshCommand
yaml-lint-process	Run actions/checkout@v4	2025-01-24T09:16:15.4681877Z [command]/usr/bin/git submodule foreach --recursive sh -c "git config --local --name-only --get-regexp 'core\.sshCommand' && git config --local --unset-all 'core.sshCommand' || :"
yaml-lint-process	Run actions/checkout@v4	2025-01-24T09:16:15.5036274Z [command]/usr/bin/git config --local --name-only --get-regexp http\.https\:\/\/github\.com\/\.extraheader
yaml-lint-process	Run actions/checkout@v4	2025-01-24T09:16:15.5076343Z [command]/usr/bin/git submodule foreach --recursive sh -c "git config --local --name-only --get-regexp 'http\.https\:\/\/github\.com\/\.extraheader' && git config --local --unset-all 'http.https://github.com/.extraheader' || :"
yaml-lint-process	Run actions/checkout@v4	2025-01-24T09:16:15.5441412Z [command]/usr/bin/git config --local http.https://github.com/.extraheader AUTHORIZATION: basic ***
yaml-lint-process	Run actions/checkout@v4	2025-01-24T09:16:15.5492042Z ##[endgroup]
yaml-lint-process	Run actions/checkout@v4	2025-01-24T09:16:15.5493599Z ##[group]Fetching the repository
yaml-lint-process	Run actions/checkout@v4	2025-01-24T09:16:15.5503299Z [command]/usr/bin/git -c protocol.version=2 fetch --prune --no-recurse-submodules origin +refs/heads/*:refs/remotes/origin/* +refs/tags/*:refs/tags/*
yaml-lint-process	Run actions/checkout@v4	2025-01-24T09:16:16.2945974Z From https://github.com/SantaKa0S/kaos
yaml-lint-process	Run actions/checkout@v4	2025-01-24T09:16:16.2950851Z    a050e58..bb33608  H823-ka0s-init-module-failed-in-12932778824 -> origin/H823-ka0s-init-module-failed-in-12932778824
yaml-lint-process	Run actions/checkout@v4	2025-01-24T09:16:16.3016129Z [command]/usr/bin/git branch --list --remote origin/H823-ka0s-init-module-failed-in-12932778824
yaml-lint-process	Run actions/checkout@v4	2025-01-24T09:16:16.3043499Z   origin/H823-ka0s-init-module-failed-in-12932778824
yaml-lint-process	Run actions/checkout@v4	2025-01-24T09:16:16.3053506Z [command]/usr/bin/git rev-parse refs/remotes/origin/H823-ka0s-init-module-failed-in-12932778824
yaml-lint-process	Run actions/checkout@v4	2025-01-24T09:16:16.3082181Z bb33608affbd712824ffa8df8664408aa52d4eee
yaml-lint-process	Run actions/checkout@v4	2025-01-24T09:16:16.3095410Z [command]/usr/bin/git -c protocol.version=2 fetch --no-tags --prune --no-recurse-submodules origin +a050e58b7f01dfb65b5ba49349f8997310ee7a16:refs/remotes/origin/H823-ka0s-init-module-failed-in-12932778824
yaml-lint-process	Run actions/checkout@v4	2025-01-24T09:16:16.3384414Z From https://github.com/SantaKa0S/kaos
yaml-lint-process	Run actions/checkout@v4	2025-01-24T09:16:16.3386895Z  + bb33608...a050e58 a050e58b7f01dfb65b5ba49349f8997310ee7a16 -> origin/H823-ka0s-init-module-failed-in-12932778824  (forced update)
yaml-lint-process	Run actions/checkout@v4	2025-01-24T09:16:16.3409260Z ##[endgroup]
yaml-lint-process	Run actions/checkout@v4	2025-01-24T09:16:16.3410613Z ##[group]Determining the checkout info
yaml-lint-process	Run actions/checkout@v4	2025-01-24T09:16:16.3412085Z ##[endgroup]
yaml-lint-process	Run actions/checkout@v4	2025-01-24T09:16:16.3413327Z ##[group]Checking out the ref
yaml-lint-process	Run actions/checkout@v4	2025-01-24T09:16:16.3416103Z [command]/usr/bin/git checkout --progress --force -B H823-ka0s-init-module-failed-in-12932778824 refs/remotes/origin/H823-ka0s-init-module-failed-in-12932778824
yaml-lint-process	Run actions/checkout@v4	2025-01-24T09:16:16.3479701Z Switched to a new branch 'H823-ka0s-init-module-failed-in-12932778824'
yaml-lint-process	Run actions/checkout@v4	2025-01-24T09:16:16.3482544Z Branch 'H823-ka0s-init-module-failed-in-12932778824' set up to track remote branch 'H823-ka0s-init-module-failed-in-12932778824' from 'origin'.
yaml-lint-process	Run actions/checkout@v4	2025-01-24T09:16:16.3488761Z ##[endgroup]
yaml-lint-process	Run actions/checkout@v4	2025-01-24T09:16:16.3525887Z [command]/usr/bin/git log -1 --format=%H
yaml-lint-process	Run actions/checkout@v4	2025-01-24T09:16:16.3557155Z a050e58b7f01dfb65b5ba49349f8997310ee7a16
yaml-lint-process	Run actions/setup-python@v5	2025-01-24T09:16:16.3841944Z ##[group]Run actions/setup-python@v5
yaml-lint-process	Run actions/setup-python@v5	2025-01-24T09:16:16.3842891Z with:
yaml-lint-process	Run actions/setup-python@v5	2025-01-24T09:16:16.3843514Z   python-version: 3.x
yaml-lint-process	Run actions/setup-python@v5	2025-01-24T09:16:16.3844258Z   check-latest: false
yaml-lint-process	Run actions/setup-python@v5	2025-01-24T09:16:16.3845250Z   token: ***
yaml-lint-process	Run actions/setup-python@v5	2025-01-24T09:16:16.3846134Z   update-environment: true
yaml-lint-process	Run actions/setup-python@v5	2025-01-24T09:16:16.3847065Z   allow-prereleases: false
yaml-lint-process	Run actions/setup-python@v5	2025-01-24T09:16:16.3847814Z env:
yaml-lint-process	Run actions/setup-python@v5	2025-01-24T09:16:16.3848425Z   KAOS_MODULE: [Ka0S] YAMLLINT
yaml-lint-process	Run actions/setup-python@v5	2025-01-24T09:16:16.3849642Z   GH_TOKEN: ***
yaml-lint-process	Run actions/setup-python@v5	2025-01-24T09:16:16.3850570Z   KAOS_YAMLLINT_CONFIG: ***
yaml-lint-process	Run actions/setup-python@v5	2025-01-24T09:16:16.3851384Z   KAOS_PATH_RESUME: core/results/
yaml-lint-process	Run actions/setup-python@v5	2025-01-24T09:16:16.3852296Z   KAOS_REPO: /actions-runner/_work/kaos/kaos
yaml-lint-process	Run actions/setup-python@v5	2025-01-24T09:16:16.3853217Z   KAOS_STEP_MODULE: 
yaml-lint-process	Run actions/setup-python@v5	2025-01-24T09:16:16.3853915Z   KAOS_CODE: 12946679376
yaml-lint-process	Run actions/setup-python@v5	2025-01-24T09:16:16.3854647Z ##[endgroup]
yaml-lint-process	Run actions/setup-python@v5	2025-01-24T09:16:16.5715216Z ##[group]Installed versions
yaml-lint-process	Run actions/setup-python@v5	2025-01-24T09:16:16.5772225Z Successfully set up CPython (3.13.1)
yaml-lint-process	Run actions/setup-python@v5	2025-01-24T09:16:16.5773952Z ##[endgroup]
yaml-lint-process	Run python -m pip install yamllint	2025-01-24T09:16:16.5935944Z ##[group]Run python -m pip install yamllint
yaml-lint-process	Run python -m pip install yamllint	2025-01-24T09:16:16.5937119Z [36;1mpython -m pip install yamllint[0m
yaml-lint-process	Run python -m pip install yamllint	2025-01-24T09:16:16.5951698Z shell: /usr/bin/bash -e {0}
yaml-lint-process	Run python -m pip install yamllint	2025-01-24T09:16:16.5952543Z env:
yaml-lint-process	Run python -m pip install yamllint	2025-01-24T09:16:16.5953308Z   KAOS_MODULE: [Ka0S] YAMLLINT
yaml-lint-process	Run python -m pip install yamllint	2025-01-24T09:16:16.5954442Z   GH_TOKEN: ***
yaml-lint-process	Run python -m pip install yamllint	2025-01-24T09:16:16.5955581Z   KAOS_YAMLLINT_CONFIG: ***
yaml-lint-process	Run python -m pip install yamllint	2025-01-24T09:16:16.5956803Z   KAOS_PATH_RESUME: core/results/
yaml-lint-process	Run python -m pip install yamllint	2025-01-24T09:16:16.5957735Z   KAOS_REPO: /actions-runner/_work/kaos/kaos
yaml-lint-process	Run python -m pip install yamllint	2025-01-24T09:16:16.5958652Z   KAOS_STEP_MODULE: 
yaml-lint-process	Run python -m pip install yamllint	2025-01-24T09:16:16.5959508Z   KAOS_CODE: 12946679376
yaml-lint-process	Run python -m pip install yamllint	2025-01-24T09:16:16.5960546Z   pythonLocation: /actions-runner/_work/_tool/Python/3.13.1/x64
yaml-lint-process	Run python -m pip install yamllint	2025-01-24T09:16:16.5962114Z   PKG_CONFIG_PATH: /actions-runner/_work/_tool/Python/3.13.1/x64/lib/pkgconfig
yaml-lint-process	Run python -m pip install yamllint	2025-01-24T09:16:16.5963645Z   Python_ROOT_DIR: /actions-runner/_work/_tool/Python/3.13.1/x64
yaml-lint-process	Run python -m pip install yamllint	2025-01-24T09:16:16.5965038Z   Python2_ROOT_DIR: /actions-runner/_work/_tool/Python/3.13.1/x64
yaml-lint-process	Run python -m pip install yamllint	2025-01-24T09:16:16.5966926Z   Python3_ROOT_DIR: /actions-runner/_work/_tool/Python/3.13.1/x64
yaml-lint-process	Run python -m pip install yamllint	2025-01-24T09:16:16.5968315Z   LD_LIBRARY_PATH: /actions-runner/_work/_tool/Python/3.13.1/x64/lib
yaml-lint-process	Run python -m pip install yamllint	2025-01-24T09:16:16.5969434Z ##[endgroup]
yaml-lint-process	Run python -m pip install yamllint	2025-01-24T09:16:16.9433721Z Requirement already satisfied: yamllint in /actions-runner/_work/_tool/Python/3.13.1/x64/lib/python3.13/site-packages (1.35.1)
yaml-lint-process	Run python -m pip install yamllint	2025-01-24T09:16:16.9461406Z Requirement already satisfied: pathspec>=0.5.3 in /actions-runner/_work/_tool/Python/3.13.1/x64/lib/python3.13/site-packages (from yamllint) (0.12.1)
yaml-lint-process	Run python -m pip install yamllint	2025-01-24T09:16:16.9469282Z Requirement already satisfied: pyyaml in /actions-runner/_work/_tool/Python/3.13.1/x64/lib/python3.13/site-packages (from yamllint) (6.0.2)
yaml-lint-process	Run # Invocamos la primera comprobación de base, sino se supera el proceso no continua	2025-01-24T09:16:17.0939634Z ##[group]Run # Invocamos la primera comprobación de base, sino se supera el proceso no continua
yaml-lint-process	Run # Invocamos la primera comprobación de base, sino se supera el proceso no continua	2025-01-24T09:16:17.0942097Z [36;1m# Invocamos la primera comprobación de base, sino se supera el proceso no continua[0m
yaml-lint-process	Run # Invocamos la primera comprobación de base, sino se supera el proceso no continua	2025-01-24T09:16:17.0943547Z [36;1m# Ejecutamos el comando[0m
yaml-lint-process	Run # Invocamos la primera comprobación de base, sino se supera el proceso no continua	2025-01-24T09:16:17.0946055Z [36;1myamllint -c *** ".github/workflows/ka0s.yaml" > core/results/yaml-lint-results-12946679376.txt 2>&1 || true[0m
yaml-lint-process	Run # Invocamos la primera comprobación de base, sino se supera el proceso no continua	2025-01-24T09:16:17.0947938Z [36;1m  # Check if exist errors in file[0m
yaml-lint-process	Run # Invocamos la primera comprobación de base, sino se supera el proceso no continua	2025-01-24T09:16:17.0949179Z [36;1m  if [ ! -s core/results/yaml-lint-results-12946679376.txt ]; then[0m
yaml-lint-process	Run # Invocamos la primera comprobación de base, sino se supera el proceso no continua	2025-01-24T09:16:17.0951005Z [36;1m    # Todo ha salido bien, añadimos el comentario a la issue y saltamos al siguiente paso[0m
yaml-lint-process	Run # Invocamos la primera comprobación de base, sino se supera el proceso no continua	2025-01-24T09:16:17.0952961Z [36;1m    # Añadimos la versión de yamllint con la que se realiza la comprobacion[0m
yaml-lint-process	Run # Invocamos la primera comprobación de base, sino se supera el proceso no continua	2025-01-24T09:16:17.0954612Z [36;1m    yamllint --version >> core/results/yaml-lint-results-12946679376.txt[0m
yaml-lint-process	Run # Invocamos la primera comprobación de base, sino se supera el proceso no continua	2025-01-24T09:16:17.0956446Z [36;1m    # añadimos el nombre del fichero que vamos a comprobar[0m
yaml-lint-process	Run # Invocamos la primera comprobación de base, sino se supera el proceso no continua	2025-01-24T09:16:17.0958242Z [36;1m    echo "Finding: .github/workflows/ka0s.yaml" >> core/results/yaml-lint-results-12946679376.txt[0m
yaml-lint-process	Run # Invocamos la primera comprobación de base, sino se supera el proceso no continua	2025-01-24T09:16:17.0962005Z [36;1m    KAOS_ISSUE_BODY="The [Ka0S] YAMLLINT process (12946675929) launch the check (12946679376) over file (.github/workflows/ka0s.yaml) and its result has been SUCCESS. Please review all files implicated in pull request and approve to merge"[0m
yaml-lint-process	Run # Invocamos la primera comprobación de base, sino se supera el proceso no continua	2025-01-24T09:16:17.0967940Z [36;1m    gh workflow run issue.yaml --ref refs/heads/H823-ka0s-init-module-failed-in-12932778824 -f kaos-issue-title="" -f kaos-issue-body="$KAOS_ISSUE_BODY" -f kaos-issue-actions=comment -f kaos-issue-tag="" -f kaos-issue-id=823[0m
yaml-lint-process	Run # Invocamos la primera comprobación de base, sino se supera el proceso no continua	2025-01-24T09:16:17.0971476Z [36;1m    gh issue comment  823 -F core/results/yaml-lint-results-12946679376.txt [0m
yaml-lint-process	Run # Invocamos la primera comprobación de base, sino se supera el proceso no continua	2025-01-24T09:16:17.0974135Z [36;1m    # una vez finalizado este proceso, en funcion del modulo donde esta ubicado el fichero que se ha comprobado ejecutara un jobs u otro                [0m
yaml-lint-process	Run # Invocamos la primera comprobación de base, sino se supera el proceso no continua	2025-01-24T09:16:17.0976600Z [36;1m  else[0m
yaml-lint-process	Run # Invocamos la primera comprobación de base, sino se supera el proceso no continua	2025-01-24T09:16:17.0977772Z [36;1m    # Algo no ha salido bien, añadimos el comentario a la issue y saltamos al siguiente paso[0m
yaml-lint-process	Run # Invocamos la primera comprobación de base, sino se supera el proceso no continua	2025-01-24T09:16:17.0979481Z [36;1m    # Añadimos la versión de yamllint con la que se realiza la comprobacion[0m
yaml-lint-process	Run # Invocamos la primera comprobación de base, sino se supera el proceso no continua	2025-01-24T09:16:17.0981067Z [36;1m    yamllint --version >> core/results/yaml-lint-results-12946679376.txt[0m
yaml-lint-process	Run # Invocamos la primera comprobación de base, sino se supera el proceso no continua	2025-01-24T09:16:17.0982519Z [36;1m    # añadimos el nombre del fichero que vamos a comprobar[0m
yaml-lint-process	Run # Invocamos la primera comprobación de base, sino se supera el proceso no continua	2025-01-24T09:16:17.0984359Z [36;1m    echo "Finding: .github/workflows/ka0s.yaml" >> core/results/yaml-lint-results-12946679376.txt[0m
yaml-lint-process	Run # Invocamos la primera comprobación de base, sino se supera el proceso no continua	2025-01-24T09:16:17.0987859Z [36;1m    KAOS_ISSUE_BODY="The [Ka0S] YAMLLINT process (12946675929) launch the check (12946679376) over file (.github/workflows/ka0s.yaml) and its result has been FAILED, please check and solved it"[0m
yaml-lint-process	Run # Invocamos la primera comprobación de base, sino se supera el proceso no continua	2025-01-24T09:16:17.0992239Z [36;1m    gh workflow run issue.yaml --ref refs/heads/H823-ka0s-init-module-failed-in-12932778824 -f kaos-issue-title="" -f kaos-issue-body="$KAOS_ISSUE_BODY" -f kaos-issue-actions=comment -f kaos-issue-tag="" -f kaos-issue-id=823[0m
yaml-lint-process	Run # Invocamos la primera comprobación de base, sino se supera el proceso no continua	2025-01-24T09:16:17.0996023Z [36;1m    gh issue comment  823 -F core/results/yaml-lint-results-12946679376.txt[0m
yaml-lint-process	Run # Invocamos la primera comprobación de base, sino se supera el proceso no continua	2025-01-24T09:16:17.0998415Z [36;1m    # una vez finalizado este proceso, en funcion del modulo donde esta ubicado el ficher que se ha comprobado ejecutara un jobs u otro [0m
yaml-lint-process	Run # Invocamos la primera comprobación de base, sino se supera el proceso no continua	2025-01-24T09:16:17.1000240Z [36;1m  fi[0m
yaml-lint-process	Run # Invocamos la primera comprobación de base, sino se supera el proceso no continua	2025-01-24T09:16:17.1010192Z shell: /usr/bin/bash -e {0}
yaml-lint-process	Run # Invocamos la primera comprobación de base, sino se supera el proceso no continua	2025-01-24T09:16:17.1011188Z env:
yaml-lint-process	Run # Invocamos la primera comprobación de base, sino se supera el proceso no continua	2025-01-24T09:16:17.1011870Z   KAOS_MODULE: [Ka0S] YAMLLINT
yaml-lint-process	Run # Invocamos la primera comprobación de base, sino se supera el proceso no continua	2025-01-24T09:16:17.1013191Z   GH_TOKEN: ***
yaml-lint-process	Run # Invocamos la primera comprobación de base, sino se supera el proceso no continua	2025-01-24T09:16:17.1014161Z   KAOS_YAMLLINT_CONFIG: ***
yaml-lint-process	Run # Invocamos la primera comprobación de base, sino se supera el proceso no continua	2025-01-24T09:16:17.1015017Z   KAOS_PATH_RESUME: core/results/
yaml-lint-process	Run # Invocamos la primera comprobación de base, sino se supera el proceso no continua	2025-01-24T09:16:17.1016180Z   KAOS_REPO: /actions-runner/_work/kaos/kaos
yaml-lint-process	Run # Invocamos la primera comprobación de base, sino se supera el proceso no continua	2025-01-24T09:16:17.1017161Z   KAOS_STEP_MODULE: 
yaml-lint-process	Run # Invocamos la primera comprobación de base, sino se supera el proceso no continua	2025-01-24T09:16:17.1018014Z   KAOS_CODE: 12946679376
yaml-lint-process	Run # Invocamos la primera comprobación de base, sino se supera el proceso no continua	2025-01-24T09:16:17.1019049Z   pythonLocation: /actions-runner/_work/_tool/Python/3.13.1/x64
yaml-lint-process	Run # Invocamos la primera comprobación de base, sino se supera el proceso no continua	2025-01-24T09:16:17.1020894Z   PKG_CONFIG_PATH: /actions-runner/_work/_tool/Python/3.13.1/x64/lib/pkgconfig
yaml-lint-process	Run # Invocamos la primera comprobación de base, sino se supera el proceso no continua	2025-01-24T09:16:17.1022396Z   Python_ROOT_DIR: /actions-runner/_work/_tool/Python/3.13.1/x64
yaml-lint-process	Run # Invocamos la primera comprobación de base, sino se supera el proceso no continua	2025-01-24T09:16:17.1023778Z   Python2_ROOT_DIR: /actions-runner/_work/_tool/Python/3.13.1/x64
yaml-lint-process	Run # Invocamos la primera comprobación de base, sino se supera el proceso no continua	2025-01-24T09:16:17.1025161Z   Python3_ROOT_DIR: /actions-runner/_work/_tool/Python/3.13.1/x64
yaml-lint-process	Run # Invocamos la primera comprobación de base, sino se supera el proceso no continua	2025-01-24T09:16:17.1026838Z   LD_LIBRARY_PATH: /actions-runner/_work/_tool/Python/3.13.1/x64/lib
yaml-lint-process	Run # Invocamos la primera comprobación de base, sino se supera el proceso no continua	2025-01-24T09:16:17.1028129Z ##[endgroup]
yaml-lint-process	Run # Invocamos la primera comprobación de base, sino se supera el proceso no continua	2025-01-24T09:16:18.9493278Z https://github.com/SantaKa0S/kaos/issues/823#issuecomment-2612035676
yaml-lint-process	Post Run actions/setup-python@v5	2025-01-24T09:16:18.9586483Z Post job cleanup.
yaml-lint-process	Post Run actions/checkout@v4	2025-01-24T09:16:19.1368489Z Post job cleanup.
yaml-lint-process	Post Run actions/checkout@v4	2025-01-24T09:16:19.2432229Z [command]/usr/bin/git version
yaml-lint-process	Post Run actions/checkout@v4	2025-01-24T09:16:19.2475854Z git version 2.25.1
yaml-lint-process	Post Run actions/checkout@v4	2025-01-24T09:16:19.2527875Z Temporarily overriding HOME='/actions-runner/_work/_temp/24400c4d-fe4c-440b-ae43-8ba1b6ba2374' before making global git config changes
yaml-lint-process	Post Run actions/checkout@v4	2025-01-24T09:16:19.2533915Z Adding repository directory to the temporary git global config as a safe directory
yaml-lint-process	Post Run actions/checkout@v4	2025-01-24T09:16:19.2546956Z [command]/usr/bin/git config --global --add safe.directory /actions-runner/_work/kaos/kaos
yaml-lint-process	Post Run actions/checkout@v4	2025-01-24T09:16:19.2594635Z [command]/usr/bin/git config --local --name-only --get-regexp core\.sshCommand
yaml-lint-process	Post Run actions/checkout@v4	2025-01-24T09:16:19.2640795Z [command]/usr/bin/git submodule foreach --recursive sh -c "git config --local --name-only --get-regexp 'core\.sshCommand' && git config --local --unset-all 'core.sshCommand' || :"
yaml-lint-process	Post Run actions/checkout@v4	2025-01-24T09:16:19.3056008Z [command]/usr/bin/git config --local --name-only --get-regexp http\.https\:\/\/github\.com\/\.extraheader
yaml-lint-process	Post Run actions/checkout@v4	2025-01-24T09:16:19.3098931Z http.https://github.com/.extraheader
yaml-lint-process	Post Run actions/checkout@v4	2025-01-24T09:16:19.3123439Z [command]/usr/bin/git config --local --unset-all http.https://github.com/.extraheader
yaml-lint-process	Post Run actions/checkout@v4	2025-01-24T09:16:19.3162085Z [command]/usr/bin/git submodule foreach --recursive sh -c "git config --local --name-only --get-regexp 'http\.https\:\/\/github\.com\/\.extraheader' && git config --local --unset-all 'http.https://github.com/.extraheader' || :"
yaml-lint-process	Complete job	2025-01-24T09:16:19.3703232Z Cleaning up orphan processes
end-workflow	Set up job	2025-01-24T09:17:34.0420152Z Current runner version: '2.321.0'
end-workflow	Set up job	2025-01-24T09:17:34.0427313Z Runner name: 'kaos-yamllint-1'
end-workflow	Set up job	2025-01-24T09:17:34.0428160Z Runner group name: 'kaos-yamllint'
end-workflow	Set up job	2025-01-24T09:17:34.0429066Z Machine name: 'dfff99a7683d'
end-workflow	Set up job	2025-01-24T09:17:34.0431827Z ##[group]GITHUB_TOKEN Permissions
end-workflow	Set up job	2025-01-24T09:17:34.0434275Z Actions: write
end-workflow	Set up job	2025-01-24T09:17:34.0434807Z Contents: write
end-workflow	Set up job	2025-01-24T09:17:34.0435348Z Issues: write
end-workflow	Set up job	2025-01-24T09:17:34.0436287Z Metadata: read
end-workflow	Set up job	2025-01-24T09:17:34.0436766Z PullRequests: write
end-workflow	Set up job	2025-01-24T09:17:34.0437249Z ##[endgroup]
end-workflow	Set up job	2025-01-24T09:17:34.0439475Z Secret source: Actions
end-workflow	Set up job	2025-01-24T09:17:34.0440322Z Prepare workflow directory
end-workflow	Set up job	2025-01-24T09:17:34.1007104Z Prepare all required actions
end-workflow	Set up job	2025-01-24T09:17:34.1069461Z Complete job name: end-workflow
end-workflow	Finaliza el workflow	2025-01-24T09:17:34.1668325Z ##[group]Run echo "End process"
end-workflow	Finaliza el workflow	2025-01-24T09:17:34.1669301Z [36;1mecho "End process"[0m
end-workflow	Finaliza el workflow	2025-01-24T09:17:34.1670919Z [36;1mgh workflow run inspector.yaml --ref refs/heads/H823-ka0s-init-module-failed-in-12932778824 -f kaos-issue-id="823" -f kaos-workflow-id="12946679376" -f kaos-user-start="santakloud"[0m
end-workflow	Finaliza el workflow	2025-01-24T09:17:34.1696296Z shell: /usr/bin/bash -e {0}
end-workflow	Finaliza el workflow	2025-01-24T09:17:34.1697335Z env:
end-workflow	Finaliza el workflow	2025-01-24T09:17:34.1697829Z   KAOS_MODULE: [Ka0S] YAMLLINT
end-workflow	Finaliza el workflow	2025-01-24T09:17:34.1698989Z   GH_TOKEN: ***
end-workflow	Finaliza el workflow	2025-01-24T09:17:34.1699803Z   KAOS_YAMLLINT_CONFIG: ***
end-workflow	Finaliza el workflow	2025-01-24T09:17:34.1700407Z   KAOS_PATH_RESUME: core/results/
end-workflow	Finaliza el workflow	2025-01-24T09:17:34.1701334Z   KAOS_REPO: /actions-runner/_work/kaos/kaos
end-workflow	Finaliza el workflow	2025-01-24T09:17:34.1702002Z   KAOS_STEP_MODULE: 
end-workflow	Finaliza el workflow	2025-01-24T09:17:34.1702535Z   KAOS_CODE: 12946679376
end-workflow	Finaliza el workflow	2025-01-24T09:17:34.1703087Z ##[endgroup]
end-workflow	Finaliza el workflow	2025-01-24T09:17:34.1891335Z End process
end-workflow	Complete job	2025-01-24T09:17:34.8132994Z Cleaning up orphan processes
