yaml-lint-process	Set up job	2025-01-24T08:57:32.3498272Z Current runner version: '2.321.0'
yaml-lint-process	Set up job	2025-01-24T08:57:32.3508130Z Runner name: 'kaos-yamllint-1'
yaml-lint-process	Set up job	2025-01-24T08:57:32.3509135Z Runner group name: 'kaos-yamllint'
yaml-lint-process	Set up job	2025-01-24T08:57:32.3510304Z Machine name: 'dfff99a7683d'
yaml-lint-process	Set up job	2025-01-24T08:57:32.3513728Z ##[group]GITHUB_TOKEN Permissions
yaml-lint-process	Set up job	2025-01-24T08:57:32.3518252Z Actions: write
yaml-lint-process	Set up job	2025-01-24T08:57:32.3518981Z Contents: write
yaml-lint-process	Set up job	2025-01-24T08:57:32.3519528Z Issues: write
yaml-lint-process	Set up job	2025-01-24T08:57:32.3520056Z Metadata: read
yaml-lint-process	Set up job	2025-01-24T08:57:32.3520599Z PullRequests: write
yaml-lint-process	Set up job	2025-01-24T08:57:32.3521161Z ##[endgroup]
yaml-lint-process	Set up job	2025-01-24T08:57:32.3524763Z Secret source: Actions
yaml-lint-process	Set up job	2025-01-24T08:57:32.3525905Z Prepare workflow directory
yaml-lint-process	Set up job	2025-01-24T08:57:32.4480040Z Prepare all required actions
yaml-lint-process	Set up job	2025-01-24T08:57:32.4543321Z Getting action download info
yaml-lint-process	Set up job	2025-01-24T08:57:32.6918375Z Download action repository 'actions/checkout@v4' (SHA:11bd71901bbe5b1630ceea73d27597364c9af683)
yaml-lint-process	Set up job	2025-01-24T08:57:33.4699210Z Download action repository 'actions/setup-python@v5' (SHA:0b93645e9fea7318ecaed2b359559ac225c90a2b)
yaml-lint-process	Set up job	2025-01-24T08:57:34.5049358Z Complete job name: yaml-lint-process
yaml-lint-process	Run actions/checkout@v4	2025-01-24T08:57:34.5810704Z ##[group]Run actions/checkout@v4
yaml-lint-process	Run actions/checkout@v4	2025-01-24T08:57:34.5812177Z with:
yaml-lint-process	Run actions/checkout@v4	2025-01-24T08:57:34.5812902Z   fetch-depth: 0
yaml-lint-process	Run actions/checkout@v4	2025-01-24T08:57:34.5814248Z   token: ***
yaml-lint-process	Run actions/checkout@v4	2025-01-24T08:57:34.5815043Z   repository: SantaKa0S/kaos
yaml-lint-process	Run actions/checkout@v4	2025-01-24T08:57:34.5816356Z   ssh-strict: true
yaml-lint-process	Run actions/checkout@v4	2025-01-24T08:57:34.5817127Z   ssh-user: git
yaml-lint-process	Run actions/checkout@v4	2025-01-24T08:57:34.5817901Z   persist-credentials: true
yaml-lint-process	Run actions/checkout@v4	2025-01-24T08:57:34.5818777Z   clean: true
yaml-lint-process	Run actions/checkout@v4	2025-01-24T08:57:34.5819586Z   sparse-checkout-cone-mode: true
yaml-lint-process	Run actions/checkout@v4	2025-01-24T08:57:34.5820561Z   fetch-tags: false
yaml-lint-process	Run actions/checkout@v4	2025-01-24T08:57:34.5821344Z   show-progress: true
yaml-lint-process	Run actions/checkout@v4	2025-01-24T08:57:34.5822136Z   lfs: false
yaml-lint-process	Run actions/checkout@v4	2025-01-24T08:57:34.5822859Z   submodules: false
yaml-lint-process	Run actions/checkout@v4	2025-01-24T08:57:34.5823693Z   set-safe-directory: true
yaml-lint-process	Run actions/checkout@v4	2025-01-24T08:57:34.5825167Z env:
yaml-lint-process	Run actions/checkout@v4	2025-01-24T08:57:34.5826247Z   KAOS_MODULE: [Ka0S] YAMLLINT
yaml-lint-process	Run actions/checkout@v4	2025-01-24T08:57:34.5827502Z   GH_TOKEN: ***
yaml-lint-process	Run actions/checkout@v4	2025-01-24T08:57:34.5828559Z   KAOS_YAMLLINT_CONFIG: ***
yaml-lint-process	Run actions/checkout@v4	2025-01-24T08:57:34.5829519Z   KAOS_PATH_RESUME: core/results/
yaml-lint-process	Run actions/checkout@v4	2025-01-24T08:57:34.5830675Z   KAOS_REPO: /actions-runner/_work/kaos/kaos
yaml-lint-process	Run actions/checkout@v4	2025-01-24T08:57:34.5831907Z   KAOS_STEP_MODULE: 
yaml-lint-process	Run actions/checkout@v4	2025-01-24T08:57:34.5832678Z   KAOS_CODE: 12946391961
yaml-lint-process	Run actions/checkout@v4	2025-01-24T08:57:34.5833476Z ##[endgroup]
yaml-lint-process	Run actions/checkout@v4	2025-01-24T08:57:34.7876646Z Syncing repository: SantaKa0S/kaos
yaml-lint-process	Run actions/checkout@v4	2025-01-24T08:57:34.7880412Z ##[group]Getting Git version info
yaml-lint-process	Run actions/checkout@v4	2025-01-24T08:57:34.7881929Z Working directory is '/actions-runner/_work/kaos/kaos'
yaml-lint-process	Run actions/checkout@v4	2025-01-24T08:57:34.7884133Z [command]/usr/bin/git version
yaml-lint-process	Run actions/checkout@v4	2025-01-24T08:57:34.7885436Z git version 2.25.1
yaml-lint-process	Run actions/checkout@v4	2025-01-24T08:57:34.7910868Z ##[endgroup]
yaml-lint-process	Run actions/checkout@v4	2025-01-24T08:57:34.7983961Z Temporarily overriding HOME='/actions-runner/_work/_temp/d50ab622-363a-420e-af44-9b5ec461ff34' before making global git config changes
yaml-lint-process	Run actions/checkout@v4	2025-01-24T08:57:34.7988551Z Adding repository directory to the temporary git global config as a safe directory
yaml-lint-process	Run actions/checkout@v4	2025-01-24T08:57:34.7991079Z [command]/usr/bin/git config --global --add safe.directory /actions-runner/_work/kaos/kaos
yaml-lint-process	Run actions/checkout@v4	2025-01-24T08:57:34.8031730Z [command]/usr/bin/git config --local --get remote.origin.url
yaml-lint-process	Run actions/checkout@v4	2025-01-24T08:57:34.8115675Z https://github.com/SantaKa0S/kaos
yaml-lint-process	Run actions/checkout@v4	2025-01-24T08:57:34.8143531Z ##[group]Removing previously created refs, to avoid conflicts
yaml-lint-process	Run actions/checkout@v4	2025-01-24T08:57:34.8151101Z [command]/usr/bin/git rev-parse --symbolic-full-name --verify --quiet HEAD
yaml-lint-process	Run actions/checkout@v4	2025-01-24T08:57:34.8179823Z refs/heads/H823-ka0s-init-module-failed-in-12932778824
yaml-lint-process	Run actions/checkout@v4	2025-01-24T08:57:34.8199576Z [command]/usr/bin/git checkout --detach
yaml-lint-process	Run actions/checkout@v4	2025-01-24T08:57:34.8387569Z HEAD is now at 781c651 [Ka0S] se generan los ficheros commit-summary files-in-commit
yaml-lint-process	Run actions/checkout@v4	2025-01-24T08:57:34.8492198Z [command]/usr/bin/git branch --delete --force H823-ka0s-init-module-failed-in-12932778824
yaml-lint-process	Run actions/checkout@v4	2025-01-24T08:57:34.8525685Z Deleted branch H823-ka0s-init-module-failed-in-12932778824 (was 781c651).
yaml-lint-process	Run actions/checkout@v4	2025-01-24T08:57:34.8644165Z ##[endgroup]
yaml-lint-process	Run actions/checkout@v4	2025-01-24T08:57:34.8658984Z [command]/usr/bin/git submodule status
yaml-lint-process	Run actions/checkout@v4	2025-01-24T08:57:34.9266804Z ##[group]Cleaning the repository
yaml-lint-process	Run actions/checkout@v4	2025-01-24T08:57:34.9268540Z [command]/usr/bin/git clean -ffdx
yaml-lint-process	Run actions/checkout@v4	2025-01-24T08:57:34.9308549Z Removing core/results/yaml-lint-results-12946391651.txt
yaml-lint-process	Run actions/checkout@v4	2025-01-24T08:57:34.9311630Z [command]/usr/bin/git reset --hard HEAD
yaml-lint-process	Run actions/checkout@v4	2025-01-24T08:57:34.9402798Z HEAD is now at 781c651 [Ka0S] se generan los ficheros commit-summary files-in-commit
yaml-lint-process	Run actions/checkout@v4	2025-01-24T08:57:34.9413593Z ##[endgroup]
yaml-lint-process	Run actions/checkout@v4	2025-01-24T08:57:34.9415135Z ##[group]Disabling automatic garbage collection
yaml-lint-process	Run actions/checkout@v4	2025-01-24T08:57:34.9416753Z [command]/usr/bin/git config --local gc.auto 0
yaml-lint-process	Run actions/checkout@v4	2025-01-24T08:57:34.9458245Z ##[endgroup]
yaml-lint-process	Run actions/checkout@v4	2025-01-24T08:57:34.9485601Z ##[group]Setting up auth
yaml-lint-process	Run actions/checkout@v4	2025-01-24T08:57:34.9488308Z [command]/usr/bin/git config --local --name-only --get-regexp core\.sshCommand
yaml-lint-process	Run actions/checkout@v4	2025-01-24T08:57:34.9592776Z [command]/usr/bin/git submodule foreach --recursive sh -c "git config --local --name-only --get-regexp 'core\.sshCommand' && git config --local --unset-all 'core.sshCommand' || :"
yaml-lint-process	Run actions/checkout@v4	2025-01-24T08:57:35.0270320Z [command]/usr/bin/git config --local --name-only --get-regexp http\.https\:\/\/github\.com\/\.extraheader
yaml-lint-process	Run actions/checkout@v4	2025-01-24T08:57:35.0335743Z [command]/usr/bin/git submodule foreach --recursive sh -c "git config --local --name-only --get-regexp 'http\.https\:\/\/github\.com\/\.extraheader' && git config --local --unset-all 'http.https://github.com/.extraheader' || :"
yaml-lint-process	Run actions/checkout@v4	2025-01-24T08:57:35.0783349Z [command]/usr/bin/git config --local http.https://github.com/.extraheader AUTHORIZATION: basic ***
yaml-lint-process	Run actions/checkout@v4	2025-01-24T08:57:35.0858222Z ##[endgroup]
yaml-lint-process	Run actions/checkout@v4	2025-01-24T08:57:35.0866560Z ##[group]Fetching the repository
yaml-lint-process	Run actions/checkout@v4	2025-01-24T08:57:35.0875389Z [command]/usr/bin/git -c protocol.version=2 fetch --prune --no-recurse-submodules origin +refs/heads/*:refs/remotes/origin/* +refs/tags/*:refs/tags/*
yaml-lint-process	Run actions/checkout@v4	2025-01-24T08:57:35.6523668Z [command]/usr/bin/git branch --list --remote origin/H823-ka0s-init-module-failed-in-12932778824
yaml-lint-process	Run actions/checkout@v4	2025-01-24T08:57:35.6558790Z   origin/H823-ka0s-init-module-failed-in-12932778824
yaml-lint-process	Run actions/checkout@v4	2025-01-24T08:57:35.6583594Z [command]/usr/bin/git rev-parse refs/remotes/origin/H823-ka0s-init-module-failed-in-12932778824
yaml-lint-process	Run actions/checkout@v4	2025-01-24T08:57:35.6626368Z 781c651ffda732e7ba715bb4c86efb4365e9b290
yaml-lint-process	Run actions/checkout@v4	2025-01-24T08:57:35.6634598Z ##[endgroup]
yaml-lint-process	Run actions/checkout@v4	2025-01-24T08:57:35.6636202Z ##[group]Determining the checkout info
yaml-lint-process	Run actions/checkout@v4	2025-01-24T08:57:35.6637798Z ##[endgroup]
yaml-lint-process	Run actions/checkout@v4	2025-01-24T08:57:35.6639182Z ##[group]Checking out the ref
yaml-lint-process	Run actions/checkout@v4	2025-01-24T08:57:35.6652319Z [command]/usr/bin/git checkout --progress --force -B H823-ka0s-init-module-failed-in-12932778824 refs/remotes/origin/H823-ka0s-init-module-failed-in-12932778824
yaml-lint-process	Run actions/checkout@v4	2025-01-24T08:57:35.6754081Z Switched to a new branch 'H823-ka0s-init-module-failed-in-12932778824'
yaml-lint-process	Run actions/checkout@v4	2025-01-24T08:57:35.6760477Z Branch 'H823-ka0s-init-module-failed-in-12932778824' set up to track remote branch 'H823-ka0s-init-module-failed-in-12932778824' from 'origin'.
yaml-lint-process	Run actions/checkout@v4	2025-01-24T08:57:35.6770236Z ##[endgroup]
yaml-lint-process	Run actions/checkout@v4	2025-01-24T08:57:35.6825923Z [command]/usr/bin/git log -1 --format=%H
yaml-lint-process	Run actions/checkout@v4	2025-01-24T08:57:35.6857809Z 781c651ffda732e7ba715bb4c86efb4365e9b290
yaml-lint-process	Run actions/setup-python@v5	2025-01-24T08:57:35.7149325Z ##[group]Run actions/setup-python@v5
yaml-lint-process	Run actions/setup-python@v5	2025-01-24T08:57:35.7150363Z with:
yaml-lint-process	Run actions/setup-python@v5	2025-01-24T08:57:35.7151053Z   python-version: 3.x
yaml-lint-process	Run actions/setup-python@v5	2025-01-24T08:57:35.7151856Z   check-latest: false
yaml-lint-process	Run actions/setup-python@v5	2025-01-24T08:57:35.7152956Z   token: ***
yaml-lint-process	Run actions/setup-python@v5	2025-01-24T08:57:35.7153803Z   update-environment: true
yaml-lint-process	Run actions/setup-python@v5	2025-01-24T08:57:35.7154645Z   allow-prereleases: false
yaml-lint-process	Run actions/setup-python@v5	2025-01-24T08:57:35.7155822Z env:
yaml-lint-process	Run actions/setup-python@v5	2025-01-24T08:57:35.7156470Z   KAOS_MODULE: [Ka0S] YAMLLINT
yaml-lint-process	Run actions/setup-python@v5	2025-01-24T08:57:35.7157513Z   GH_TOKEN: ***
yaml-lint-process	Run actions/setup-python@v5	2025-01-24T08:57:35.7158486Z   KAOS_YAMLLINT_CONFIG: ***
yaml-lint-process	Run actions/setup-python@v5	2025-01-24T08:57:35.7159329Z   KAOS_PATH_RESUME: core/results/
yaml-lint-process	Run actions/setup-python@v5	2025-01-24T08:57:35.7160288Z   KAOS_REPO: /actions-runner/_work/kaos/kaos
yaml-lint-process	Run actions/setup-python@v5	2025-01-24T08:57:35.7161533Z   KAOS_STEP_MODULE: 
yaml-lint-process	Run actions/setup-python@v5	2025-01-24T08:57:35.7162681Z   KAOS_CODE: 12946391961
yaml-lint-process	Run actions/setup-python@v5	2025-01-24T08:57:35.7163455Z ##[endgroup]
yaml-lint-process	Run actions/setup-python@v5	2025-01-24T08:57:35.9318169Z ##[group]Installed versions
yaml-lint-process	Run actions/setup-python@v5	2025-01-24T08:57:35.9384821Z Successfully set up CPython (3.13.1)
yaml-lint-process	Run actions/setup-python@v5	2025-01-24T08:57:35.9391100Z ##[endgroup]
yaml-lint-process	Run python -m pip install yamllint	2025-01-24T08:57:35.9559274Z ##[group]Run python -m pip install yamllint
yaml-lint-process	Run python -m pip install yamllint	2025-01-24T08:57:35.9560536Z [36;1mpython -m pip install yamllint[0m
yaml-lint-process	Run python -m pip install yamllint	2025-01-24T08:57:35.9577779Z shell: /usr/bin/bash -e {0}
yaml-lint-process	Run python -m pip install yamllint	2025-01-24T08:57:35.9578663Z env:
yaml-lint-process	Run python -m pip install yamllint	2025-01-24T08:57:35.9579315Z   KAOS_MODULE: [Ka0S] YAMLLINT
yaml-lint-process	Run python -m pip install yamllint	2025-01-24T08:57:35.9580501Z   GH_TOKEN: ***
yaml-lint-process	Run python -m pip install yamllint	2025-01-24T08:57:35.9581479Z   KAOS_YAMLLINT_CONFIG: ***
yaml-lint-process	Run python -m pip install yamllint	2025-01-24T08:57:35.9582326Z   KAOS_PATH_RESUME: core/results/
yaml-lint-process	Run python -m pip install yamllint	2025-01-24T08:57:35.9583249Z   KAOS_REPO: /actions-runner/_work/kaos/kaos
yaml-lint-process	Run python -m pip install yamllint	2025-01-24T08:57:35.9584187Z   KAOS_STEP_MODULE: 
yaml-lint-process	Run python -m pip install yamllint	2025-01-24T08:57:35.9584916Z   KAOS_CODE: 12946391961
yaml-lint-process	Run python -m pip install yamllint	2025-01-24T08:57:35.9586354Z   pythonLocation: /actions-runner/_work/_tool/Python/3.13.1/x64
yaml-lint-process	Run python -m pip install yamllint	2025-01-24T08:57:35.9588994Z   PKG_CONFIG_PATH: /actions-runner/_work/_tool/Python/3.13.1/x64/lib/pkgconfig
yaml-lint-process	Run python -m pip install yamllint	2025-01-24T08:57:35.9590795Z   Python_ROOT_DIR: /actions-runner/_work/_tool/Python/3.13.1/x64
yaml-lint-process	Run python -m pip install yamllint	2025-01-24T08:57:35.9592413Z   Python2_ROOT_DIR: /actions-runner/_work/_tool/Python/3.13.1/x64
yaml-lint-process	Run python -m pip install yamllint	2025-01-24T08:57:35.9594071Z   Python3_ROOT_DIR: /actions-runner/_work/_tool/Python/3.13.1/x64
yaml-lint-process	Run python -m pip install yamllint	2025-01-24T08:57:35.9595921Z   LD_LIBRARY_PATH: /actions-runner/_work/_tool/Python/3.13.1/x64/lib
yaml-lint-process	Run python -m pip install yamllint	2025-01-24T08:57:35.9597219Z ##[endgroup]
yaml-lint-process	Run python -m pip install yamllint	2025-01-24T08:57:36.3454906Z Requirement already satisfied: yamllint in /actions-runner/_work/_tool/Python/3.13.1/x64/lib/python3.13/site-packages (1.35.1)
yaml-lint-process	Run python -m pip install yamllint	2025-01-24T08:57:36.3485068Z Requirement already satisfied: pathspec>=0.5.3 in /actions-runner/_work/_tool/Python/3.13.1/x64/lib/python3.13/site-packages (from yamllint) (0.12.1)
yaml-lint-process	Run python -m pip install yamllint	2025-01-24T08:57:36.3491618Z Requirement already satisfied: pyyaml in /actions-runner/_work/_tool/Python/3.13.1/x64/lib/python3.13/site-packages (from yamllint) (6.0.2)
yaml-lint-process	Run # Invocamos la primera comprobaci√≥n de base, sino se supera el proceso no continua	2025-01-24T08:57:36.4689784Z ##[group]Run # Invocamos la primera comprobaci√≥n de base, sino se supera el proceso no continua
yaml-lint-process	Run # Invocamos la primera comprobaci√≥n de base, sino se supera el proceso no continua	2025-01-24T08:57:36.4692326Z [36;1m# Invocamos la primera comprobaci√≥n de base, sino se supera el proceso no continua[0m
yaml-lint-process	Run # Invocamos la primera comprobaci√≥n de base, sino se supera el proceso no continua	2025-01-24T08:57:36.4693909Z [36;1m# Ejecutamos el comando[0m
yaml-lint-process	Run # Invocamos la primera comprobaci√≥n de base, sino se supera el proceso no continua	2025-01-24T08:57:36.4696745Z [36;1myamllint -c *** ".github/workflows/inspector.yaml" > core/results/yaml-lint-results-12946391961.txt 2>&1 || true[0m
yaml-lint-process	Run # Invocamos la primera comprobaci√≥n de base, sino se supera el proceso no continua	2025-01-24T08:57:36.4698927Z [36;1m  # Check if exist errors in file[0m
yaml-lint-process	Run # Invocamos la primera comprobaci√≥n de base, sino se supera el proceso no continua	2025-01-24T08:57:36.4700428Z [36;1m  if [ ! -s core/results/yaml-lint-results-12946391961.txt ]; then[0m
yaml-lint-process	Run # Invocamos la primera comprobaci√≥n de base, sino se supera el proceso no continua	2025-01-24T08:57:36.4702392Z [36;1m    # Todo ha salido bien, a√±adimos el comentario a la issue y saltamos al siguiente paso[0m
yaml-lint-process	Run # Invocamos la primera comprobaci√≥n de base, sino se supera el proceso no continua	2025-01-24T08:57:36.4704504Z [36;1m    # A√±adimos la versi√≥n de yamllint con la que se realiza la comprobacion[0m
yaml-lint-process	Run # Invocamos la primera comprobaci√≥n de base, sino se supera el proceso no continua	2025-01-24T08:57:36.4707369Z [36;1m    yamllint --version >> core/results/yaml-lint-results-12946391961.txt[0m
yaml-lint-process	Run # Invocamos la primera comprobaci√≥n de base, sino se supera el proceso no continua	2025-01-24T08:57:36.4709196Z [36;1m    # a√±adimos el nombre del fichero que vamos a comprobar[0m
yaml-lint-process	Run # Invocamos la primera comprobaci√≥n de base, sino se supera el proceso no continua	2025-01-24T08:57:36.4711492Z [36;1m    echo "Finding: .github/workflows/inspector.yaml" >> core/results/yaml-lint-results-12946391961.txt[0m
yaml-lint-process	Run # Invocamos la primera comprobaci√≥n de base, sino se supera el proceso no continua	2025-01-24T08:57:36.4715871Z [36;1m    KAOS_ISSUE_BODY="The [Ka0S] YAMLLINT process (12946389488) launch the check (12946391961) over file (.github/workflows/inspector.yaml) and its result has been SUCCESS. Please review all files implicated in pull request and approve to merge"[0m
yaml-lint-process	Run # Invocamos la primera comprobaci√≥n de base, sino se supera el proceso no continua	2025-01-24T08:57:36.4721668Z [36;1m    gh workflow run issue.yaml --ref refs/heads/H823-ka0s-init-module-failed-in-12932778824 -f kaos-issue-title="" -f kaos-issue-body="$KAOS_ISSUE_BODY" -f kaos-issue-actions=comment -f kaos-issue-tag="" -f kaos-issue-id=823[0m
yaml-lint-process	Run # Invocamos la primera comprobaci√≥n de base, sino se supera el proceso no continua	2025-01-24T08:57:36.4725557Z [36;1m    gh issue comment  823 -F core/results/yaml-lint-results-12946391961.txt [0m
yaml-lint-process	Run # Invocamos la primera comprobaci√≥n de base, sino se supera el proceso no continua	2025-01-24T08:57:36.4728615Z [36;1m    # una vez finalizado este proceso, en funcion del modulo donde esta ubicado el fichero que se ha comprobado ejecutara un jobs u otro                [0m
yaml-lint-process	Run # Invocamos la primera comprobaci√≥n de base, sino se supera el proceso no continua	2025-01-24T08:57:36.4731035Z [36;1m  else[0m
yaml-lint-process	Run # Invocamos la primera comprobaci√≥n de base, sino se supera el proceso no continua	2025-01-24T08:57:36.4732468Z [36;1m    # Algo no ha salido bien, a√±adimos el comentario a la issue y saltamos al siguiente paso[0m
yaml-lint-process	Run # Invocamos la primera comprobaci√≥n de base, sino se supera el proceso no continua	2025-01-24T08:57:36.4734616Z [36;1m    # A√±adimos la versi√≥n de yamllint con la que se realiza la comprobacion[0m
yaml-lint-process	Run # Invocamos la primera comprobaci√≥n de base, sino se supera el proceso no continua	2025-01-24T08:57:36.4736751Z [36;1m    yamllint --version >> core/results/yaml-lint-results-12946391961.txt[0m
yaml-lint-process	Run # Invocamos la primera comprobaci√≥n de base, sino se supera el proceso no continua	2025-01-24T08:57:36.4738869Z [36;1m    # a√±adimos el nombre del fichero que vamos a comprobar[0m
yaml-lint-process	Run # Invocamos la primera comprobaci√≥n de base, sino se supera el proceso no continua	2025-01-24T08:57:36.4740907Z [36;1m    echo "Finding: .github/workflows/inspector.yaml" >> core/results/yaml-lint-results-12946391961.txt[0m
yaml-lint-process	Run # Invocamos la primera comprobaci√≥n de base, sino se supera el proceso no continua	2025-01-24T08:57:36.4744299Z [36;1m    KAOS_ISSUE_BODY="The [Ka0S] YAMLLINT process (12946389488) launch the check (12946391961) over file (.github/workflows/inspector.yaml) and its result has been FAILED, please check and solved it"[0m
yaml-lint-process	Run # Invocamos la primera comprobaci√≥n de base, sino se supera el proceso no continua	2025-01-24T08:57:36.4749586Z [36;1m    gh workflow run issue.yaml --ref refs/heads/H823-ka0s-init-module-failed-in-12932778824 -f kaos-issue-title="" -f kaos-issue-body="$KAOS_ISSUE_BODY" -f kaos-issue-actions=comment -f kaos-issue-tag="" -f kaos-issue-id=823[0m
yaml-lint-process	Run # Invocamos la primera comprobaci√≥n de base, sino se supera el proceso no continua	2025-01-24T08:57:36.4753223Z [36;1m    gh issue comment  823 -F core/results/yaml-lint-results-12946391961.txt[0m
yaml-lint-process	Run # Invocamos la primera comprobaci√≥n de base, sino se supera el proceso no continua	2025-01-24T08:57:36.4755907Z [36;1m    # una vez finalizado este proceso, en funcion del modulo donde esta ubicado el ficher que se ha comprobado ejecutara un jobs u otro [0m
yaml-lint-process	Run # Invocamos la primera comprobaci√≥n de base, sino se supera el proceso no continua	2025-01-24T08:57:36.4757865Z [36;1m  fi[0m
yaml-lint-process	Run # Invocamos la primera comprobaci√≥n de base, sino se supera el proceso no continua	2025-01-24T08:57:36.4769640Z shell: /usr/bin/bash -e {0}
yaml-lint-process	Run # Invocamos la primera comprobaci√≥n de base, sino se supera el proceso no continua	2025-01-24T08:57:36.4770501Z env:
yaml-lint-process	Run # Invocamos la primera comprobaci√≥n de base, sino se supera el proceso no continua	2025-01-24T08:57:36.4771304Z   KAOS_MODULE: [Ka0S] YAMLLINT
yaml-lint-process	Run # Invocamos la primera comprobaci√≥n de base, sino se supera el proceso no continua	2025-01-24T08:57:36.4772701Z   GH_TOKEN: ***
yaml-lint-process	Run # Invocamos la primera comprobaci√≥n de base, sino se supera el proceso no continua	2025-01-24T08:57:36.4773725Z   KAOS_YAMLLINT_CONFIG: ***
yaml-lint-process	Run # Invocamos la primera comprobaci√≥n de base, sino se supera el proceso no continua	2025-01-24T08:57:36.4774576Z   KAOS_PATH_RESUME: core/results/
yaml-lint-process	Run # Invocamos la primera comprobaci√≥n de base, sino se supera el proceso no continua	2025-01-24T08:57:36.4775916Z   KAOS_REPO: /actions-runner/_work/kaos/kaos
yaml-lint-process	Run # Invocamos la primera comprobaci√≥n de base, sino se supera el proceso no continua	2025-01-24T08:57:36.4777184Z   KAOS_STEP_MODULE: 
yaml-lint-process	Run # Invocamos la primera comprobaci√≥n de base, sino se supera el proceso no continua	2025-01-24T08:57:36.4777946Z   KAOS_CODE: 12946391961
yaml-lint-process	Run # Invocamos la primera comprobaci√≥n de base, sino se supera el proceso no continua	2025-01-24T08:57:36.4779015Z   pythonLocation: /actions-runner/_work/_tool/Python/3.13.1/x64
yaml-lint-process	Run # Invocamos la primera comprobaci√≥n de base, sino se supera el proceso no continua	2025-01-24T08:57:36.4781017Z   PKG_CONFIG_PATH: /actions-runner/_work/_tool/Python/3.13.1/x64/lib/pkgconfig
yaml-lint-process	Run # Invocamos la primera comprobaci√≥n de base, sino se supera el proceso no continua	2025-01-24T08:57:36.4782888Z   Python_ROOT_DIR: /actions-runner/_work/_tool/Python/3.13.1/x64
yaml-lint-process	Run # Invocamos la primera comprobaci√≥n de base, sino se supera el proceso no continua	2025-01-24T08:57:36.4784330Z   Python2_ROOT_DIR: /actions-runner/_work/_tool/Python/3.13.1/x64
yaml-lint-process	Run # Invocamos la primera comprobaci√≥n de base, sino se supera el proceso no continua	2025-01-24T08:57:36.4786179Z   Python3_ROOT_DIR: /actions-runner/_work/_tool/Python/3.13.1/x64
yaml-lint-process	Run # Invocamos la primera comprobaci√≥n de base, sino se supera el proceso no continua	2025-01-24T08:57:36.4787684Z   LD_LIBRARY_PATH: /actions-runner/_work/_tool/Python/3.13.1/x64/lib
yaml-lint-process	Run # Invocamos la primera comprobaci√≥n de base, sino se supera el proceso no continua	2025-01-24T08:57:36.4788899Z ##[endgroup]
yaml-lint-process	Run # Invocamos la primera comprobaci√≥n de base, sino se supera el proceso no continua	2025-01-24T08:57:38.4846799Z https://github.com/SantaKa0S/kaos/issues/823#issuecomment-2611998596
yaml-lint-process	Post Run actions/setup-python@v5	2025-01-24T08:57:38.4910454Z Post job cleanup.
yaml-lint-process	Post Run actions/checkout@v4	2025-01-24T08:57:38.6665017Z Post job cleanup.
yaml-lint-process	Post Run actions/checkout@v4	2025-01-24T08:57:38.7731315Z [command]/usr/bin/git version
yaml-lint-process	Post Run actions/checkout@v4	2025-01-24T08:57:38.7774449Z git version 2.25.1
yaml-lint-process	Post Run actions/checkout@v4	2025-01-24T08:57:38.7825116Z Temporarily overriding HOME='/actions-runner/_work/_temp/7a5a91d5-9bca-419a-a500-5051cd9d3627' before making global git config changes
yaml-lint-process	Post Run actions/checkout@v4	2025-01-24T08:57:38.7826232Z Adding repository directory to the temporary git global config as a safe directory
yaml-lint-process	Post Run actions/checkout@v4	2025-01-24T08:57:38.7838067Z [command]/usr/bin/git config --global --add safe.directory /actions-runner/_work/kaos/kaos
yaml-lint-process	Post Run actions/checkout@v4	2025-01-24T08:57:38.7874683Z [command]/usr/bin/git config --local --name-only --get-regexp core\.sshCommand
yaml-lint-process	Post Run actions/checkout@v4	2025-01-24T08:57:38.7928202Z [command]/usr/bin/git submodule foreach --recursive sh -c "git config --local --name-only --get-regexp 'core\.sshCommand' && git config --local --unset-all 'core.sshCommand' || :"
yaml-lint-process	Post Run actions/checkout@v4	2025-01-24T08:57:38.8289095Z [command]/usr/bin/git config --local --name-only --get-regexp http\.https\:\/\/github\.com\/\.extraheader
yaml-lint-process	Post Run actions/checkout@v4	2025-01-24T08:57:38.8319448Z http.https://github.com/.extraheader
yaml-lint-process	Post Run actions/checkout@v4	2025-01-24T08:57:38.8335063Z [command]/usr/bin/git config --local --unset-all http.https://github.com/.extraheader
yaml-lint-process	Post Run actions/checkout@v4	2025-01-24T08:57:38.8376237Z [command]/usr/bin/git submodule foreach --recursive sh -c "git config --local --name-only --get-regexp 'http\.https\:\/\/github\.com\/\.extraheader' && git config --local --unset-all 'http.https://github.com/.extraheader' || :"
yaml-lint-process	Complete job	2025-01-24T08:57:38.8848271Z Cleaning up orphan processes
end-workflow	Set up job	2025-01-24T08:57:49.4188861Z Current runner version: '2.321.0'
end-workflow	Set up job	2025-01-24T08:57:49.4196778Z Runner name: 'kaos-execution-3'
end-workflow	Set up job	2025-01-24T08:57:49.4197634Z Runner group name: 'kaos-execution'
end-workflow	Set up job	2025-01-24T08:57:49.4198563Z Machine name: 'fd5b6b14f657'
end-workflow	Set up job	2025-01-24T08:57:49.4201380Z ##[group]GITHUB_TOKEN Permissions
end-workflow	Set up job	2025-01-24T08:57:49.4204198Z Actions: write
end-workflow	Set up job	2025-01-24T08:57:49.4204749Z Contents: write
end-workflow	Set up job	2025-01-24T08:57:49.4205238Z Issues: write
end-workflow	Set up job	2025-01-24T08:57:49.4206353Z Metadata: read
end-workflow	Set up job	2025-01-24T08:57:49.4207004Z PullRequests: write
end-workflow	Set up job	2025-01-24T08:57:49.4207521Z ##[endgroup]
end-workflow	Set up job	2025-01-24T08:57:49.4209980Z Secret source: Actions
end-workflow	Set up job	2025-01-24T08:57:49.4210838Z Prepare workflow directory
end-workflow	Set up job	2025-01-24T08:57:49.4758728Z Prepare all required actions
end-workflow	Set up job	2025-01-24T08:57:49.4822539Z Complete job name: end-workflow
end-workflow	Finaliza el workflow	2025-01-24T08:57:49.5450720Z ##[group]Run echo "End process"
end-workflow	Finaliza el workflow	2025-01-24T08:57:49.5451558Z [36;1mecho "End process"[0m
end-workflow	Finaliza el workflow	2025-01-24T08:57:49.5453128Z [36;1mgh workflow run inspector.yaml --ref refs/heads/H823-ka0s-init-module-failed-in-12932778824 -f kaos-issue-id="823" -f kaos-workflow-id="12946391961" -f kaos-user-start="santakloud"[0m
end-workflow	Finaliza el workflow	2025-01-24T08:57:49.5476320Z shell: /usr/bin/bash -e {0}
end-workflow	Finaliza el workflow	2025-01-24T08:57:49.5477439Z env:
end-workflow	Finaliza el workflow	2025-01-24T08:57:49.5477936Z   KAOS_MODULE: [Ka0S] YAMLLINT
end-workflow	Finaliza el workflow	2025-01-24T08:57:49.5478964Z   GH_TOKEN: ***
end-workflow	Finaliza el workflow	2025-01-24T08:57:49.5479671Z   KAOS_YAMLLINT_CONFIG: ***
end-workflow	Finaliza el workflow	2025-01-24T08:57:49.5480386Z   KAOS_PATH_RESUME: core/results/
end-workflow	Finaliza el workflow	2025-01-24T08:57:49.5481170Z   KAOS_REPO: /actions-runner/_work/kaos/kaos
end-workflow	Finaliza el workflow	2025-01-24T08:57:49.5481838Z   KAOS_STEP_MODULE: 
end-workflow	Finaliza el workflow	2025-01-24T08:57:49.5482365Z   KAOS_CODE: 12946391961
end-workflow	Finaliza el workflow	2025-01-24T08:57:49.5482909Z ##[endgroup]
end-workflow	Finaliza el workflow	2025-01-24T08:57:49.5663959Z End process
end-workflow	Complete job	2025-01-24T08:57:50.3297940Z Cleaning up orphan processes
