yaml-lint-process	Set up job	2025-01-24T09:16:28.7766820Z Current runner version: '2.321.0'
yaml-lint-process	Set up job	2025-01-24T09:16:28.7776125Z Runner name: 'kaos-yamllint-1'
yaml-lint-process	Set up job	2025-01-24T09:16:28.7777201Z Runner group name: 'kaos-yamllint'
yaml-lint-process	Set up job	2025-01-24T09:16:28.7778534Z Machine name: 'dfff99a7683d'
yaml-lint-process	Set up job	2025-01-24T09:16:28.7782970Z ##[group]GITHUB_TOKEN Permissions
yaml-lint-process	Set up job	2025-01-24T09:16:28.7787448Z Actions: write
yaml-lint-process	Set up job	2025-01-24T09:16:28.7788100Z Contents: write
yaml-lint-process	Set up job	2025-01-24T09:16:28.7788625Z Issues: write
yaml-lint-process	Set up job	2025-01-24T09:16:28.7789135Z Metadata: read
yaml-lint-process	Set up job	2025-01-24T09:16:28.7789657Z PullRequests: write
yaml-lint-process	Set up job	2025-01-24T09:16:28.7790203Z ##[endgroup]
yaml-lint-process	Set up job	2025-01-24T09:16:28.7793407Z Secret source: Actions
yaml-lint-process	Set up job	2025-01-24T09:16:28.7794250Z Prepare workflow directory
yaml-lint-process	Set up job	2025-01-24T09:16:28.8498098Z Prepare all required actions
yaml-lint-process	Set up job	2025-01-24T09:16:28.8571405Z Getting action download info
yaml-lint-process	Set up job	2025-01-24T09:16:29.1869797Z Download action repository 'actions/checkout@v4' (SHA:11bd71901bbe5b1630ceea73d27597364c9af683)
yaml-lint-process	Set up job	2025-01-24T09:16:29.9410878Z Download action repository 'actions/setup-python@v5' (SHA:0b93645e9fea7318ecaed2b359559ac225c90a2b)
yaml-lint-process	Set up job	2025-01-24T09:16:30.8249305Z Complete job name: yaml-lint-process
yaml-lint-process	Run actions/checkout@v4	2025-01-24T09:16:30.8888134Z ##[group]Run actions/checkout@v4
yaml-lint-process	Run actions/checkout@v4	2025-01-24T09:16:30.8889935Z with:
yaml-lint-process	Run actions/checkout@v4	2025-01-24T09:16:30.8890624Z   fetch-depth: 0
yaml-lint-process	Run actions/checkout@v4	2025-01-24T09:16:30.8891969Z   token: ***
yaml-lint-process	Run actions/checkout@v4	2025-01-24T09:16:30.8892732Z   repository: SantaKa0S/kaos
yaml-lint-process	Run actions/checkout@v4	2025-01-24T09:16:30.8893718Z   ssh-strict: true
yaml-lint-process	Run actions/checkout@v4	2025-01-24T09:16:30.8894449Z   ssh-user: git
yaml-lint-process	Run actions/checkout@v4	2025-01-24T09:16:30.8895390Z   persist-credentials: true
yaml-lint-process	Run actions/checkout@v4	2025-01-24T09:16:30.8896993Z   clean: true
yaml-lint-process	Run actions/checkout@v4	2025-01-24T09:16:30.8898025Z   sparse-checkout-cone-mode: true
yaml-lint-process	Run actions/checkout@v4	2025-01-24T09:16:30.8899061Z   fetch-tags: false
yaml-lint-process	Run actions/checkout@v4	2025-01-24T09:16:30.8899812Z   show-progress: true
yaml-lint-process	Run actions/checkout@v4	2025-01-24T09:16:30.8900573Z   lfs: false
yaml-lint-process	Run actions/checkout@v4	2025-01-24T09:16:30.8901251Z   submodules: false
yaml-lint-process	Run actions/checkout@v4	2025-01-24T09:16:30.8902023Z   set-safe-directory: true
yaml-lint-process	Run actions/checkout@v4	2025-01-24T09:16:30.8903101Z env:
yaml-lint-process	Run actions/checkout@v4	2025-01-24T09:16:30.8903773Z   KAOS_MODULE: [Ka0S] YAMLLINT
yaml-lint-process	Run actions/checkout@v4	2025-01-24T09:16:30.8904892Z   GH_TOKEN: ***
yaml-lint-process	Run actions/checkout@v4	2025-01-24T09:16:30.8906389Z   KAOS_YAMLLINT_CONFIG: ***
yaml-lint-process	Run actions/checkout@v4	2025-01-24T09:16:30.8907292Z   KAOS_PATH_RESUME: core/results/
yaml-lint-process	Run actions/checkout@v4	2025-01-24T09:16:30.8908292Z   KAOS_REPO: /actions-runner/_work/kaos/kaos
yaml-lint-process	Run actions/checkout@v4	2025-01-24T09:16:30.8909337Z   KAOS_STEP_MODULE: 
yaml-lint-process	Run actions/checkout@v4	2025-01-24T09:16:30.8910079Z   KAOS_CODE: 12946679677
yaml-lint-process	Run actions/checkout@v4	2025-01-24T09:16:30.8910839Z ##[endgroup]
yaml-lint-process	Run actions/checkout@v4	2025-01-24T09:16:31.0216588Z Syncing repository: SantaKa0S/kaos
yaml-lint-process	Run actions/checkout@v4	2025-01-24T09:16:31.0219419Z ##[group]Getting Git version info
yaml-lint-process	Run actions/checkout@v4	2025-01-24T09:16:31.0220713Z Working directory is '/actions-runner/_work/kaos/kaos'
yaml-lint-process	Run actions/checkout@v4	2025-01-24T09:16:31.0222575Z [command]/usr/bin/git version
yaml-lint-process	Run actions/checkout@v4	2025-01-24T09:16:31.0223539Z git version 2.25.1
yaml-lint-process	Run actions/checkout@v4	2025-01-24T09:16:31.0235210Z ##[endgroup]
yaml-lint-process	Run actions/checkout@v4	2025-01-24T09:16:31.0251598Z Temporarily overriding HOME='/actions-runner/_work/_temp/7ce806b3-66cf-4078-9bb6-c53e97632a78' before making global git config changes
yaml-lint-process	Run actions/checkout@v4	2025-01-24T09:16:31.0254581Z Adding repository directory to the temporary git global config as a safe directory
yaml-lint-process	Run actions/checkout@v4	2025-01-24T09:16:31.0257588Z [command]/usr/bin/git config --global --add safe.directory /actions-runner/_work/kaos/kaos
yaml-lint-process	Run actions/checkout@v4	2025-01-24T09:16:31.0302053Z [command]/usr/bin/git config --local --get remote.origin.url
yaml-lint-process	Run actions/checkout@v4	2025-01-24T09:16:31.0337892Z https://github.com/SantaKa0S/kaos
yaml-lint-process	Run actions/checkout@v4	2025-01-24T09:16:31.0356994Z ##[group]Removing previously created refs, to avoid conflicts
yaml-lint-process	Run actions/checkout@v4	2025-01-24T09:16:31.0361924Z [command]/usr/bin/git rev-parse --symbolic-full-name --verify --quiet HEAD
yaml-lint-process	Run actions/checkout@v4	2025-01-24T09:16:31.0386559Z refs/heads/H823-ka0s-init-module-failed-in-12932778824
yaml-lint-process	Run actions/checkout@v4	2025-01-24T09:16:31.0396006Z [command]/usr/bin/git checkout --detach
yaml-lint-process	Run actions/checkout@v4	2025-01-24T09:16:31.0460428Z HEAD is now at a050e58 [Ka0S] se generan los ficheros commit-summary files-in-commit
yaml-lint-process	Run actions/checkout@v4	2025-01-24T09:16:31.0532520Z [command]/usr/bin/git branch --delete --force H823-ka0s-init-module-failed-in-12932778824
yaml-lint-process	Run actions/checkout@v4	2025-01-24T09:16:31.0567986Z Deleted branch H823-ka0s-init-module-failed-in-12932778824 (was a050e58).
yaml-lint-process	Run actions/checkout@v4	2025-01-24T09:16:31.0633361Z ##[endgroup]
yaml-lint-process	Run actions/checkout@v4	2025-01-24T09:16:31.0635176Z [command]/usr/bin/git submodule status
yaml-lint-process	Run actions/checkout@v4	2025-01-24T09:16:31.0951320Z ##[group]Cleaning the repository
yaml-lint-process	Run actions/checkout@v4	2025-01-24T09:16:31.0953055Z [command]/usr/bin/git clean -ffdx
yaml-lint-process	Run actions/checkout@v4	2025-01-24T09:16:31.0987688Z Removing core/results/yaml-lint-results-12946679376.txt
yaml-lint-process	Run actions/checkout@v4	2025-01-24T09:16:31.0996848Z [command]/usr/bin/git reset --hard HEAD
yaml-lint-process	Run actions/checkout@v4	2025-01-24T09:16:31.1059906Z HEAD is now at a050e58 [Ka0S] se generan los ficheros commit-summary files-in-commit
yaml-lint-process	Run actions/checkout@v4	2025-01-24T09:16:31.1065662Z ##[endgroup]
yaml-lint-process	Run actions/checkout@v4	2025-01-24T09:16:31.1067104Z ##[group]Disabling automatic garbage collection
yaml-lint-process	Run actions/checkout@v4	2025-01-24T09:16:31.1069472Z [command]/usr/bin/git config --local gc.auto 0
yaml-lint-process	Run actions/checkout@v4	2025-01-24T09:16:31.1103174Z ##[endgroup]
yaml-lint-process	Run actions/checkout@v4	2025-01-24T09:16:31.1104556Z ##[group]Setting up auth
yaml-lint-process	Run actions/checkout@v4	2025-01-24T09:16:31.1109340Z [command]/usr/bin/git config --local --name-only --get-regexp core\.sshCommand
yaml-lint-process	Run actions/checkout@v4	2025-01-24T09:16:31.1155438Z [command]/usr/bin/git submodule foreach --recursive sh -c "git config --local --name-only --get-regexp 'core\.sshCommand' && git config --local --unset-all 'core.sshCommand' || :"
yaml-lint-process	Run actions/checkout@v4	2025-01-24T09:16:31.1458182Z [command]/usr/bin/git config --local --name-only --get-regexp http\.https\:\/\/github\.com\/\.extraheader
yaml-lint-process	Run actions/checkout@v4	2025-01-24T09:16:31.1492878Z [command]/usr/bin/git submodule foreach --recursive sh -c "git config --local --name-only --get-regexp 'http\.https\:\/\/github\.com\/\.extraheader' && git config --local --unset-all 'http.https://github.com/.extraheader' || :"
yaml-lint-process	Run actions/checkout@v4	2025-01-24T09:16:31.1809511Z [command]/usr/bin/git config --local http.https://github.com/.extraheader AUTHORIZATION: basic ***
yaml-lint-process	Run actions/checkout@v4	2025-01-24T09:16:31.1850764Z ##[endgroup]
yaml-lint-process	Run actions/checkout@v4	2025-01-24T09:16:31.1852209Z ##[group]Fetching the repository
yaml-lint-process	Run actions/checkout@v4	2025-01-24T09:16:31.1859384Z [command]/usr/bin/git -c protocol.version=2 fetch --prune --no-recurse-submodules origin +refs/heads/*:refs/remotes/origin/* +refs/tags/*:refs/tags/*
yaml-lint-process	Run actions/checkout@v4	2025-01-24T09:16:31.7217618Z From https://github.com/SantaKa0S/kaos
yaml-lint-process	Run actions/checkout@v4	2025-01-24T09:16:31.7220805Z    a050e58..bb33608  H823-ka0s-init-module-failed-in-12932778824 -> origin/H823-ka0s-init-module-failed-in-12932778824
yaml-lint-process	Run actions/checkout@v4	2025-01-24T09:16:31.7414412Z [command]/usr/bin/git branch --list --remote origin/H823-ka0s-init-module-failed-in-12932778824
yaml-lint-process	Run actions/checkout@v4	2025-01-24T09:16:31.7416461Z   origin/H823-ka0s-init-module-failed-in-12932778824
yaml-lint-process	Run actions/checkout@v4	2025-01-24T09:16:31.7419503Z [command]/usr/bin/git rev-parse refs/remotes/origin/H823-ka0s-init-module-failed-in-12932778824
yaml-lint-process	Run actions/checkout@v4	2025-01-24T09:16:31.7435775Z bb33608affbd712824ffa8df8664408aa52d4eee
yaml-lint-process	Run actions/checkout@v4	2025-01-24T09:16:31.7440368Z [command]/usr/bin/git -c protocol.version=2 fetch --no-tags --prune --no-recurse-submodules origin +a050e58b7f01dfb65b5ba49349f8997310ee7a16:refs/remotes/origin/H823-ka0s-init-module-failed-in-12932778824
yaml-lint-process	Run actions/checkout@v4	2025-01-24T09:16:31.7732932Z From https://github.com/SantaKa0S/kaos
yaml-lint-process	Run actions/checkout@v4	2025-01-24T09:16:31.7736478Z  + bb33608...a050e58 a050e58b7f01dfb65b5ba49349f8997310ee7a16 -> origin/H823-ka0s-init-module-failed-in-12932778824  (forced update)
yaml-lint-process	Run actions/checkout@v4	2025-01-24T09:16:31.7762633Z ##[endgroup]
yaml-lint-process	Run actions/checkout@v4	2025-01-24T09:16:31.7764676Z ##[group]Determining the checkout info
yaml-lint-process	Run actions/checkout@v4	2025-01-24T09:16:31.7769792Z ##[endgroup]
yaml-lint-process	Run actions/checkout@v4	2025-01-24T09:16:31.7771059Z ##[group]Checking out the ref
yaml-lint-process	Run actions/checkout@v4	2025-01-24T09:16:31.7773754Z [command]/usr/bin/git checkout --progress --force -B H823-ka0s-init-module-failed-in-12932778824 refs/remotes/origin/H823-ka0s-init-module-failed-in-12932778824
yaml-lint-process	Run actions/checkout@v4	2025-01-24T09:16:31.7838288Z Switched to a new branch 'H823-ka0s-init-module-failed-in-12932778824'
yaml-lint-process	Run actions/checkout@v4	2025-01-24T09:16:31.7846812Z Branch 'H823-ka0s-init-module-failed-in-12932778824' set up to track remote branch 'H823-ka0s-init-module-failed-in-12932778824' from 'origin'.
yaml-lint-process	Run actions/checkout@v4	2025-01-24T09:16:31.7859201Z ##[endgroup]
yaml-lint-process	Run actions/checkout@v4	2025-01-24T09:16:31.7905011Z [command]/usr/bin/git log -1 --format=%H
yaml-lint-process	Run actions/checkout@v4	2025-01-24T09:16:31.7939603Z a050e58b7f01dfb65b5ba49349f8997310ee7a16
yaml-lint-process	Run actions/setup-python@v5	2025-01-24T09:16:31.8258633Z ##[group]Run actions/setup-python@v5
yaml-lint-process	Run actions/setup-python@v5	2025-01-24T09:16:31.8259715Z with:
yaml-lint-process	Run actions/setup-python@v5	2025-01-24T09:16:31.8260341Z   python-version: 3.x
yaml-lint-process	Run actions/setup-python@v5	2025-01-24T09:16:31.8261090Z   check-latest: false
yaml-lint-process	Run actions/setup-python@v5	2025-01-24T09:16:31.8262125Z   token: ***
yaml-lint-process	Run actions/setup-python@v5	2025-01-24T09:16:31.8262806Z   update-environment: true
yaml-lint-process	Run actions/setup-python@v5	2025-01-24T09:16:31.8263612Z   allow-prereleases: false
yaml-lint-process	Run actions/setup-python@v5	2025-01-24T09:16:31.8264380Z env:
yaml-lint-process	Run actions/setup-python@v5	2025-01-24T09:16:31.8264997Z   KAOS_MODULE: [Ka0S] YAMLLINT
yaml-lint-process	Run actions/setup-python@v5	2025-01-24T09:16:31.8266572Z   GH_TOKEN: ***
yaml-lint-process	Run actions/setup-python@v5	2025-01-24T09:16:31.8267520Z   KAOS_YAMLLINT_CONFIG: ***
yaml-lint-process	Run actions/setup-python@v5	2025-01-24T09:16:31.8268340Z   KAOS_PATH_RESUME: core/results/
yaml-lint-process	Run actions/setup-python@v5	2025-01-24T09:16:31.8269256Z   KAOS_REPO: /actions-runner/_work/kaos/kaos
yaml-lint-process	Run actions/setup-python@v5	2025-01-24T09:16:31.8270196Z   KAOS_STEP_MODULE: 
yaml-lint-process	Run actions/setup-python@v5	2025-01-24T09:16:31.8270910Z   KAOS_CODE: 12946679677
yaml-lint-process	Run actions/setup-python@v5	2025-01-24T09:16:31.8271636Z ##[endgroup]
yaml-lint-process	Run actions/setup-python@v5	2025-01-24T09:16:32.0419961Z ##[group]Installed versions
yaml-lint-process	Run actions/setup-python@v5	2025-01-24T09:16:32.0484269Z Successfully set up CPython (3.13.1)
yaml-lint-process	Run actions/setup-python@v5	2025-01-24T09:16:32.0496823Z ##[endgroup]
yaml-lint-process	Run python -m pip install yamllint	2025-01-24T09:16:32.0651909Z ##[group]Run python -m pip install yamllint
yaml-lint-process	Run python -m pip install yamllint	2025-01-24T09:16:32.0653171Z [36;1mpython -m pip install yamllint[0m
yaml-lint-process	Run python -m pip install yamllint	2025-01-24T09:16:32.0676165Z shell: /usr/bin/bash -e {0}
yaml-lint-process	Run python -m pip install yamllint	2025-01-24T09:16:32.0677061Z env:
yaml-lint-process	Run python -m pip install yamllint	2025-01-24T09:16:32.0677714Z   KAOS_MODULE: [Ka0S] YAMLLINT
yaml-lint-process	Run python -m pip install yamllint	2025-01-24T09:16:32.0678967Z   GH_TOKEN: ***
yaml-lint-process	Run python -m pip install yamllint	2025-01-24T09:16:32.0679951Z   KAOS_YAMLLINT_CONFIG: ***
yaml-lint-process	Run python -m pip install yamllint	2025-01-24T09:16:32.0680797Z   KAOS_PATH_RESUME: core/results/
yaml-lint-process	Run python -m pip install yamllint	2025-01-24T09:16:32.0681778Z   KAOS_REPO: /actions-runner/_work/kaos/kaos
yaml-lint-process	Run python -m pip install yamllint	2025-01-24T09:16:32.0682740Z   KAOS_STEP_MODULE: 
yaml-lint-process	Run python -m pip install yamllint	2025-01-24T09:16:32.0683473Z   KAOS_CODE: 12946679677
yaml-lint-process	Run python -m pip install yamllint	2025-01-24T09:16:32.0684521Z   pythonLocation: /actions-runner/_work/_tool/Python/3.13.1/x64
yaml-lint-process	Run python -m pip install yamllint	2025-01-24T09:16:32.0686511Z   PKG_CONFIG_PATH: /actions-runner/_work/_tool/Python/3.13.1/x64/lib/pkgconfig
yaml-lint-process	Run python -m pip install yamllint	2025-01-24T09:16:32.0688083Z   Python_ROOT_DIR: /actions-runner/_work/_tool/Python/3.13.1/x64
yaml-lint-process	Run python -m pip install yamllint	2025-01-24T09:16:32.0689528Z   Python2_ROOT_DIR: /actions-runner/_work/_tool/Python/3.13.1/x64
yaml-lint-process	Run python -m pip install yamllint	2025-01-24T09:16:32.0691273Z   Python3_ROOT_DIR: /actions-runner/_work/_tool/Python/3.13.1/x64
yaml-lint-process	Run python -m pip install yamllint	2025-01-24T09:16:32.0692855Z   LD_LIBRARY_PATH: /actions-runner/_work/_tool/Python/3.13.1/x64/lib
yaml-lint-process	Run python -m pip install yamllint	2025-01-24T09:16:32.0694029Z ##[endgroup]
yaml-lint-process	Run python -m pip install yamllint	2025-01-24T09:16:32.4422057Z Requirement already satisfied: yamllint in /actions-runner/_work/_tool/Python/3.13.1/x64/lib/python3.13/site-packages (1.35.1)
yaml-lint-process	Run python -m pip install yamllint	2025-01-24T09:16:32.4446971Z Requirement already satisfied: pathspec>=0.5.3 in /actions-runner/_work/_tool/Python/3.13.1/x64/lib/python3.13/site-packages (from yamllint) (0.12.1)
yaml-lint-process	Run python -m pip install yamllint	2025-01-24T09:16:32.4450330Z Requirement already satisfied: pyyaml in /actions-runner/_work/_tool/Python/3.13.1/x64/lib/python3.13/site-packages (from yamllint) (6.0.2)
yaml-lint-process	Run # Invocamos la primera comprobaci√≥n de base, sino se supera el proceso no continua	2025-01-24T09:16:32.5412277Z ##[group]Run # Invocamos la primera comprobaci√≥n de base, sino se supera el proceso no continua
yaml-lint-process	Run # Invocamos la primera comprobaci√≥n de base, sino se supera el proceso no continua	2025-01-24T09:16:32.5414354Z [36;1m# Invocamos la primera comprobaci√≥n de base, sino se supera el proceso no continua[0m
yaml-lint-process	Run # Invocamos la primera comprobaci√≥n de base, sino se supera el proceso no continua	2025-01-24T09:16:32.5416380Z [36;1m# Ejecutamos el comando[0m
yaml-lint-process	Run # Invocamos la primera comprobaci√≥n de base, sino se supera el proceso no continua	2025-01-24T09:16:32.5418932Z [36;1myamllint -c *** ".github/workflows/mdlint.yaml" > core/results/yaml-lint-results-12946679677.txt 2>&1 || true[0m
yaml-lint-process	Run # Invocamos la primera comprobaci√≥n de base, sino se supera el proceso no continua	2025-01-24T09:16:32.5420811Z [36;1m  # Check if exist errors in file[0m
yaml-lint-process	Run # Invocamos la primera comprobaci√≥n de base, sino se supera el proceso no continua	2025-01-24T09:16:32.5422135Z [36;1m  if [ ! -s core/results/yaml-lint-results-12946679677.txt ]; then[0m
yaml-lint-process	Run # Invocamos la primera comprobaci√≥n de base, sino se supera el proceso no continua	2025-01-24T09:16:32.5423775Z [36;1m    # Todo ha salido bien, a√±adimos el comentario a la issue y saltamos al siguiente paso[0m
yaml-lint-process	Run # Invocamos la primera comprobaci√≥n de base, sino se supera el proceso no continua	2025-01-24T09:16:32.5425915Z [36;1m    # A√±adimos la versi√≥n de yamllint con la que se realiza la comprobacion[0m
yaml-lint-process	Run # Invocamos la primera comprobaci√≥n de base, sino se supera el proceso no continua	2025-01-24T09:16:32.5427497Z [36;1m    yamllint --version >> core/results/yaml-lint-results-12946679677.txt[0m
yaml-lint-process	Run # Invocamos la primera comprobaci√≥n de base, sino se supera el proceso no continua	2025-01-24T09:16:32.5428938Z [36;1m    # a√±adimos el nombre del fichero que vamos a comprobar[0m
yaml-lint-process	Run # Invocamos la primera comprobaci√≥n de base, sino se supera el proceso no continua	2025-01-24T09:16:32.5430686Z [36;1m    echo "Finding: .github/workflows/mdlint.yaml" >> core/results/yaml-lint-results-12946679677.txt[0m
yaml-lint-process	Run # Invocamos la primera comprobaci√≥n de base, sino se supera el proceso no continua	2025-01-24T09:16:32.5434242Z [36;1m    KAOS_ISSUE_BODY="The [Ka0S] YAMLLINT process (12946675929) launch the check (12946679677) over file (.github/workflows/mdlint.yaml) and its result has been SUCCESS. Please review all files implicated in pull request and approve to merge"[0m
yaml-lint-process	Run # Invocamos la primera comprobaci√≥n de base, sino se supera el proceso no continua	2025-01-24T09:16:32.5439707Z [36;1m    gh workflow run issue.yaml --ref refs/heads/H823-ka0s-init-module-failed-in-12932778824 -f kaos-issue-title="" -f kaos-issue-body="$KAOS_ISSUE_BODY" -f kaos-issue-actions=comment -f kaos-issue-tag="" -f kaos-issue-id=823[0m
yaml-lint-process	Run # Invocamos la primera comprobaci√≥n de base, sino se supera el proceso no continua	2025-01-24T09:16:32.5443647Z [36;1m    gh issue comment  823 -F core/results/yaml-lint-results-12946679677.txt [0m
yaml-lint-process	Run # Invocamos la primera comprobaci√≥n de base, sino se supera el proceso no continua	2025-01-24T09:16:32.5446643Z [36;1m    # una vez finalizado este proceso, en funcion del modulo donde esta ubicado el fichero que se ha comprobado ejecutara un jobs u otro                [0m
yaml-lint-process	Run # Invocamos la primera comprobaci√≥n de base, sino se supera el proceso no continua	2025-01-24T09:16:32.5448668Z [36;1m  else[0m
yaml-lint-process	Run # Invocamos la primera comprobaci√≥n de base, sino se supera el proceso no continua	2025-01-24T09:16:32.5450331Z [36;1m    # Algo no ha salido bien, a√±adimos el comentario a la issue y saltamos al siguiente paso[0m
yaml-lint-process	Run # Invocamos la primera comprobaci√≥n de base, sino se supera el proceso no continua	2025-01-24T09:16:32.5452189Z [36;1m    # A√±adimos la versi√≥n de yamllint con la que se realiza la comprobacion[0m
yaml-lint-process	Run # Invocamos la primera comprobaci√≥n de base, sino se supera el proceso no continua	2025-01-24T09:16:32.5454185Z [36;1m    yamllint --version >> core/results/yaml-lint-results-12946679677.txt[0m
yaml-lint-process	Run # Invocamos la primera comprobaci√≥n de base, sino se supera el proceso no continua	2025-01-24T09:16:32.5456795Z [36;1m    # a√±adimos el nombre del fichero que vamos a comprobar[0m
yaml-lint-process	Run # Invocamos la primera comprobaci√≥n de base, sino se supera el proceso no continua	2025-01-24T09:16:32.5458890Z [36;1m    echo "Finding: .github/workflows/mdlint.yaml" >> core/results/yaml-lint-results-12946679677.txt[0m
yaml-lint-process	Run # Invocamos la primera comprobaci√≥n de base, sino se supera el proceso no continua	2025-01-24T09:16:32.5462127Z [36;1m    KAOS_ISSUE_BODY="The [Ka0S] YAMLLINT process (12946675929) launch the check (12946679677) over file (.github/workflows/mdlint.yaml) and its result has been FAILED, please check and solved it"[0m
yaml-lint-process	Run # Invocamos la primera comprobaci√≥n de base, sino se supera el proceso no continua	2025-01-24T09:16:32.5467057Z [36;1m    gh workflow run issue.yaml --ref refs/heads/H823-ka0s-init-module-failed-in-12932778824 -f kaos-issue-title="" -f kaos-issue-body="$KAOS_ISSUE_BODY" -f kaos-issue-actions=comment -f kaos-issue-tag="" -f kaos-issue-id=823[0m
yaml-lint-process	Run # Invocamos la primera comprobaci√≥n de base, sino se supera el proceso no continua	2025-01-24T09:16:32.5470279Z [36;1m    gh issue comment  823 -F core/results/yaml-lint-results-12946679677.txt[0m
yaml-lint-process	Run # Invocamos la primera comprobaci√≥n de base, sino se supera el proceso no continua	2025-01-24T09:16:32.5472493Z [36;1m    # una vez finalizado este proceso, en funcion del modulo donde esta ubicado el ficher que se ha comprobado ejecutara un jobs u otro [0m
yaml-lint-process	Run # Invocamos la primera comprobaci√≥n de base, sino se supera el proceso no continua	2025-01-24T09:16:32.5474584Z [36;1m  fi[0m
yaml-lint-process	Run # Invocamos la primera comprobaci√≥n de base, sino se supera el proceso no continua	2025-01-24T09:16:32.5483701Z shell: /usr/bin/bash -e {0}
yaml-lint-process	Run # Invocamos la primera comprobaci√≥n de base, sino se supera el proceso no continua	2025-01-24T09:16:32.5484466Z env:
yaml-lint-process	Run # Invocamos la primera comprobaci√≥n de base, sino se supera el proceso no continua	2025-01-24T09:16:32.5485090Z   KAOS_MODULE: [Ka0S] YAMLLINT
yaml-lint-process	Run # Invocamos la primera comprobaci√≥n de base, sino se supera el proceso no continua	2025-01-24T09:16:32.5486567Z   GH_TOKEN: ***
yaml-lint-process	Run # Invocamos la primera comprobaci√≥n de base, sino se supera el proceso no continua	2025-01-24T09:16:32.5487508Z   KAOS_YAMLLINT_CONFIG: ***
yaml-lint-process	Run # Invocamos la primera comprobaci√≥n de base, sino se supera el proceso no continua	2025-01-24T09:16:32.5488313Z   KAOS_PATH_RESUME: core/results/
yaml-lint-process	Run # Invocamos la primera comprobaci√≥n de base, sino se supera el proceso no continua	2025-01-24T09:16:32.5489205Z   KAOS_REPO: /actions-runner/_work/kaos/kaos
yaml-lint-process	Run # Invocamos la primera comprobaci√≥n de base, sino se supera el proceso no continua	2025-01-24T09:16:32.5490108Z   KAOS_STEP_MODULE: 
yaml-lint-process	Run # Invocamos la primera comprobaci√≥n de base, sino se supera el proceso no continua	2025-01-24T09:16:32.5490799Z   KAOS_CODE: 12946679677
yaml-lint-process	Run # Invocamos la primera comprobaci√≥n de base, sino se supera el proceso no continua	2025-01-24T09:16:32.5491790Z   pythonLocation: /actions-runner/_work/_tool/Python/3.13.1/x64
yaml-lint-process	Run # Invocamos la primera comprobaci√≥n de base, sino se supera el proceso no continua	2025-01-24T09:16:32.5493552Z   PKG_CONFIG_PATH: /actions-runner/_work/_tool/Python/3.13.1/x64/lib/pkgconfig
yaml-lint-process	Run # Invocamos la primera comprobaci√≥n de base, sino se supera el proceso no continua	2025-01-24T09:16:32.5495007Z   Python_ROOT_DIR: /actions-runner/_work/_tool/Python/3.13.1/x64
yaml-lint-process	Run # Invocamos la primera comprobaci√≥n de base, sino se supera el proceso no continua	2025-01-24T09:16:32.5497015Z   Python2_ROOT_DIR: /actions-runner/_work/_tool/Python/3.13.1/x64
yaml-lint-process	Run # Invocamos la primera comprobaci√≥n de base, sino se supera el proceso no continua	2025-01-24T09:16:32.5498366Z   Python3_ROOT_DIR: /actions-runner/_work/_tool/Python/3.13.1/x64
yaml-lint-process	Run # Invocamos la primera comprobaci√≥n de base, sino se supera el proceso no continua	2025-01-24T09:16:32.5499734Z   LD_LIBRARY_PATH: /actions-runner/_work/_tool/Python/3.13.1/x64/lib
yaml-lint-process	Run # Invocamos la primera comprobaci√≥n de base, sino se supera el proceso no continua	2025-01-24T09:16:32.5500845Z ##[endgroup]
yaml-lint-process	Run # Invocamos la primera comprobaci√≥n de base, sino se supera el proceso no continua	2025-01-24T09:16:34.2619253Z https://github.com/SantaKa0S/kaos/issues/823#issuecomment-2612036190
yaml-lint-process	Post Run actions/setup-python@v5	2025-01-24T09:16:34.2685671Z Post job cleanup.
yaml-lint-process	Post Run actions/checkout@v4	2025-01-24T09:16:34.4536712Z Post job cleanup.
yaml-lint-process	Post Run actions/checkout@v4	2025-01-24T09:16:34.5576342Z [command]/usr/bin/git version
yaml-lint-process	Post Run actions/checkout@v4	2025-01-24T09:16:34.5615487Z git version 2.25.1
yaml-lint-process	Post Run actions/checkout@v4	2025-01-24T09:16:34.5665764Z Temporarily overriding HOME='/actions-runner/_work/_temp/0d716b9d-8e5c-4db3-9db9-00e8c3f8a86e' before making global git config changes
yaml-lint-process	Post Run actions/checkout@v4	2025-01-24T09:16:34.5667895Z Adding repository directory to the temporary git global config as a safe directory
yaml-lint-process	Post Run actions/checkout@v4	2025-01-24T09:16:34.5671918Z [command]/usr/bin/git config --global --add safe.directory /actions-runner/_work/kaos/kaos
yaml-lint-process	Post Run actions/checkout@v4	2025-01-24T09:16:34.5713853Z [command]/usr/bin/git config --local --name-only --get-regexp core\.sshCommand
yaml-lint-process	Post Run actions/checkout@v4	2025-01-24T09:16:34.5765701Z [command]/usr/bin/git submodule foreach --recursive sh -c "git config --local --name-only --get-regexp 'core\.sshCommand' && git config --local --unset-all 'core.sshCommand' || :"
yaml-lint-process	Post Run actions/checkout@v4	2025-01-24T09:16:34.6102338Z [command]/usr/bin/git config --local --name-only --get-regexp http\.https\:\/\/github\.com\/\.extraheader
yaml-lint-process	Post Run actions/checkout@v4	2025-01-24T09:16:34.6130916Z http.https://github.com/.extraheader
yaml-lint-process	Post Run actions/checkout@v4	2025-01-24T09:16:34.6142824Z [command]/usr/bin/git config --local --unset-all http.https://github.com/.extraheader
yaml-lint-process	Post Run actions/checkout@v4	2025-01-24T09:16:34.6185772Z [command]/usr/bin/git submodule foreach --recursive sh -c "git config --local --name-only --get-regexp 'http\.https\:\/\/github\.com\/\.extraheader' && git config --local --unset-all 'http.https://github.com/.extraheader' || :"
yaml-lint-process	Complete job	2025-01-24T09:16:34.6654029Z Cleaning up orphan processes
end-workflow	Set up job	2025-01-24T09:17:43.6734047Z Current runner version: '2.321.0'
end-workflow	Set up job	2025-01-24T09:17:43.6742720Z Runner name: 'kaos-yamllint-1'
end-workflow	Set up job	2025-01-24T09:17:43.6743986Z Runner group name: 'kaos-yamllint'
end-workflow	Set up job	2025-01-24T09:17:43.6745024Z Machine name: 'dfff99a7683d'
end-workflow	Set up job	2025-01-24T09:17:43.6748201Z ##[group]GITHUB_TOKEN Permissions
end-workflow	Set up job	2025-01-24T09:17:43.6751452Z Actions: write
end-workflow	Set up job	2025-01-24T09:17:43.6752051Z Contents: write
end-workflow	Set up job	2025-01-24T09:17:43.6752563Z Issues: write
end-workflow	Set up job	2025-01-24T09:17:43.6753062Z Metadata: read
end-workflow	Set up job	2025-01-24T09:17:43.6753584Z PullRequests: write
end-workflow	Set up job	2025-01-24T09:17:43.6754113Z ##[endgroup]
end-workflow	Set up job	2025-01-24T09:17:43.6756847Z Secret source: Actions
end-workflow	Set up job	2025-01-24T09:17:43.6757635Z Prepare workflow directory
end-workflow	Set up job	2025-01-24T09:17:43.7513281Z Prepare all required actions
end-workflow	Set up job	2025-01-24T09:17:43.7578105Z Complete job name: end-workflow
end-workflow	Finaliza el workflow	2025-01-24T09:17:43.8255075Z ##[group]Run echo "End process"
end-workflow	Finaliza el workflow	2025-01-24T09:17:43.8256366Z [36;1mecho "End process"[0m
end-workflow	Finaliza el workflow	2025-01-24T09:17:43.8257956Z [36;1mgh workflow run inspector.yaml --ref refs/heads/H823-ka0s-init-module-failed-in-12932778824 -f kaos-issue-id="823" -f kaos-workflow-id="12946679677" -f kaos-user-start="santakloud"[0m
end-workflow	Finaliza el workflow	2025-01-24T09:17:43.8279281Z shell: /usr/bin/bash -e {0}
end-workflow	Finaliza el workflow	2025-01-24T09:17:43.8280339Z env:
end-workflow	Finaliza el workflow	2025-01-24T09:17:43.8280830Z   KAOS_MODULE: [Ka0S] YAMLLINT
end-workflow	Finaliza el workflow	2025-01-24T09:17:43.8281741Z   GH_TOKEN: ***
end-workflow	Finaliza el workflow	2025-01-24T09:17:43.8282540Z   KAOS_YAMLLINT_CONFIG: ***
end-workflow	Finaliza el workflow	2025-01-24T09:17:43.8283116Z   KAOS_PATH_RESUME: core/results/
end-workflow	Finaliza el workflow	2025-01-24T09:17:43.8283746Z   KAOS_REPO: /actions-runner/_work/kaos/kaos
end-workflow	Finaliza el workflow	2025-01-24T09:17:43.8284390Z   KAOS_STEP_MODULE: 
end-workflow	Finaliza el workflow	2025-01-24T09:17:43.8284889Z   KAOS_CODE: 12946679677
end-workflow	Finaliza el workflow	2025-01-24T09:17:43.8285641Z ##[endgroup]
end-workflow	Finaliza el workflow	2025-01-24T09:17:43.8491909Z End process
end-workflow	Complete job	2025-01-24T09:17:44.4767075Z Cleaning up orphan processes
